Component: ARM Compiler 5.06 update 5 (build 528) Tool: armlink [4d35e2]

==============================================================================

Section Cross References

    main.o(i.freq_timer_callback) refers to main.o(i.nrf_gpio_pin_toggle) for nrf_gpio_pin_toggle
    main.o(i.freq_timer_callback) refers to radio.o(i.radio_change_rx_channel) for radio_change_rx_channel
    main.o(i.freq_timer_callback) refers to main.o(.data) for channel_sw_cnt
    main.o(i.freq_timer_callback) refers to radio.o(.data) for radio_channel_1
    main.o(i.main) refers to main.o(i.clocks_start) for clocks_start
    main.o(i.main) refers to boards.o(i.bsp_board_leds_init) for bsp_board_leds_init
    main.o(i.main) refers to boards.o(i.bsp_board_leds_off) for bsp_board_leds_off
    main.o(i.main) refers to serial.o(i.Serial_Config) for Serial_Config
    main.o(i.main) refers to radio.o(i.radio_config) for radio_config
    main.o(i.main) refers to radio.o(i.radio_set_channel) for radio_set_channel
    main.o(i.main) refers to serial.o(i.Serial_Print) for Serial_Print
    main.o(i.main) refers to radio.o(i.radio_listen) for radio_listen
    main.o(i.main) refers to queue.o(i.xQueueGenericCreate) for xQueueGenericCreate
    main.o(i.main) refers to tasks.o(i.xTaskGenericCreate) for xTaskGenericCreate
    main.o(i.main) refers to timers.o(i.xTimerCreate) for xTimerCreate
    main.o(i.main) refers to tasks.o(i.xTaskGetTickCount) for xTaskGetTickCount
    main.o(i.main) refers to timers.o(i.xTimerGenericCommand) for xTimerGenericCommand
    main.o(i.main) refers to tasks.o(i.vTaskStartScheduler) for vTaskStartScheduler
    main.o(i.main) refers to radio.o(.data) for radio_channel_1
    main.o(i.main) refers to serial.o(.data) for xUARTSemaphore
    main.o(i.main) refers to main.o(.data) for task1_handle
    main.o(i.main) refers to main.o(i.task1_function) for task1_function
    main.o(i.main) refers to main.o(i.task2_function) for task2_function
    main.o(i.main) refers to main.o(i.freq_timer_callback) for freq_timer_callback
    main.o(i.task1_function) refers to radio.o(i.GatewayParseCmd) for GatewayParseCmd
    main.o(i.task1_function) refers to main.o(i.nrf_gpio_pin_set) for nrf_gpio_pin_set
    main.o(i.task1_function) refers to tasks.o(i.vTaskDelay) for vTaskDelay
    main.o(i.task1_function) refers to main.o(i.nrf_gpio_pin_clear) for nrf_gpio_pin_clear
    main.o(i.task1_function) refers to radio.o(i.radio_config) for radio_config
    main.o(i.task1_function) refers to radio.o(i.radio_listen) for radio_listen
    main.o(i.task1_function) refers to tasks.o(i.xTaskGetTickCount) for xTaskGetTickCount
    main.o(i.task1_function) refers to timers.o(i.xTimerGenericCommand) for xTimerGenericCommand
    main.o(i.task1_function) refers to queue.o(i.uxQueueMessagesWaiting) for uxQueueMessagesWaiting
    main.o(i.task1_function) refers to queue.o(i.xQueueGenericReceive) for xQueueGenericReceive
    main.o(i.task1_function) refers to serial.o(i.Serial_Print) for Serial_Print
    main.o(i.task1_function) refers to main.o(i.nrf_gpio_pin_toggle) for nrf_gpio_pin_toggle
    main.o(i.task1_function) refers to radio.o(i.GatewayParseData) for GatewayParseData
    main.o(i.task1_function) refers to radio.o(i.radio_send_ok) for radio_send_ok
    main.o(i.task1_function) refers to radio.o(.data) for tx_done_flag
    main.o(i.task1_function) refers to radio.o(.bss) for myMessageToRecieve
    main.o(i.task1_function) refers to main.o(.data) for freq_timer_handle
    main.o(i.task2_function) refers to boards.o(i.bsp_board_led_invert) for bsp_board_led_invert
    main.o(i.task2_function) refers to queue.o(i.xQueueGenericReceive) for xQueueGenericReceive
    main.o(i.task2_function) refers to serial.o(i.CheckCmd) for CheckCmd
    main.o(i.task2_function) refers to serial.o(i.FlushRx) for FlushRx
    main.o(i.task2_function) refers to serial.o(i.Serial_Print) for Serial_Print
    main.o(i.task2_function) refers to tasks.o(i.vTaskDelay) for vTaskDelay
    main.o(i.task2_function) refers to serial.o(.data) for xUARTSemaphore
    main.o(i.task3_function) refers to boards.o(i.bsp_board_led_invert) for bsp_board_led_invert
    main.o(i.task3_function) refers to tasks.o(i.vTaskDelay) for vTaskDelay
    boards.o(i.bsp_board_led_idx_to_pin) refers to boards.o(.constdata) for m_board_led_list
    boards.o(i.bsp_board_led_invert) refers to boards.o(.constdata) for m_board_led_list
    boards.o(i.bsp_board_led_off) refers to boards.o(i.nrf_gpio_pin_write) for nrf_gpio_pin_write
    boards.o(i.bsp_board_led_off) refers to boards.o(.constdata) for m_board_led_list
    boards.o(i.bsp_board_led_on) refers to boards.o(i.nrf_gpio_pin_write) for nrf_gpio_pin_write
    boards.o(i.bsp_board_led_on) refers to boards.o(.constdata) for m_board_led_list
    boards.o(i.bsp_board_led_state_get) refers to boards.o(.constdata) for m_board_led_list
    boards.o(i.bsp_board_leds_init) refers to boards.o(i.bsp_board_leds_off) for bsp_board_leds_off
[...]
    __lit__00000000                          0x000000d0   Data           4  entry2.o(.ARM.Collect$$$$00002712)
    .emb_text                                0x000000d4   Section      108  port.o(.emb_text)
    .text                                    0x00000140   Section       56  arm_startup_nrf51.o(.text)
    .text                                    0x00000178   Section        0  memcpya.o(.text)
    .text                                    0x0000019c   Section        0  memseta.o(.text)
    .text                                    0x000001c0   Section        0  strstr.o(.text)
    .text                                    0x000001e8   Section        0  strlen.o(.text)
    .text                                    0x000001f6   Section        0  uldiv.o(.text)
    .text                                    0x00000258   Section       36  init.o(.text)
    .text                                    0x0000027c   Section        0  llshl.o(.text)
    .text                                    0x0000029c   Section        0  llushr.o(.text)
    i.CheckCmd                               0x000002c0   Section        0  serial.o(i.CheckCmd)
    i.FlushRx                                0x000002e0   Section        0  serial.o(i.FlushRx)
    i.GPIOTE_IRQHandler                      0x00000304   Section        0  nrf_drv_gpiote.o(i.GPIOTE_IRQHandler)
    i.GatewayParseCmd                        0x0000057c   Section        0  radio.o(i.GatewayParseCmd)
    i.GatewayParseData                       0x00000634   Section        0  radio.o(i.GatewayParseData)
    i.NVIC_ClearPendingIRQ                   0x00000798   Section        0  nrf_esb.o(i.NVIC_ClearPendingIRQ)
    NVIC_ClearPendingIRQ                     0x00000799   Thumb Code    14  nrf_esb.o(i.NVIC_ClearPendingIRQ)
    i.NVIC_DisableIRQ                        0x000007ac   Section        0  nrf_esb.o(i.NVIC_DisableIRQ)
    NVIC_DisableIRQ                          0x000007ad   Thumb Code    14  nrf_esb.o(i.NVIC_DisableIRQ)
    i.NVIC_EnableIRQ                         0x000007c0   Section        0  nrf_esb.o(i.NVIC_EnableIRQ)
    NVIC_EnableIRQ                           0x000007c1   Thumb Code    14  nrf_esb.o(i.NVIC_EnableIRQ)
    i.NVIC_SetPendingIRQ                     0x000007d4   Section        0  nrf_esb.o(i.NVIC_SetPendingIRQ)
    NVIC_SetPendingIRQ                       0x000007d5   Thumb Code    14  nrf_esb.o(i.NVIC_SetPendingIRQ)
    i.NVIC_SetPriority                       0x000007e8   Section        0  port_cmsis.o(i.NVIC_SetPriority)
    NVIC_SetPriority                         0x000007e9   Thumb Code   110  port_cmsis.o(i.NVIC_SetPriority)
    i.NVIC_SetPriority                       0x00000860   Section        0  port_cmsis_systick.o(i.NVIC_SetPriority)
    NVIC_SetPriority                         0x00000861   Thumb Code   110  port_cmsis_systick.o(i.NVIC_SetPriority)
    i.NVIC_SetPriority                       0x000008d8   Section        0  nrf_esb.o(i.NVIC_SetPriority)
    NVIC_SetPriority                         0x000008d9   Thumb Code   110  nrf_esb.o(i.NVIC_SetPriority)
    i.NVIC_SetPriority                       0x00000950   Section        0  serial.o(i.NVIC_SetPriority)
    NVIC_SetPriority                         0x00000951   Thumb Code   110  serial.o(i.NVIC_SetPriority)
    i.POWER_CLOCK_IRQHandler                 0x000009c8   Section        0  nrf_drv_clock.o(i.POWER_CLOCK_IRQHandler)
    i.RADIO_IRQHandler                       0x00000a1c   Section        0  nrf_esb.o(i.RADIO_IRQHandler)
    i.RTC1_IRQHandler                        0x00000a9c   Section        0  port_cmsis_systick.o(i.RTC1_IRQHandler)
    i.SWI0_IRQHandler                        0x00000b00   Section        0  nrf_esb.o(i.SWI0_IRQHandler)
    i.Serial_Config                          0x00000b70   Section        0  serial.o(i.Serial_Config)
    i.Serial_Print                           0x00000cc8   Section        0  serial.o(i.Serial_Print)
    i.Serial_Send                            0x00000ce4   Section        0  serial.o(i.Serial_Send)
    i.SystemInit                             0x00000d14   Section        0  system_nrf51.o(i.SystemInit)
    i.UART0_IRQHandler                       0x00000d78   Section        0  serial.o(i.UART0_IRQHandler)
    i.__0sprintf$8                           0x00000e20   Section        0  printf8.o(i.__0sprintf$8)
    i.__ARM_common_switch8                   0x00000e48   Section        0  bsp.o(i.__ARM_common_switch8)
    i.__scatterload_copy                     0x00000e64   Section       14  handlers.o(i.__scatterload_copy)
    i.__scatterload_null                     0x00000e72   Section        2  handlers.o(i.__scatterload_null)
    i.__scatterload_zeroinit                 0x00000e74   Section       14  handlers.o(i.__scatterload_zeroinit)
    i._printf_core                           0x00000e84   Section        0  printf8.o(i._printf_core)
    _printf_core                             0x00000e85   Thumb Code  1020  printf8.o(i._printf_core)
    i._printf_post_padding                   0x000012ac   Section        0  printf8.o(i._printf_post_padding)
    _printf_post_padding                     0x000012ad   Thumb Code    32  printf8.o(i._printf_post_padding)
    i._printf_pre_padding                    0x000012cc   Section        0  printf8.o(i._printf_pre_padding)
    _printf_pre_padding                      0x000012cd   Thumb Code    44  printf8.o(i._printf_pre_padding)
    i._sputc                                 0x000012f8   Section        0  printf8.o(i._sputc)
    _sputc                                   0x000012f9   Thumb Code    10  printf8.o(i._sputc)
    i.addr_conv                              0x00001302   Section        0  nrf_esb.o(i.addr_conv)
    addr_conv                                0x00001303   Thumb Code    14  nrf_esb.o(i.addr_conv)
    i.app_util_critical_region_enter         0x00001310   Section        0  app_util_platform.o(i.app_util_critical_region_enter)
    i.app_util_critical_region_exit          0x0000131a   Section        0  app_util_platform.o(i.app_util_critical_region_exit)
    i.app_util_disable_irq                   0x00001324   Section        0  app_util_platform.o(i.app_util_disable_irq)
    i.app_util_enable_irq                    0x00001338   Section        0  app_util_platform.o(i.app_util_enable_irq)
    i.bsp_board_led_invert                   0x00001354   Section        0  boards.o(i.bsp_board_led_invert)
    i.bsp_board_led_off                      0x00001390   Section        0  boards.o(i.bsp_board_led_off)
    i.bsp_board_leds_init                    0x000013a4   Section        0  boards.o(i.bsp_board_leds_init)
    i.bsp_board_leds_off                     0x00001400   Section        0  boards.o(i.bsp_board_leds_off)
    i.bytewise_bit_swap                      0x00001414   Section        0  nrf_esb.o(i.bytewise_bit_swap)
    bytewise_bit_swap                        0x00001415   Thumb Code    60  nrf_esb.o(i.bytewise_bit_swap)
    i.channel_handler_get                    0x0000145c   Section        0  nrf_drv_gpiote.o(i.channel_handler_get)
    channel_handler_get                      0x0000145d   Thumb Code    10  nrf_drv_gpiote.o(i.channel_handler_get)
    i.channel_port_get                       0x0000146c   Section        0  nrf_drv_gpiote.o(i.channel_port_get)
    channel_port_get                         0x0000146d   Thumb Code     8  nrf_drv_gpiote.o(i.channel_port_get)
    i.clear_events_restart_rx                0x00001478   Section        0  nrf_esb.o(i.clear_events_restart_rx)
    clear_events_restart_rx                  0x00001479   Thumb Code    70  nrf_esb.o(i.clear_events_restart_rx)
    i.clock_clk_started_notify               0x000014dc   Section        0  nrf_drv_clock.o(i.clock_clk_started_notify)
    clock_clk_started_notify                 0x000014dd   Thumb Code    46  nrf_drv_clock.o(i.clock_clk_started_notify)
    i.clocks_start                           0x00001510   Section        0  main.o(i.clocks_start)
    i.eTaskConfirmSleepModeStatus            0x0000152c   Section        0  tasks.o(i.eTaskConfirmSleepModeStatus)
    i.freq_timer_callback                    0x00001550   Section        0  main.o(i.freq_timer_callback)
    freq_timer_callback                      0x00001551   Thumb Code   104  main.o(i.freq_timer_callback)
    i.initialize_fifos                       0x000015cc   Section        0  nrf_esb.o(i.initialize_fifos)
    initialize_fifos                         0x000015cd   Thumb Code    56  nrf_esb.o(i.initialize_fifos)
    i.is_disabled_in_debug_needed            0x00001614   Section        0  system_nrf51.o(i.is_disabled_in_debug_needed)
    is_disabled_in_debug_needed              0x00001615   Thumb Code    52  system_nrf51.o(i.is_disabled_in_debug_needed)
    i.is_manual_peripheral_setup_needed      0x0000164c   Section        0  system_nrf51.o(i.is_manual_peripheral_setup_needed)
    is_manual_peripheral_setup_needed        0x0000164d   Thumb Code   104  system_nrf51.o(i.is_manual_peripheral_setup_needed)
    i.is_peripheral_domain_setup_needed      0x000016b8   Section        0  system_nrf51.o(i.is_peripheral_domain_setup_needed)
    is_peripheral_domain_setup_needed        0x000016b9   Thumb Code    78  system_nrf51.o(i.is_peripheral_domain_setup_needed)
    i.item_dequeue                           0x0000170c   Section        0  nrf_drv_clock.o(i.item_dequeue)
    item_dequeue                             0x0000170d   Thumb Code    14  nrf_drv_clock.o(i.item_dequeue)
    i.item_enqueue                           0x0000171a   Section        0  nrf_drv_clock.o(i.item_enqueue)
    item_enqueue                             0x0000171b   Thumb Code    36  nrf_drv_clock.o(i.item_enqueue)
    i.lfclk_start                            0x0000173e   Section        0  nrf_drv_clock.o(i.lfclk_start)
    lfclk_start                              0x0000173f   Thumb Code    24  nrf_drv_clock.o(i.lfclk_start)
    i.main                                   0x00001758   Section        0  main.o(i.main)
    i.nrf_bitmask_bit_is_set                 0x000018fc   Section        0  nrf_drv_gpiote.o(i.nrf_bitmask_bit_is_set)
    nrf_bitmask_bit_is_set                   0x000018fd   Thumb Code    22  nrf_drv_gpiote.o(i.nrf_bitmask_bit_is_set)
    i.nrf_clock_event_check                  0x00001912   Section        0  nrf_drv_clock.o(i.nrf_clock_event_check)
    nrf_clock_event_check                    0x00001913   Thumb Code    22  nrf_drv_clock.o(i.nrf_clock_event_check)
    i.nrf_clock_event_clear                  0x00001928   Section        0  nrf_drv_clock.o(i.nrf_clock_event_clear)
    nrf_clock_event_clear                    0x00001929   Thumb Code    12  nrf_drv_clock.o(i.nrf_clock_event_clear)
    i.nrf_clock_int_disable                  0x00001934   Section        0  nrf_drv_clock.o(i.nrf_clock_int_disable)
    nrf_clock_int_disable                    0x00001935   Thumb Code     6  nrf_drv_clock.o(i.nrf_clock_int_disable)
    i.nrf_clock_int_enable                   0x00001940   Section        0  nrf_drv_clock.o(i.nrf_clock_int_enable)
    nrf_clock_int_enable                     0x00001941   Thumb Code     6  nrf_drv_clock.o(i.nrf_clock_int_enable)
    i.nrf_clock_task_trigger                 0x0000194c   Section        0  nrf_drv_clock.o(i.nrf_clock_task_trigger)
    nrf_clock_task_trigger                   0x0000194d   Thumb Code    10  nrf_drv_clock.o(i.nrf_clock_task_trigger)
    i.nrf_drv_clock_lfclk_request            0x00001958   Section        0  nrf_drv_clock.o(i.nrf_drv_clock_lfclk_request)
    i.nrf_esb_disable                        0x000019bc   Section        0  nrf_esb.o(i.nrf_esb_disable)
    i.nrf_esb_event_handler                  0x00001a04   Section        0  radio.o(i.nrf_esb_event_handler)
    i.nrf_esb_get_clear_interrupts           0x00001b54   Section        0  nrf_esb.o(i.nrf_esb_get_clear_interrupts)
    nrf_esb_get_clear_interrupts             0x00001b55   Thumb Code    60  nrf_esb.o(i.nrf_esb_get_clear_interrupts)
    i.nrf_esb_init                           0x00001b98   Section        0  nrf_esb.o(i.nrf_esb_init)
    i.nrf_esb_is_idle                        0x00001c44   Section        0  nrf_esb.o(i.nrf_esb_is_idle)
    i.nrf_esb_read_rx_payload                0x00001c58   Section        0  nrf_esb.o(i.nrf_esb_read_rx_payload)
    i.nrf_esb_set_base_address_0             0x00001d00   Section        0  nrf_esb.o(i.nrf_esb_set_base_address_0)
    i.nrf_esb_set_base_address_1             0x00001d3c   Section        0  nrf_esb.o(i.nrf_esb_set_base_address_1)
    i.nrf_esb_set_prefixes                   0x00001d78   Section        0  nrf_esb.o(i.nrf_esb_set_prefixes)
    i.nrf_esb_set_rf_channel                 0x00001dd8   Section        0  nrf_esb.o(i.nrf_esb_set_rf_channel)
    i.nrf_esb_start_rx                       0x00001e08   Section        0  nrf_esb.o(i.nrf_esb_start_rx)
    i.nrf_esb_stop_rx                        0x00001e9c   Section        0  nrf_esb.o(i.nrf_esb_stop_rx)
    i.nrf_esb_write_payload                  0x00001ef0   Section        0  nrf_esb.o(i.nrf_esb_write_payload)
    i.nrf_gpio_cfg_sense_set                 0x00001ffc   Section        0  nrf_drv_gpiote.o(i.nrf_gpio_cfg_sense_set)
    nrf_gpio_cfg_sense_set                   0x00001ffd   Thumb Code    64  nrf_drv_gpiote.o(i.nrf_gpio_cfg_sense_set)
    i.nrf_gpio_pin_clear                     0x0000203c   Section        0  main.o(i.nrf_gpio_pin_clear)
    nrf_gpio_pin_clear                       0x0000203d   Thumb Code    24  main.o(i.nrf_gpio_pin_clear)
    i.nrf_gpio_pin_set                       0x00002054   Section        0  main.o(i.nrf_gpio_pin_set)
    nrf_gpio_pin_set                         0x00002055   Thumb Code    24  main.o(i.nrf_gpio_pin_set)
    i.nrf_gpio_pin_toggle                    0x0000206c   Section        0  main.o(i.nrf_gpio_pin_toggle)
    nrf_gpio_pin_toggle                      0x0000206d   Thumb Code    46  main.o(i.nrf_gpio_pin_toggle)
    i.nrf_gpio_pin_write                     0x0000209a   Section        0  boards.o(i.nrf_gpio_pin_write)
    nrf_gpio_pin_write                       0x0000209b   Thumb Code    64  boards.o(i.nrf_gpio_pin_write)
    i.nrf_gpio_ports_read                    0x000020dc   Section        0  nrf_drv_gpiote.o(i.nrf_gpio_ports_read)
    nrf_gpio_ports_read                      0x000020dd   Thumb Code    42  nrf_drv_gpiote.o(i.nrf_gpio_ports_read)
    i.nrf_gpiote_event_addr_get              0x0000210c   Section        0  nrf_drv_gpiote.o(i.nrf_gpiote_event_addr_get)
    nrf_gpiote_event_addr_get                0x0000210d   Thumb Code     8  nrf_drv_gpiote.o(i.nrf_gpiote_event_addr_get)
    i.nrf_gpiote_event_clear                 0x00002118   Section        0  nrf_drv_gpiote.o(i.nrf_gpiote_event_clear)
    nrf_gpiote_event_clear                   0x00002119   Thumb Code    16  nrf_drv_gpiote.o(i.nrf_gpiote_event_clear)
    i.nrf_gpiote_event_is_set                0x00002128   Section        0  nrf_drv_gpiote.o(i.nrf_gpiote_event_is_set)
    nrf_gpiote_event_is_set                  0x00002129   Thumb Code    22  nrf_drv_gpiote.o(i.nrf_gpiote_event_is_set)
    i.nrf_rtc_event_clear                    0x0000213e   Section        0  port_cmsis_systick.o(i.nrf_rtc_event_clear)
    nrf_rtc_event_clear                      0x0000213f   Thumb Code     6  port_cmsis_systick.o(i.nrf_rtc_event_clear)
    i.nrf_rtc_int_disable                    0x00002144   Section        0  port_cmsis_systick.o(i.nrf_rtc_int_disable)
    nrf_rtc_int_disable                      0x00002145   Thumb Code    10  port_cmsis_systick.o(i.nrf_rtc_int_disable)
    i.nrf_rtc_int_enable                     0x0000214e   Section        0  port_cmsis_systick.o(i.nrf_rtc_int_enable)
    nrf_rtc_int_enable                       0x0000214f   Thumb Code    10  port_cmsis_systick.o(i.nrf_rtc_int_enable)
    i.nrf_rtc_task_trigger                   0x00002158   Section        0  port_cmsis_systick.o(i.nrf_rtc_task_trigger)
    nrf_rtc_task_trigger                     0x00002159   Thumb Code     6  port_cmsis_systick.o(i.nrf_rtc_task_trigger)
    i.on_radio_disabled_rx                   0x00002160   Section        0  nrf_esb.o(i.on_radio_disabled_rx)
    on_radio_disabled_rx                     0x00002161   Thumb Code   394  nrf_esb.o(i.on_radio_disabled_rx)
    i.on_radio_disabled_rx_ack               0x00002328   Section        0  nrf_esb.o(i.on_radio_disabled_rx_ack)
    on_radio_disabled_rx_ack                 0x00002329   Thumb Code    40  nrf_esb.o(i.on_radio_disabled_rx_ack)
    i.on_radio_disabled_tx                   0x00002370   Section        0  nrf_esb.o(i.on_radio_disabled_tx)
    on_radio_disabled_tx                     0x00002371   Thumb Code   104  nrf_esb.o(i.on_radio_disabled_tx)
    i.on_radio_disabled_tx_noack             0x00002410   Section        0  nrf_esb.o(i.on_radio_disabled_tx_noack)
    on_radio_disabled_tx_noack               0x00002411   Thumb Code    50  nrf_esb.o(i.on_radio_disabled_tx_noack)
    i.on_radio_disabled_tx_wait_for_ack      0x00002450   Section        0  nrf_esb.o(i.on_radio_disabled_tx_wait_for_ack)
    on_radio_disabled_tx_wait_for_ack        0x00002451   Thumb Code   284  nrf_esb.o(i.on_radio_disabled_tx_wait_for_ack)
    i.ppi_init                               0x000025bc   Section        0  nrf_esb.o(i.ppi_init)
    ppi_init                                 0x000025bd   Thumb Code    78  nrf_esb.o(i.ppi_init)
    i.prvAddCurrentTaskToDelayedList         0x00002620   Section        0  tasks.o(i.prvAddCurrentTaskToDelayedList)
    prvAddCurrentTaskToDelayedList           0x00002621   Thumb Code    62  tasks.o(i.prvAddCurrentTaskToDelayedList)
    i.prvAllocateTCBAndStack                 0x00002674   Section        0  tasks.o(i.prvAllocateTCBAndStack)
    prvAllocateTCBAndStack                   0x00002675   Thumb Code    70  tasks.o(i.prvAllocateTCBAndStack)
    i.prvCheckForValidListAndQueue           0x000026bc   Section        0  timers.o(i.prvCheckForValidListAndQueue)
    prvCheckForValidListAndQueue             0x000026bd   Thumb Code    76  timers.o(i.prvCheckForValidListAndQueue)
    i.prvCheckTasksWaitingTermination        0x00002724   Section        0  tasks.o(i.prvCheckTasksWaitingTermination)
    prvCheckTasksWaitingTermination          0x00002725   Thumb Code    90  tasks.o(i.prvCheckTasksWaitingTermination)
    i.prvCopyDataFromQueue                   0x0000278c   Section        0  queue.o(i.prvCopyDataFromQueue)
    prvCopyDataFromQueue                     0x0000278d   Thumb Code    44  queue.o(i.prvCopyDataFromQueue)
    i.prvCopyDataToQueue                     0x000027b8   Section        0  queue.o(i.prvCopyDataToQueue)
    prvCopyDataToQueue                       0x000027b9   Thumb Code   132  queue.o(i.prvCopyDataToQueue)
    i.prvDeleteTCB                           0x0000283c   Section        0  tasks.o(i.prvDeleteTCB)
    prvDeleteTCB                             0x0000283d   Thumb Code    18  tasks.o(i.prvDeleteTCB)
    i.prvGetExpectedIdleTime                 0x00002850   Section        0  tasks.o(i.prvGetExpectedIdleTime)
    prvGetExpectedIdleTime                   0x00002851   Thumb Code    38  tasks.o(i.prvGetExpectedIdleTime)
    i.prvGetNextExpireTime                   0x00002888   Section        0  timers.o(i.prvGetNextExpireTime)
    prvGetNextExpireTime                     0x00002889   Thumb Code    40  timers.o(i.prvGetNextExpireTime)
    i.prvIdleTask                            0x000028b4   Section        0  tasks.o(i.prvIdleTask)
    prvIdleTask                              0x000028b5   Thumb Code    54  tasks.o(i.prvIdleTask)
    i.prvInitialiseTCBVariables              0x000028f0   Section        0  tasks.o(i.prvInitialiseTCBVariables)
    prvInitialiseTCBVariables                0x000028f1   Thumb Code    92  tasks.o(i.prvInitialiseTCBVariables)
    i.prvInitialiseTaskLists                 0x0000294c   Section        0  tasks.o(i.prvInitialiseTaskLists)
    prvInitialiseTaskLists                   0x0000294d   Thumb Code    68  tasks.o(i.prvInitialiseTaskLists)
    i.prvInsertTimerInActiveList             0x000029b0   Section        0  timers.o(i.prvInsertTimerInActiveList)
    prvInsertTimerInActiveList               0x000029b1   Thumb Code    76  timers.o(i.prvInsertTimerInActiveList)
    i.prvIsQueueEmpty                        0x00002a04   Section        0  queue.o(i.prvIsQueueEmpty)
    prvIsQueueEmpty                          0x00002a05   Thumb Code    28  queue.o(i.prvIsQueueEmpty)
    i.prvIsQueueFull                         0x00002a20   Section        0  queue.o(i.prvIsQueueFull)
    prvIsQueueFull                           0x00002a21   Thumb Code    30  queue.o(i.prvIsQueueFull)
    i.prvProcessExpiredTimer                 0x00002a40   Section        0  timers.o(i.prvProcessExpiredTimer)
    prvProcessExpiredTimer                   0x00002a41   Thumb Code    72  timers.o(i.prvProcessExpiredTimer)
    i.prvProcessReceivedCommands             0x00002a8c   Section        0  timers.o(i.prvProcessReceivedCommands)
    prvProcessReceivedCommands               0x00002a8d   Thumb Code   208  timers.o(i.prvProcessReceivedCommands)
    i.prvProcessTimerOrBlockTask             0x00002b60   Section        0  timers.o(i.prvProcessTimerOrBlockTask)
    prvProcessTimerOrBlockTask               0x00002b61   Thumb Code    76  timers.o(i.prvProcessTimerOrBlockTask)
    i.prvResetNextTaskUnblockTime            0x00002bb0   Section        0  tasks.o(i.prvResetNextTaskUnblockTime)
    prvResetNextTaskUnblockTime              0x00002bb1   Thumb Code    46  tasks.o(i.prvResetNextTaskUnblockTime)
    i.prvSampleTimeNow                       0x00002be8   Section        0  timers.o(i.prvSampleTimeNow)
    prvSampleTimeNow                         0x00002be9   Thumb Code    40  timers.o(i.prvSampleTimeNow)
    i.prvSwitchTimerLists                    0x00002c14   Section        0  timers.o(i.prvSwitchTimerLists)
    prvSwitchTimerLists                      0x00002c15   Thumb Code   120  timers.o(i.prvSwitchTimerLists)
    i.prvTaskExitError                       0x00002c94   Section        0  port_cmsis.o(i.prvTaskExitError)
    prvTaskExitError                         0x00002c95   Thumb Code    10  port_cmsis.o(i.prvTaskExitError)
    i.prvTimerTask                           0x00002c9e   Section        0  timers.o(i.prvTimerTask)
    prvTimerTask                             0x00002c9f   Thumb Code    26  timers.o(i.prvTimerTask)
    i.prvUnlockQueue                         0x00002cb8   Section        0  queue.o(i.prvUnlockQueue)
    prvUnlockQueue                           0x00002cb9   Thumb Code   138  queue.o(i.prvUnlockQueue)
    i.pvPortMalloc                           0x00002d44   Section        0  heap_1.o(i.pvPortMalloc)
    i.pvTaskIncrementMutexHeldCount          0x00002db8   Section        0  tasks.o(i.pvTaskIncrementMutexHeldCount)
    i.pxPortInitialiseStack                  0x00002dd8   Section        0  port_cmsis.o(i.pxPortInitialiseStack)
    i.radio_change_rx_channel                0x00002e04   Section        0  radio.o(i.radio_change_rx_channel)
    i.radio_config                           0x00002e1c   Section        0  radio.o(i.radio_config)
    i.radio_listen                           0x00002f2c   Section        0  radio.o(i.radio_listen)
    i.radio_send_ok                          0x00002f58   Section        0  radio.o(i.radio_send_ok)
    i.radio_set_channel                      0x00002fdc   Section        0  radio.o(i.radio_set_channel)
    i.reset_fifos                            0x00002ffc   Section        0  nrf_esb.o(i.reset_fifos)
    reset_fifos                              0x00002ffd   Thumb Code    20  nrf_esb.o(i.reset_fifos)
    i.rx_fifo_push_rfbuf                     0x00003018   Section        0  nrf_esb.o(i.rx_fifo_push_rfbuf)
    rx_fifo_push_rfbuf                       0x00003019   Thumb Code   194  nrf_esb.o(i.rx_fifo_push_rfbuf)
    i.start_tx_transaction                   0x000030ec   Section        0  nrf_esb.o(i.start_tx_transaction)
    start_tx_transaction                     0x000030ed   Thumb Code   338  nrf_esb.o(i.start_tx_transaction)
    i.sys_timer_init                         0x00003284   Section        0  nrf_esb.o(i.sys_timer_init)
    sys_timer_init                           0x00003285   Thumb Code    18  nrf_esb.o(i.sys_timer_init)
    i.task1_function                         0x000032a4   Section        0  main.o(i.task1_function)
    task1_function                           0x000032a5   Thumb Code   372  main.o(i.task1_function)
    i.task2_function                         0x0000349c   Section        0  main.o(i.task2_function)
    task2_function                           0x0000349d   Thumb Code    90  main.o(i.task2_function)
    i.tx_fifo_remove_last                    0x00003520   Section        0  nrf_esb.o(i.tx_fifo_remove_last)
    tx_fifo_remove_last                      0x00003521   Thumb Code    50  nrf_esb.o(i.tx_fifo_remove_last)
    i.ulPortDisableISR                       0x00003558   Section        0  queue.o(i.ulPortDisableISR)
    ulPortDisableISR                         0x00003559   Thumb Code    32  queue.o(i.ulPortDisableISR)
    i.update_radio_addresses                 0x00003578   Section        0  nrf_esb.o(i.update_radio_addresses)
    update_radio_addresses                   0x00003579   Thumb Code    76  nrf_esb.o(i.update_radio_addresses)
    i.update_radio_bitrate                   0x000035cc   Section        0  nrf_esb.o(i.update_radio_bitrate)
    update_radio_bitrate                     0x000035cd   Thumb Code    68  nrf_esb.o(i.update_radio_bitrate)
    i.update_radio_crc                       0x0000361c   Section        0  nrf_esb.o(i.update_radio_crc)
    update_radio_crc                         0x0000361d   Thumb Code    48  nrf_esb.o(i.update_radio_crc)
    i.update_radio_parameters                0x0000365c   Section        0  nrf_esb.o(i.update_radio_parameters)
    update_radio_parameters                  0x0000365d   Thumb Code    30  nrf_esb.o(i.update_radio_parameters)
    i.update_radio_protocol                  0x00003684   Section        0  nrf_esb.o(i.update_radio_protocol)
    update_radio_protocol                    0x00003685   Thumb Code    34  nrf_esb.o(i.update_radio_protocol)
    i.update_radio_tx_power                  0x000036b8   Section        0  nrf_esb.o(i.update_radio_tx_power)
    update_radio_tx_power                    0x000036b9   Thumb Code    10  nrf_esb.o(i.update_radio_tx_power)
    i.update_rf_payload_format_esb           0x000036cc   Section        0  nrf_esb.o(i.update_rf_payload_format_esb)
    update_rf_payload_format_esb             0x000036cd   Thumb Code    32  nrf_esb.o(i.update_rf_payload_format_esb)
    i.update_rf_payload_format_esb_dpl       0x000036f8   Section        0  nrf_esb.o(i.update_rf_payload_format_esb_dpl)
    update_rf_payload_format_esb_dpl         0x000036f9   Thumb Code    30  nrf_esb.o(i.update_rf_payload_format_esb_dpl)
    i.uxListRemove                           0x00003724   Section        0  list.o(i.uxListRemove)
    i.uxQueueMessagesWaiting                 0x0000374c   Section        0  queue.o(i.uxQueueMessagesWaiting)
    i.uxQueueSpacesAvailable                 0x0000375e   Section        0  queue.o(i.uxQueueSpacesAvailable)
    i.vListInitialise                        0x00003776   Section        0  list.o(i.vListInitialise)
    i.vListInitialiseItem                    0x00003790   Section        0  list.o(i.vListInitialiseItem)
    i.vListInsert                            0x00003796   Section        0  list.o(i.vListInsert)
    i.vListInsertEnd                         0x000037cc   Section        0  list.o(i.vListInsertEnd)
    i.vPortEnterCritical                     0x000037e4   Section        0  port_cmsis.o(i.vPortEnterCritical)
    i.vPortExitCritical                      0x000037fc   Section        0  port_cmsis.o(i.vPortExitCritical)
    i.vPortFree                              0x0000381c   Section        0  heap_1.o(i.vPortFree)
    i.vPortRestoreISR                        0x0000381e   Section        0  queue.o(i.vPortRestoreISR)
    vPortRestoreISR                          0x0000381f   Thumb Code    16  queue.o(i.vPortRestoreISR)
    i.vPortSafeTaskSwitchContext             0x0000382e   Section        0  port_cmsis.o(i.vPortSafeTaskSwitchContext)
    i.vPortSetupTimerInterrupt               0x00003868   Section        0  port_cmsis_systick.o(i.vPortSetupTimerInterrupt)
    i.vPortSuppressTicksAndSleep             0x000038b4   Section        0  port_cmsis_systick.o(i.vPortSuppressTicksAndSleep)
    i.vPortTaskYield                         0x00003984   Section        0  port_cmsis.o(i.vPortTaskYield)
    i.vQueueAddToRegistry                    0x000039a0   Section        0  queue.o(i.vQueueAddToRegistry)
    i.vQueueWaitForMessageRestricted         0x000039cc   Section        0  queue.o(i.vQueueWaitForMessageRestricted)
    i.vTaskDelay                             0x00003a08   Section        0  tasks.o(i.vTaskDelay)
    i.vTaskMissedYield                       0x00003a44   Section        0  tasks.o(i.vTaskMissedYield)
    i.vTaskPlaceOnEventList                  0x00003a50   Section        0  tasks.o(i.vTaskPlaceOnEventList)
    i.vTaskPlaceOnEventListRestricted        0x00003a9c   Section        0  tasks.o(i.vTaskPlaceOnEventListRestricted)
    i.vTaskPriorityInherit                   0x00003ad0   Section        0  tasks.o(i.vTaskPriorityInherit)
    i.vTaskSetTimeOutState                   0x00003b5c   Section        0  tasks.o(i.vTaskSetTimeOutState)
    i.vTaskStartScheduler                    0x00003b74   Section        0  tasks.o(i.vTaskStartScheduler)
    i.vTaskStepTick                          0x00003bd0   Section        0  tasks.o(i.vTaskStepTick)
    i.vTaskSuspendAll                        0x00003be0   Section        0  tasks.o(i.vTaskSuspendAll)
    i.vTaskSwitchContext                     0x00003bf0   Section        0  tasks.o(i.vTaskSwitchContext)
    i.xPortStartScheduler                    0x00003c70   Section        0  port_cmsis.o(i.xPortStartScheduler)
    i.xQueueGenericCreate                    0x00003ca0   Section        0  queue.o(i.xQueueGenericCreate)
    i.xQueueGenericReceive                   0x00003cec   Section        0  queue.o(i.xQueueGenericReceive)
    i.xQueueGenericReset                     0x00003e18   Section        0  queue.o(i.xQueueGenericReset)
    i.xQueueGenericSend                      0x00003e8c   Section        0  queue.o(i.xQueueGenericSend)
    i.xQueueGenericSendFromISR               0x00003f7c   Section        0  queue.o(i.xQueueGenericSendFromISR)
    i.xQueueGiveFromISR                      0x00003fea   Section        0  queue.o(i.xQueueGiveFromISR)
    i.xTaskCheckForTimeOut                   0x0000404c   Section        0  tasks.o(i.xTaskCheckForTimeOut)
    i.xTaskGenericCreate                     0x000040ac   Section        0  tasks.o(i.xTaskGenericCreate)
    i.xTaskGetSchedulerState                 0x000041a4   Section        0  tasks.o(i.xTaskGetSchedulerState)
    i.xTaskGetTickCount                      0x000041c8   Section        0  tasks.o(i.xTaskGetTickCount)
    i.xTaskIncrementTick                     0x000041d4   Section        0  tasks.o(i.xTaskIncrementTick)
    i.xTaskPriorityDisinherit                0x000042e0   Section        0  tasks.o(i.xTaskPriorityDisinherit)
    i.xTaskRemoveFromEventList               0x00004340   Section        0  tasks.o(i.xTaskRemoveFromEventList)
    i.xTaskResumeAll                         0x000043c4   Section        0  tasks.o(i.xTaskResumeAll)
    i.xTimerCreate                           0x000044a0   Section        0  timers.o(i.xTimerCreate)
    i.xTimerCreateTimerTask                  0x000044dc   Section        0  timers.o(i.xTimerCreateTimerTask)
    i.xTimerGenericCommand                   0x00004524   Section        0  timers.o(i.xTimerGenericCommand)
    .constdata                               0x0000458c   Section        3  boards.o(.constdata)
    m_board_led_list                         0x0000458c   Data           3  boards.o(.constdata)
    .constdata                               0x00004590   Section        4  port_cmsis.o(.constdata)
    <Data1>                                  0x00004590   Data           4  port_cmsis.o(.constdata)
    .constdata                               0x00004594   Section       71  nrf_drv_gpiote.o(.constdata)
    __func__                                 0x00004598   Data          20  nrf_drv_gpiote.o(.constdata)
    __func__                                 0x000045ac   Data          24  nrf_drv_gpiote.o(.constdata)
    __func__                                 0x000045c4   Data          23  nrf_drv_gpiote.o(.constdata)
    .constdata                               0x000045dc   Section       24  radio.o(.constdata)
    .data                                    0x20000000   Section       17  main.o(.data)
    .data                                    0x20000014   Section        4  system_nrf51.o(.data)
    __tagsym$$used                           0x20000014   Number         0  system_nrf51.o(.data)
    .data                                    0x20000018   Section        8  heap_1.o(.data)
    xNextFreeByte                            0x20000018   Data           4  heap_1.o(.data)
    pucAlignedHeap                           0x2000001c   Data           4  heap_1.o(.data)
    .data                                    0x20000020   Section        4  port_cmsis.o(.data)
    uxCriticalNesting                        0x20000020   Data           4  port_cmsis.o(.data)
    .data                                    0x20000024   Section       60  tasks.o(.data)
    pxDelayedTaskList                        0x20000028   Data           4  tasks.o(.data)
    pxOverflowDelayedTaskList                0x2000002c   Data           4  tasks.o(.data)
    uxTasksDeleted                           0x20000030   Data           4  tasks.o(.data)
    xIdleTaskHandle                          0x20000034   Data           4  tasks.o(.data)
    uxCurrentNumberOfTasks                   0x20000038   Data           4  tasks.o(.data)
    xTickCount                               0x2000003c   Data           4  tasks.o(.data)
    uxTopReadyPriority                       0x20000040   Data           4  tasks.o(.data)
    xSchedulerRunning                        0x20000044   Data           4  tasks.o(.data)
    uxPendedTicks                            0x20000048   Data           4  tasks.o(.data)
    xYieldPending                            0x2000004c   Data           4  tasks.o(.data)
    xNumOfOverflows                          0x20000050   Data           4  tasks.o(.data)
    uxTaskNumber                             0x20000054   Data           4  tasks.o(.data)
    xNextTaskUnblockTime                     0x20000058   Data           4  tasks.o(.data)
    uxSchedulerSuspended                     0x2000005c   Data           4  tasks.o(.data)
    .data                                    0x20000060   Section       20  timers.o(.data)
    pxCurrentTimerList                       0x20000060   Data           4  timers.o(.data)
    pxOverflowTimerList                      0x20000064   Data           4  timers.o(.data)
    xTimerQueue                              0x20000068   Data           4  timers.o(.data)
    xTimerTaskHandle                         0x2000006c   Data           4  timers.o(.data)
    xLastTime                                0x20000070   Data           4  timers.o(.data)
    .data                                    0x20000074   Section        4  app_util_platform.o(.data)
    m_in_critical_region                     0x20000074   Data           4  app_util_platform.o(.data)
    .data                                    0x20000078   Section       60  nrf_esb.o(.data)
    m_esb_initialized                        0x20000078   Data           1  nrf_esb.o(.data)
    m_nrf_esb_mainstate                      0x20000079   Data           1  nrf_esb.o(.data)
    mp_current_payload                       0x2000007c   Data           4  nrf_esb.o(.data)
    m_event_handler                          0x20000080   Data           4  nrf_esb.o(.data)
    m_esb_addr                               0x20000084   Data          20  nrf_esb.o(.data)
    m_interrupt_flags                        0x20000098   Data           4  nrf_esb.o(.data)
    m_retransmits_remaining                  0x2000009c   Data           4  nrf_esb.o(.data)
    m_last_tx_attempts                       0x200000a0   Data           4  nrf_esb.o(.data)
    m_wait_for_ack_timeout_us                0x200000a4   Data           4  nrf_esb.o(.data)
    on_radio_disabled                        0x200000a8   Data           4  nrf_esb.o(.data)
    on_radio_end                             0x200000ac   Data           4  nrf_esb.o(.data)
    update_rf_payload_format                 0x200000b0   Data           4  nrf_esb.o(.data)
    .data                                    0x200000b4   Section       12  serial.o(.data)
    xHigherPriorityTaskWoken                 0x200000bc   Data           4  serial.o(.data)
    .data                                    0x200000c0   Section       14  radio.o(.data)
    .bss                                     0x200000d0   Section     4096  heap_1.o(.bss)
    ucHeap                                   0x200000d0   Data        4096  heap_1.o(.bss)
    .bss                                     0x200010d0   Section       16  queue.o(.bss)
    .bss                                     0x200010e0   Section      160  tasks.o(.bss)
    pxReadyTasksLists                        0x200010e0   Data          60  tasks.o(.bss)
    xDelayedTaskList1                        0x2000111c   Data          20  tasks.o(.bss)
    xDelayedTaskList2                        0x20001130   Data          20  tasks.o(.bss)
    xPendingReadyList                        0x20001144   Data          20  tasks.o(.bss)
    xTasksWaitingTermination                 0x20001158   Data          20  tasks.o(.bss)
    xSuspendedTaskList                       0x2000116c   Data          20  tasks.o(.bss)
    .bss                                     0x20001180   Section       40  timers.o(.bss)
    xActiveTimerList1                        0x20001180   Data          20  timers.o(.bss)
    xActiveTimerList2                        0x20001194   Data          20  timers.o(.bss)
    .bss                                     0x200011a8   Section       20  nrf_drv_clock.o(.bss)
    m_clock_cb                               0x200011a8   Data          20  nrf_drv_clock.o(.bss)
    .bss                                     0x200011bc   Section       72  nrf_drv_gpiote.o(.bss)
    m_cb                                     0x200011bc   Data          72  nrf_drv_gpiote.o(.bss)
    .bss                                     0x20001204   Section      818  nrf_esb.o(.bss)
    m_config_local                           0x20001204   Data          24  nrf_esb.o(.bss)
    m_tx_fifo_payload                        0x2000121c   Data         296  nrf_esb.o(.bss)
    m_tx_fifo                                0x20001344   Data          44  nrf_esb.o(.bss)
    m_rx_fifo_payload                        0x20001370   Data         296  nrf_esb.o(.bss)
    m_rx_fifo                                0x20001498   Data          44  nrf_esb.o(.bss)
    m_tx_payload_buffer                      0x200014c4   Data          34  nrf_esb.o(.bss)
    m_rx_payload_buffer                      0x200014e6   Data          34  nrf_esb.o(.bss)
    m_pids                                   0x20001508   Data           9  nrf_esb.o(.bss)
    m_rx_pipe_info                           0x20001512   Data          36  nrf_esb.o(.bss)
    .bss                                     0x20001536   Section      128  serial.o(.bss)
    .bss                                     0x200015b8   Section      204  radio.o(.bss)
    STACK                                    0x20001688   Section     2048  arm_startup_nrf51.o(STACK)

    Global Symbols

    Symbol Name                              Value     Ov Type        Size  Object(Section)

    BuildAttributes$$THM_ISAv3M$S$PE$A:L22$X:L11$S22$IEEE1$IW$USESV6$~STKCKD$USESV7$~SHL$OSPACE$ROPI$EBA8$MICROLIB$REQ8$PRES8$EABIv2 0x00000000   Number         0  anon$$obj.o ABSOLUTE
    __ARM_use_no_argv                        0x00000000   Number         0  main.o ABSOLUTE
    __Vectors                                0x00000000   Data           4  arm_startup_nrf51.o(RESET)
    _printf_a                                0x00000000   Number         0  stubs.o ABSOLUTE
    _printf_c                                0x00000000   Number         0  stubs.o ABSOLUTE
    _printf_charcount                        0x00000000   Number         0  stubs.o ABSOLUTE
    _printf_d                                0x00000000   Number         0  stubs.o ABSOLUTE
    _printf_e                                0x00000000   Number         0  stubs.o ABSOLUTE
    _printf_f                                0x00000000   Number         0  stubs.o ABSOLUTE
    _printf_flags                            0x00000000   Number         0  stubs.o ABSOLUTE
    _printf_fp_dec                           0x00000000   Number         0  stubs.o ABSOLUTE
    _printf_fp_hex                           0x00000000   Number         0  stubs.o ABSOLUTE
    _printf_g                                0x00000000   Number         0  stubs.o ABSOLUTE
    _printf_i                                0x00000000   Number         0  stubs.o ABSOLUTE
    _printf_int_dec                          0x00000000   Number         0  stubs.o ABSOLUTE
    _printf_l                                0x00000000   Number         0  stubs.o ABSOLUTE
    _printf_lc                               0x00000000   Number         0  stubs.o ABSOLUTE
    _printf_ll                               0x00000000   Number         0  stubs.o ABSOLUTE
    _printf_lld                              0x00000000   Number         0  stubs.o ABSOLUTE
    _printf_lli                              0x00000000   Number         0  stubs.o ABSOLUTE
    _printf_llo                              0x00000000   Number         0  stubs.o ABSOLUTE
    _printf_llu                              0x00000000   Number         0  stubs.o ABSOLUTE
    _printf_llx                              0x00000000   Number         0  stubs.o ABSOLUTE
    _printf_longlong_dec                     0x00000000   Number         0  stubs.o ABSOLUTE
    _printf_longlong_hex                     0x00000000   Number         0  stubs.o ABSOLUTE
    _printf_longlong_oct                     0x00000000   Number         0  stubs.o ABSOLUTE
    _printf_ls                               0x00000000   Number         0  stubs.o ABSOLUTE
    _printf_mbtowc                           0x00000000   Number         0  stubs.o ABSOLUTE
    _printf_n                                0x00000000   Number         0  stubs.o ABSOLUTE
    _printf_o                                0x00000000   Number         0  stubs.o ABSOLUTE
    _printf_p                                0x00000000   Number         0  stubs.o ABSOLUTE
    _printf_percent                          0x00000000   Number         0  stubs.o ABSOLUTE
    _printf_pre_padding                      0x00000000   Number         0  stubs.o ABSOLUTE
    _printf_return_value                     0x00000000   Number         0  stubs.o ABSOLUTE
    _printf_s                                0x00000000   Number         0  stubs.o ABSOLUTE
    _printf_sizespec                         0x00000000   Number         0  stubs.o ABSOLUTE
    _printf_str                              0x00000000   Number         0  stubs.o ABSOLUTE
    _printf_truncate_signed                  0x00000000   Number         0  stubs.o ABSOLUTE
    _printf_truncate_unsigned                0x00000000   Number         0  stubs.o ABSOLUTE
    _printf_u                                0x00000000   Number         0  stubs.o ABSOLUTE
    _printf_wc                               0x00000000   Number         0  stubs.o ABSOLUTE
    _printf_wctomb                           0x00000000   Number         0  stubs.o ABSOLUTE
    _printf_widthprec                        0x00000000   Number         0  stubs.o ABSOLUTE
    _printf_x                                0x00000000   Number         0  stubs.o ABSOLUTE
    __cpp_initialize__aeabi_                  - Undefined Weak Reference
    __cxa_finalize                            - Undefined Weak Reference
    __decompress                              - Undefined Weak Reference
    _clock_init                               - Undefined Weak Reference
    _microlib_exit                            - Undefined Weak Reference
    __Vectors_End                            0x000000c0   Data           0  arm_startup_nrf51.o(RESET)
    __Vectors_Size                           0x000000c0   Number         0  arm_startup_nrf51.o ABSOLUTE
    __main                                   0x000000c1   Thumb Code     0  entry.o(.ARM.Collect$$$$00000000)
    _main_stk                                0x000000c1   Thumb Code     0  entry2.o(.ARM.Collect$$$$00000001)
    _main_scatterload                        0x000000c5   Thumb Code     0  entry5.o(.ARM.Collect$$$$00000004)
    __main_after_scatterload                 0x000000c9   Thumb Code     0  entry5.o(.ARM.Collect$$$$00000004)
    _main_clock                              0x000000c9   Thumb Code     0  entry7b.o(.ARM.Collect$$$$00000008)
    _main_cpp_init                           0x000000c9   Thumb Code     0  entry8b.o(.ARM.Collect$$$$0000000A)
    _main_init                               0x000000c9   Thumb Code     0  entry9a.o(.ARM.Collect$$$$0000000B)
    __rt_final_cpp                           0x000000d1   Thumb Code     0  entry10a.o(.ARM.Collect$$$$0000000D)
    __rt_final_exit                          0x000000d1   Thumb Code     0  entry11a.o(.ARM.Collect$$$$0000000F)
    SVC_Handler                              0x000000d5   Thumb Code     0  port.o(.emb_text)
    vPortStartFirstTask                      0x000000d5   Thumb Code    36  port.o(.emb_text)
    PendSV_Handler                           0x00000101   Thumb Code    60  port.o(.emb_text)
    Reset_Handler                            0x00000141   Thumb Code    26  arm_startup_nrf51.o(.text)
    NMI_Handler                              0x0000015b   Thumb Code     2  arm_startup_nrf51.o(.text)
    HardFault_Handler                        0x0000015d   Thumb Code     2  arm_startup_nrf51.o(.text)
    SysTick_Handler                          0x00000163   Thumb Code     2  arm_startup_nrf51.o(.text)
    ADC_IRQHandler                           0x00000165   Thumb Code     0  arm_startup_nrf51.o(.text)
    CCM_AAR_IRQHandler                       0x00000165   Thumb Code     0  arm_startup_nrf51.o(.text)
    ECB_IRQHandler                           0x00000165   Thumb Code     0  arm_startup_nrf51.o(.text)
    LPCOMP_IRQHandler                        0x00000165   Thumb Code     0  arm_startup_nrf51.o(.text)
    QDEC_IRQHandler                          0x00000165   Thumb Code     0  arm_startup_nrf51.o(.text)
    RNG_IRQHandler                           0x00000165   Thumb Code     0  arm_startup_nrf51.o(.text)
    RTC0_IRQHandler                          0x00000165   Thumb Code     0  arm_startup_nrf51.o(.text)
    SPI0_TWI0_IRQHandler                     0x00000165   Thumb Code     0  arm_startup_nrf51.o(.text)
    SPI1_TWI1_IRQHandler                     0x00000165   Thumb Code     0  arm_startup_nrf51.o(.text)
    SWI1_IRQHandler                          0x00000165   Thumb Code     0  arm_startup_nrf51.o(.text)
    SWI2_IRQHandler                          0x00000165   Thumb Code     0  arm_startup_nrf51.o(.text)
    SWI3_IRQHandler                          0x00000165   Thumb Code     0  arm_startup_nrf51.o(.text)
    SWI4_IRQHandler                          0x00000165   Thumb Code     0  arm_startup_nrf51.o(.text)
    SWI5_IRQHandler                          0x00000165   Thumb Code     0  arm_startup_nrf51.o(.text)
    TEMP_IRQHandler                          0x00000165   Thumb Code     0  arm_startup_nrf51.o(.text)
    TIMER0_IRQHandler                        0x00000165   Thumb Code     0  arm_startup_nrf51.o(.text)
    TIMER1_IRQHandler                        0x00000165   Thumb Code     0  arm_startup_nrf51.o(.text)
    TIMER2_IRQHandler                        0x00000165   Thumb Code     0  arm_startup_nrf51.o(.text)
    WDT_IRQHandler                           0x00000165   Thumb Code     0  arm_startup_nrf51.o(.text)
    __aeabi_memcpy                           0x00000179   Thumb Code    36  memcpya.o(.text)
    __aeabi_memcpy4                          0x00000179   Thumb Code     0  memcpya.o(.text)
    __aeabi_memcpy8                          0x00000179   Thumb Code     0  memcpya.o(.text)
    __aeabi_memset                           0x0000019d   Thumb Code    14  memseta.o(.text)
    __aeabi_memset4                          0x0000019d   Thumb Code     0  memseta.o(.text)
    __aeabi_memset8                          0x0000019d   Thumb Code     0  memseta.o(.text)
    __aeabi_memclr                           0x000001ab   Thumb Code     4  memseta.o(.text)
    __aeabi_memclr4                          0x000001ab   Thumb Code     0  memseta.o(.text)
    __aeabi_memclr8                          0x000001ab   Thumb Code     0  memseta.o(.text)
    _memset$wrapper                          0x000001af   Thumb Code    18  memseta.o(.text)
    strstr                                   0x000001c1   Thumb Code    40  strstr.o(.text)
    strlen                                   0x000001e9   Thumb Code    14  strlen.o(.text)
    __aeabi_uldivmod                         0x000001f7   Thumb Code    96  uldiv.o(.text)
    __scatterload                            0x00000259   Thumb Code    28  init.o(.text)
    __scatterload_rt2                        0x00000259   Thumb Code     0  init.o(.text)
    __aeabi_llsl                             0x0000027d   Thumb Code    32  llshl.o(.text)
    _ll_shift_l                              0x0000027d   Thumb Code     0  llshl.o(.text)
    __aeabi_llsr                             0x0000029d   Thumb Code    34  llushr.o(.text)
    _ll_ushift_r                             0x0000029d   Thumb Code     0  llushr.o(.text)
    CheckCmd                                 0x000002c1   Thumb Code    28  serial.o(i.CheckCmd)
    FlushRx                                  0x000002e1   Thumb Code    22  serial.o(i.FlushRx)
    GPIOTE_IRQHandler                        0x00000305   Thumb Code   618  nrf_drv_gpiote.o(i.GPIOTE_IRQHandler)
    GatewayParseCmd                          0x0000057d   Thumb Code    94  radio.o(i.GatewayParseCmd)
    GatewayParseData                         0x00000635   Thumb Code   220  radio.o(i.GatewayParseData)
    POWER_CLOCK_IRQHandler                   0x000009c9   Thumb Code    78  nrf_drv_clock.o(i.POWER_CLOCK_IRQHandler)
    RADIO_IRQHandler                         0x00000a1d   Thumb Code   110  nrf_esb.o(i.RADIO_IRQHandler)
    RTC1_IRQHandler                          0x00000a9d   Thumb Code    90  port_cmsis_systick.o(i.RTC1_IRQHandler)
    SWI0_IRQHandler                          0x00000b01   Thumb Code   102  nrf_esb.o(i.SWI0_IRQHandler)
    Serial_Config                            0x00000b71   Thumb Code   272  serial.o(i.Serial_Config)
    Serial_Print                             0x00000cc9   Thumb Code    26  serial.o(i.Serial_Print)
    Serial_Send                              0x00000ce5   Thumb Code    34  serial.o(i.Serial_Send)
    SystemInit                               0x00000d15   Thumb Code    76  system_nrf51.o(i.SystemInit)
    UART0_IRQHandler                         0x00000d79   Thumb Code   132  serial.o(i.UART0_IRQHandler)
    __0sprintf$8                             0x00000e21   Thumb Code    36  printf8.o(i.__0sprintf$8)
    __1sprintf$8                             0x00000e21   Thumb Code     0  printf8.o(i.__0sprintf$8)
    __2sprintf                               0x00000e21   Thumb Code     0  printf8.o(i.__0sprintf$8)
    __ARM_common_switch8                     0x00000e49   Thumb Code    28  bsp.o(i.__ARM_common_switch8)
    __scatterload_copy                       0x00000e65   Thumb Code    14  handlers.o(i.__scatterload_copy)
    __scatterload_null                       0x00000e73   Thumb Code     2  handlers.o(i.__scatterload_null)
    __scatterload_zeroinit                   0x00000e75   Thumb Code    14  handlers.o(i.__scatterload_zeroinit)
    app_util_critical_region_enter           0x00001311   Thumb Code    10  app_util_platform.o(i.app_util_critical_region_enter)
    app_util_critical_region_exit            0x0000131b   Thumb Code    10  app_util_platform.o(i.app_util_critical_region_exit)
    app_util_disable_irq                     0x00001325   Thumb Code    14  app_util_platform.o(i.app_util_disable_irq)
    app_util_enable_irq                      0x00001339   Thumb Code    22  app_util_platform.o(i.app_util_enable_irq)
    bsp_board_led_invert                     0x00001355   Thumb Code    54  boards.o(i.bsp_board_led_invert)
    bsp_board_led_off                        0x00001391   Thumb Code    16  boards.o(i.bsp_board_led_off)
    bsp_board_leds_init                      0x000013a5   Thumb Code    88  boards.o(i.bsp_board_leds_init)
    bsp_board_leds_off                       0x00001401   Thumb Code    20  boards.o(i.bsp_board_leds_off)
    clocks_start                             0x00001511   Thumb Code    24  main.o(i.clocks_start)
    eTaskConfirmSleepModeStatus              0x0000152d   Thumb Code    26  tasks.o(i.eTaskConfirmSleepModeStatus)
    main                                     0x00001759   Thumb Code   226  main.o(i.main)
    nrf_drv_clock_lfclk_request              0x00001959   Thumb Code    96  nrf_drv_clock.o(i.nrf_drv_clock_lfclk_request)
    nrf_esb_disable                          0x000019bd   Thumb Code    52  nrf_esb.o(i.nrf_esb_disable)
    nrf_esb_event_handler                    0x00001a05   Thumb Code   156  radio.o(i.nrf_esb_event_handler)
    nrf_esb_init                             0x00001b99   Thumb Code   142  nrf_esb.o(i.nrf_esb_init)
    nrf_esb_is_idle                          0x00001c45   Thumb Code    16  nrf_esb.o(i.nrf_esb_is_idle)
    nrf_esb_read_rx_payload                  0x00001c59   Thumb Code   158  nrf_esb.o(i.nrf_esb_read_rx_payload)
    nrf_esb_set_base_address_0               0x00001d01   Thumb Code    52  nrf_esb.o(i.nrf_esb_set_base_address_0)
    nrf_esb_set_base_address_1               0x00001d3d   Thumb Code    52  nrf_esb.o(i.nrf_esb_set_base_address_1)
    nrf_esb_set_prefixes                     0x00001d79   Thumb Code    86  nrf_esb.o(i.nrf_esb_set_prefixes)
    nrf_esb_set_rf_channel                   0x00001dd9   Thumb Code    38  nrf_esb.o(i.nrf_esb_set_rf_channel)
    nrf_esb_start_rx                         0x00001e09   Thumb Code   108  nrf_esb.o(i.nrf_esb_start_rx)
    nrf_esb_stop_rx                          0x00001e9d   Thumb Code    60  nrf_esb.o(i.nrf_esb_stop_rx)
    nrf_esb_write_payload                    0x00001ef1   Thumb Code   246  nrf_esb.o(i.nrf_esb_write_payload)
    pvPortMalloc                             0x00002d45   Thumb Code   100  heap_1.o(i.pvPortMalloc)
    pvTaskIncrementMutexHeldCount            0x00002db9   Thumb Code    28  tasks.o(i.pvTaskIncrementMutexHeldCount)
    pxPortInitialiseStack                    0x00002dd9   Thumb Code    36  port_cmsis.o(i.pxPortInitialiseStack)
    radio_change_rx_channel                  0x00002e05   Thumb Code    24  radio.o(i.radio_change_rx_channel)
    radio_config                             0x00002e1d   Thumb Code   230  radio.o(i.radio_config)
    radio_listen                             0x00002f2d   Thumb Code    42  radio.o(i.radio_listen)
    radio_send_ok                            0x00002f59   Thumb Code   126  radio.o(i.radio_send_ok)
    radio_set_channel                        0x00002fdd   Thumb Code    30  radio.o(i.radio_set_channel)
    uxListRemove                             0x00003725   Thumb Code    40  list.o(i.uxListRemove)
    uxQueueMessagesWaiting                   0x0000374d   Thumb Code    18  queue.o(i.uxQueueMessagesWaiting)
    uxQueueSpacesAvailable                   0x0000375f   Thumb Code    24  queue.o(i.uxQueueSpacesAvailable)
    vListInitialise                          0x00003777   Thumb Code    26  list.o(i.vListInitialise)
    vListInitialiseItem                      0x00003791   Thumb Code     6  list.o(i.vListInitialiseItem)
    vListInsert                              0x00003797   Thumb Code    54  list.o(i.vListInsert)
    vListInsertEnd                           0x000037cd   Thumb Code    24  list.o(i.vListInsertEnd)
    vPortEnterCritical                       0x000037e5   Thumb Code    18  port_cmsis.o(i.vPortEnterCritical)
    vPortExitCritical                        0x000037fd   Thumb Code    28  port_cmsis.o(i.vPortExitCritical)
    vPortFree                                0x0000381d   Thumb Code     2  heap_1.o(i.vPortFree)
    vPortSafeTaskSwitchContext               0x0000382f   Thumb Code    56  port_cmsis.o(i.vPortSafeTaskSwitchContext)
    vPortSetupTimerInterrupt                 0x00003869   Thumb Code    68  port_cmsis_systick.o(i.vPortSetupTimerInterrupt)
    vPortSuppressTicksAndSleep               0x000038b5   Thumb Code   196  port_cmsis_systick.o(i.vPortSuppressTicksAndSleep)
    vPortTaskYield                           0x00003985   Thumb Code    24  port_cmsis.o(i.vPortTaskYield)
    vQueueAddToRegistry                      0x000039a1   Thumb Code    40  queue.o(i.vQueueAddToRegistry)
    vQueueWaitForMessageRestricted           0x000039cd   Thumb Code    60  queue.o(i.vQueueWaitForMessageRestricted)
    vTaskDelay                               0x00003a09   Thumb Code    52  tasks.o(i.vTaskDelay)
    vTaskMissedYield                         0x00003a45   Thumb Code     8  tasks.o(i.vTaskMissedYield)
    vTaskPlaceOnEventList                    0x00003a51   Thumb Code    62  tasks.o(i.vTaskPlaceOnEventList)
    vTaskPlaceOnEventListRestricted          0x00003a9d   Thumb Code    42  tasks.o(i.vTaskPlaceOnEventListRestricted)
    vTaskPriorityInherit                     0x00003ad1   Thumb Code   128  tasks.o(i.vTaskPriorityInherit)
    vTaskSetTimeOutState                     0x00003b5d   Thumb Code    14  tasks.o(i.vTaskSetTimeOutState)
    vTaskStartScheduler                      0x00003b75   Thumb Code    66  tasks.o(i.vTaskStartScheduler)
    vTaskStepTick                            0x00003bd1   Thumb Code    12  tasks.o(i.vTaskStepTick)
    vTaskSuspendAll                          0x00003be1   Thumb Code    12  tasks.o(i.vTaskSuspendAll)
    vTaskSwitchContext                       0x00003bf1   Thumb Code   106  tasks.o(i.vTaskSwitchContext)
    xPortStartScheduler                      0x00003c71   Thumb Code    40  port_cmsis.o(i.xPortStartScheduler)
    xQueueGenericCreate                      0x00003ca1   Thumb Code    76  queue.o(i.xQueueGenericCreate)
    xQueueGenericReceive                     0x00003ced   Thumb Code   300  queue.o(i.xQueueGenericReceive)
    xQueueGenericReset                       0x00003e19   Thumb Code   116  queue.o(i.xQueueGenericReset)
    xQueueGenericSend                        0x00003e8d   Thumb Code   240  queue.o(i.xQueueGenericSend)
    xQueueGenericSendFromISR                 0x00003f7d   Thumb Code   110  queue.o(i.xQueueGenericSendFromISR)
    xQueueGiveFromISR                        0x00003feb   Thumb Code    96  queue.o(i.xQueueGiveFromISR)
    xTaskCheckForTimeOut                     0x0000404d   Thumb Code    86  tasks.o(i.xTaskCheckForTimeOut)
    xTaskGenericCreate                       0x000040ad   Thumb Code   224  tasks.o(i.xTaskGenericCreate)
    xTaskGetSchedulerState                   0x000041a5   Thumb Code    28  tasks.o(i.xTaskGetSchedulerState)
    xTaskGetTickCount                        0x000041c9   Thumb Code     6  tasks.o(i.xTaskGetTickCount)
    xTaskIncrementTick                       0x000041d5   Thumb Code   224  tasks.o(i.xTaskIncrementTick)
    xTaskPriorityDisinherit                  0x000042e1   Thumb Code    88  tasks.o(i.xTaskPriorityDisinherit)
    xTaskRemoveFromEventList                 0x00004341   Thumb Code   106  tasks.o(i.xTaskRemoveFromEventList)
    xTaskResumeAll                           0x000043c5   Thumb Code   188  tasks.o(i.xTaskResumeAll)
    xTimerCreate                             0x000044a1   Thumb Code    60  timers.o(i.xTimerCreate)
    xTimerCreateTimerTask                    0x000044dd   Thumb Code    50  timers.o(i.xTimerCreateTimerTask)
    xTimerGenericCommand                     0x00004525   Thumb Code   100  timers.o(i.xTimerGenericCommand)
    Region$$Table$$Base                      0x000045f4   Number         0  anon$$obj.o(Region$$Table)
    Region$$Table$$Limit                     0x00004614   Number         0  anon$$obj.o(Region$$Table)
    task1_handle                             0x20000000   Data           4  main.o(.data)
    task2_handle                             0x20000004   Data           4  main.o(.data)
    task3_handle                             0x20000008   Data           4  main.o(.data)
    freq_timer_handle                        0x2000000c   Data           4  main.o(.data)
    channel_sw_cnt                           0x20000010   Data           1  main.o(.data)
    SystemCoreClock                          0x20000014   Data           4  system_nrf51.o(.data)
    pxCurrentTCB                             0x20000024   Data           4  tasks.o(.data)
    c                                        0x200000b4   Data           1  serial.o(.data)
    bytes_rx                                 0x200000b5   Data           1  serial.o(.data)
    rx_data_rdy                              0x200000b6   Data           1  serial.o(.data)
    xUARTSemaphore                           0x200000b8   Data           4  serial.o(.data)
    xQueueRF                                 0x200000c0   Data           4  radio.o(.data)
    device_send_flag                         0x200000c4   Data           1  radio.o(.data)
    device_bond_flag                         0x200000c5   Data           1  radio.o(.data)
    device_bond_enable                       0x200000c6   Data           1  radio.o(.data)
    rx_done_flag                             0x200000c7   Data           1  radio.o(.data)
    tx_done_flag                             0x200000c8   Data           1  radio.o(.data)
    tx_fail_flag                             0x200000c9   Data           1  radio.o(.data)
    current_channel                          0x200000ca   Data           1  radio.o(.data)
    radio_channel_1                          0x200000cb   Data           1  radio.o(.data)
    radio_channel_2                          0x200000cc   Data           1  radio.o(.data)
    radio_channel_3                          0x200000cd   Data           1  radio.o(.data)
    xQueueRegistry                           0x200010d0   Data          16  queue.o(.bss)
    debug_str                                0x20001536   Data          64  serial.o(.bss)
    databuf                                  0x20001576   Data          64  serial.o(.bss)
    myMessageToSend                          0x200015b8   Data          32  radio.o(.bss)
    myMessageToRecieve                       0x200015d8   Data          32  radio.o(.bss)
    rx_payload                               0x200015f8   Data          37  radio.o(.bss)
    tx_payload                               0x2000161d   Data          37  radio.o(.bss)
    nrf_esb_config                           0x20001644   Data          24  radio.o(.bss)
    device_load                              0x2000165c   Data          40  radio.o(.bss)
    __initial_sp                             0x20001e88   Data           0  arm_startup_nrf51.o(STACK)



==============================================================================

Memory Map of the image

  Image Entry point : 0x000000c1

  Load Region LR_IROM1 (Base: 0x00000000, Size: 0x000046e4, Max: 0x0003fc00, ABSOLUTE)

    Execution Region ER_IROM1 (Exec base: 0x00000000, Load base: 0x00000000, Size: 0x00004614, Max: 0x0003fc00, ABSOLUTE)

    Exec Addr    Load Addr    Size         Type   Attr      Idx    E Section Name        Object

    0x00000000   0x00000000   0x000000c0   Data   RO          442    RESET               arm_startup_nrf51.o
    0x000000c0   0x000000c0   0x00000000   Code   RO         3073  * .ARM.Collect$$$$00000000  mc_p.l(entry.o)
    0x000000c0   0x000000c0   0x00000004   Code   RO         3351    .ARM.Collect$$$$00000001  mc_p.l(entry2.o)
    0x000000c4   0x000000c4   0x00000004   Code   RO         3354    .ARM.Collect$$$$00000004  mc_p.l(entry5.o)
    0x000000c8   0x000000c8   0x00000000   Code   RO         3356    .ARM.Collect$$$$00000008  mc_p.l(entry7b.o)
    0x000000c8   0x000000c8   0x00000000   Code   RO         3358    .ARM.Collect$$$$0000000A  mc_p.l(entry8b.o)
    0x000000c8   0x000000c8   0x00000008   Code   RO         3359    .ARM.Collect$$$$0000000B  mc_p.l(entry9a.o)
    0x000000d0   0x000000d0   0x00000000   Code   RO         3361    .ARM.Collect$$$$0000000D  mc_p.l(entry10a.o)
    0x000000d0   0x000000d0   0x00000000   Code   RO         3363    .ARM.Collect$$$$0000000F  mc_p.l(entry11a.o)
    0x000000d0   0x000000d0   0x00000004   Code   RO         3352    .ARM.Collect$$$$00002712  mc_p.l(entry2.o)
    0x000000d4   0x000000d4   0x0000006c   Code   RO          709    .emb_text           port.o
    0x00000140   0x00000140   0x00000038   Code   RO          443    .text               arm_startup_nrf51.o
    0x00000178   0x00000178   0x00000024   Code   RO         3078    .text               mc_p.l(memcpya.o)
    0x0000019c   0x0000019c   0x00000024   Code   RO         3080    .text               mc_p.l(memseta.o)
    0x000001c0   0x000001c0   0x00000028   Code   RO         3082    .text               mc_p.l(strstr.o)
    0x000001e8   0x000001e8   0x0000000e   Code   RO         3084    .text               mc_p.l(strlen.o)
    0x000001f6   0x000001f6   0x00000060   Code   RO         3368    .text               mc_p.l(uldiv.o)
    0x00000256   0x00000256   0x00000002   PAD
    0x00000258   0x00000258   0x00000024   Code   RO         3381    .text               mc_p.l(init.o)
    0x0000027c   0x0000027c   0x00000020   Code   RO         3384    .text               mc_p.l(llshl.o)
    0x0000029c   0x0000029c   0x00000022   Code   RO         3386    .text               mc_p.l(llushr.o)
    0x000002be   0x000002be   0x00000002   PAD
    0x000002c0   0x000002c0   0x00000020   Code   RO         2885    i.CheckCmd          serial.o
    0x000002e0   0x000002e0   0x00000024   Code   RO         2886    i.FlushRx           serial.o
    0x00000304   0x00000304   0x00000278   Code   RO         1784    i.GPIOTE_IRQHandler  nrf_drv_gpiote.o
    0x0000057c   0x0000057c   0x000000b8   Code   RO         2965    i.GatewayParseCmd   radio.o
    0x00000634   0x00000634   0x00000164   Code   RO         2966    i.GatewayParseData  radio.o
    0x00000798   0x00000798   0x00000014   Code   RO         2579    i.NVIC_ClearPendingIRQ  nrf_esb.o
    0x000007ac   0x000007ac   0x00000014   Code   RO         2580    i.NVIC_DisableIRQ   nrf_esb.o
    0x000007c0   0x000007c0   0x00000014   Code   RO         2581    i.NVIC_EnableIRQ    nrf_esb.o
    0x000007d4   0x000007d4   0x00000014   Code   RO         2582    i.NVIC_SetPendingIRQ  nrf_esb.o
    0x000007e8   0x000007e8   0x00000078   Code   RO          727    i.NVIC_SetPriority  port_cmsis.o
    0x00000860   0x00000860   0x00000078   Code   RO          808    i.NVIC_SetPriority  port_cmsis_systick.o
    0x000008d8   0x000008d8   0x00000078   Code   RO         2583    i.NVIC_SetPriority  nrf_esb.o
    0x00000950   0x00000950   0x00000078   Code   RO         2887    i.NVIC_SetPriority  serial.o
    0x000009c8   0x000009c8   0x00000054   Code   RO         1545    i.POWER_CLOCK_IRQHandler  nrf_drv_clock.o
    0x00000a1c   0x00000a1c   0x00000080   Code   RO         2584    i.RADIO_IRQHandler  nrf_esb.o
    0x00000a9c   0x00000a9c   0x00000064   Code   RO          809    i.RTC1_IRQHandler   port_cmsis_systick.o
    0x00000b00   0x00000b00   0x00000070   Code   RO         2585    i.SWI0_IRQHandler   nrf_esb.o
    0x00000b70   0x00000b70   0x00000158   Code   RO         2888    i.Serial_Config     serial.o
    0x00000cc8   0x00000cc8   0x0000001a   Code   RO         2889    i.Serial_Print      serial.o
    0x00000ce2   0x00000ce2   0x00000002   PAD
    0x00000ce4   0x00000ce4   0x00000030   Code   RO         2891    i.Serial_Send       serial.o
    0x00000d14   0x00000d14   0x00000064   Code   RO          450    i.SystemInit        system_nrf51.o
    0x00000d78   0x00000d78   0x000000a8   Code   RO         2893    i.UART0_IRQHandler  serial.o
    0x00000e20   0x00000e20   0x00000028   Code   RO         3299    i.__0sprintf$8      mc_p.l(printf8.o)
    0x00000e48   0x00000e48   0x0000001c   Code   RO          385    i.__ARM_common_switch8  bsp.o
    0x00000e64   0x00000e64   0x0000000e   Code   RO         3397    i.__scatterload_copy  mc_p.l(handlers.o)
    0x00000e72   0x00000e72   0x00000002   Code   RO         3398    i.__scatterload_null  mc_p.l(handlers.o)
    0x00000e74   0x00000e74   0x0000000e   Code   RO         3399    i.__scatterload_zeroinit  mc_p.l(handlers.o)
    0x00000e82   0x00000e82   0x00000002   PAD
    0x00000e84   0x00000e84   0x00000428   Code   RO         3304    i._printf_core      mc_p.l(printf8.o)
    0x000012ac   0x000012ac   0x00000020   Code   RO         3305    i._printf_post_padding  mc_p.l(printf8.o)
    0x000012cc   0x000012cc   0x0000002c   Code   RO         3306    i._printf_pre_padding  mc_p.l(printf8.o)
    0x000012f8   0x000012f8   0x0000000a   Code   RO         3308    i._sputc            mc_p.l(printf8.o)
    0x00001302   0x00001302   0x0000000e   Code   RO         2586    i.addr_conv         nrf_esb.o
    0x00001310   0x00001310   0x0000000a   Code   RO         2325    i.app_util_critical_region_enter  app_util_platform.o
    0x0000131a   0x0000131a   0x0000000a   Code   RO         2326    i.app_util_critical_region_exit  app_util_platform.o
    0x00001324   0x00001324   0x00000014   Code   RO         2327    i.app_util_disable_irq  app_util_platform.o
    0x00001338   0x00001338   0x0000001c   Code   RO         2328    i.app_util_enable_irq  app_util_platform.o
    0x00001354   0x00001354   0x0000003c   Code   RO          232    i.bsp_board_led_invert  boards.o
    0x00001390   0x00001390   0x00000014   Code   RO          233    i.bsp_board_led_off  boards.o
    0x000013a4   0x000013a4   0x0000005c   Code   RO          236    i.bsp_board_leds_init  boards.o
    0x00001400   0x00001400   0x00000014   Code   RO          237    i.bsp_board_leds_off  boards.o
    0x00001414   0x00001414   0x00000048   Code   RO         2587    i.bytewise_bit_swap  nrf_esb.o
    0x0000145c   0x0000145c   0x00000010   Code   RO         1786    i.channel_handler_get  nrf_drv_gpiote.o
    0x0000146c   0x0000146c   0x0000000c   Code   RO         1788    i.channel_port_get  nrf_drv_gpiote.o
    0x00001478   0x00001478   0x00000064   Code   RO         2588    i.clear_events_restart_rx  nrf_esb.o
    0x000014dc   0x000014dc   0x00000034   Code   RO         1546    i.clock_clk_started_notify  nrf_drv_clock.o
    0x00001510   0x00001510   0x0000001c   Code   RO            3    i.clocks_start      main.o
    0x0000152c   0x0000152c   0x00000024   Code   RO         1064    i.eTaskConfirmSleepModeStatus  tasks.o
    0x00001550   0x00001550   0x0000007c   Code   RO            4    i.freq_timer_callback  main.o
    0x000015cc   0x000015cc   0x00000048   Code   RO         2589    i.initialize_fifos  nrf_esb.o
    0x00001614   0x00001614   0x00000038   Code   RO          451    i.is_disabled_in_debug_needed  system_nrf51.o
    0x0000164c   0x0000164c   0x0000006c   Code   RO          452    i.is_manual_peripheral_setup_needed  system_nrf51.o
    0x000016b8   0x000016b8   0x00000054   Code   RO          453    i.is_peripheral_domain_setup_needed  system_nrf51.o
    0x0000170c   0x0000170c   0x0000000e   Code   RO         1549    i.item_dequeue      nrf_drv_clock.o
    0x0000171a   0x0000171a   0x00000024   Code   RO         1550    i.item_enqueue      nrf_drv_clock.o
    0x0000173e   0x0000173e   0x00000018   Code   RO         1551    i.lfclk_start       nrf_drv_clock.o
    0x00001756   0x00001756   0x00000002   PAD
    0x00001758   0x00001758   0x000001a4   Code   RO            5    i.main              main.o
    0x000018fc   0x000018fc   0x00000016   Code   RO         1789    i.nrf_bitmask_bit_is_set  nrf_drv_gpiote.o
    0x00001912   0x00001912   0x00000016   Code   RO         1553    i.nrf_clock_event_check  nrf_drv_clock.o
    0x00001928   0x00001928   0x0000000c   Code   RO         1554    i.nrf_clock_event_clear  nrf_drv_clock.o
    0x00001934   0x00001934   0x0000000c   Code   RO         1556    i.nrf_clock_int_disable  nrf_drv_clock.o
    0x00001940   0x00001940   0x0000000c   Code   RO         1557    i.nrf_clock_int_enable  nrf_drv_clock.o
    0x0000194c   0x0000194c   0x0000000a   Code   RO         1559    i.nrf_clock_task_trigger  nrf_drv_clock.o
    0x00001956   0x00001956   0x00000002   PAD
    0x00001958   0x00001958   0x00000064   Code   RO         1570    i.nrf_drv_clock_lfclk_request  nrf_drv_clock.o
    0x000019bc   0x000019bc   0x00000048   Code   RO         2590    i.nrf_esb_disable   nrf_esb.o
    0x00001a04   0x00001a04   0x00000150   Code   RO         2967    i.nrf_esb_event_handler  radio.o
    0x00001b54   0x00001b54   0x00000044   Code   RO         2594    i.nrf_esb_get_clear_interrupts  nrf_esb.o
    0x00001b98   0x00001b98   0x000000ac   Code   RO         2596    i.nrf_esb_init      nrf_esb.o
    0x00001c44   0x00001c44   0x00000014   Code   RO         2597    i.nrf_esb_is_idle   nrf_esb.o
    0x00001c58   0x00001c58   0x000000a8   Code   RO         2599    i.nrf_esb_read_rx_payload  nrf_esb.o
    0x00001d00   0x00001d00   0x0000003c   Code   RO         2601    i.nrf_esb_set_base_address_0  nrf_esb.o
    0x00001d3c   0x00001d3c   0x0000003c   Code   RO         2602    i.nrf_esb_set_base_address_1  nrf_esb.o
    0x00001d78   0x00001d78   0x00000060   Code   RO         2603    i.nrf_esb_set_prefixes  nrf_esb.o
    0x00001dd8   0x00001dd8   0x00000030   Code   RO         2604    i.nrf_esb_set_rf_channel  nrf_esb.o
    0x00001e08   0x00001e08   0x00000094   Code   RO         2606    i.nrf_esb_start_rx  nrf_esb.o
    0x00001e9c   0x00001e9c   0x00000054   Code   RO         2608    i.nrf_esb_stop_rx   nrf_esb.o
    0x00001ef0   0x00001ef0   0x0000010c   Code   RO         2611    i.nrf_esb_write_payload  nrf_esb.o
    0x00001ffc   0x00001ffc   0x00000040   Code   RO         1811    i.nrf_gpio_cfg_sense_set  nrf_drv_gpiote.o
    0x0000203c   0x0000203c   0x00000018   Code   RO            6    i.nrf_gpio_pin_clear  main.o
    0x00002054   0x00002054   0x00000018   Code   RO            7    i.nrf_gpio_pin_set  main.o
    0x0000206c   0x0000206c   0x0000002e   Code   RO            8    i.nrf_gpio_pin_toggle  main.o
    0x0000209a   0x0000209a   0x00000040   Code   RO          240    i.nrf_gpio_pin_write  boards.o
    0x000020da   0x000020da   0x00000002   PAD
    0x000020dc   0x000020dc   0x00000030   Code   RO         1815    i.nrf_gpio_ports_read  nrf_drv_gpiote.o
    0x0000210c   0x0000210c   0x0000000c   Code   RO         1816    i.nrf_gpiote_event_addr_get  nrf_drv_gpiote.o
    0x00002118   0x00002118   0x00000010   Code   RO         1817    i.nrf_gpiote_event_clear  nrf_drv_gpiote.o
    0x00002128   0x00002128   0x00000016   Code   RO         1818    i.nrf_gpiote_event_is_set  nrf_drv_gpiote.o
    0x0000213e   0x0000213e   0x00000006   Code   RO          810    i.nrf_rtc_event_clear  port_cmsis_systick.o
    0x00002144   0x00002144   0x0000000a   Code   RO          811    i.nrf_rtc_int_disable  port_cmsis_systick.o
    0x0000214e   0x0000214e   0x0000000a   Code   RO          812    i.nrf_rtc_int_enable  port_cmsis_systick.o
    0x00002158   0x00002158   0x00000006   Code   RO          813    i.nrf_rtc_task_trigger  port_cmsis_systick.o
    0x0000215e   0x0000215e   0x00000002   PAD
    0x00002160   0x00002160   0x000001c8   Code   RO         2612    i.on_radio_disabled_rx  nrf_esb.o
    0x00002328   0x00002328   0x00000048   Code   RO         2613    i.on_radio_disabled_rx_ack  nrf_esb.o
    0x00002370   0x00002370   0x000000a0   Code   RO         2614    i.on_radio_disabled_tx  nrf_esb.o
    0x00002410   0x00002410   0x00000040   Code   RO         2615    i.on_radio_disabled_tx_noack  nrf_esb.o
    0x00002450   0x00002450   0x0000016c   Code   RO         2616    i.on_radio_disabled_tx_wait_for_ack  nrf_esb.o
    0x000025bc   0x000025bc   0x00000064   Code   RO         2617    i.ppi_init          nrf_esb.o
    0x00002620   0x00002620   0x00000054   Code   RO         1067    i.prvAddCurrentTaskToDelayedList  tasks.o
    0x00002674   0x00002674   0x00000046   Code   RO         1068    i.prvAllocateTCBAndStack  tasks.o
    0x000026ba   0x000026ba   0x00000002   PAD
    0x000026bc   0x000026bc   0x00000068   Code   RO         1424    i.prvCheckForValidListAndQueue  timers.o
    0x00002724   0x00002724   0x00000068   Code   RO         1069    i.prvCheckTasksWaitingTermination  tasks.o
    0x0000278c   0x0000278c   0x0000002c   Code   RO          874    i.prvCopyDataFromQueue  queue.o
    0x000027b8   0x000027b8   0x00000084   Code   RO          875    i.prvCopyDataToQueue  queue.o
    0x0000283c   0x0000283c   0x00000012   Code   RO         1070    i.prvDeleteTCB      tasks.o
    0x0000284e   0x0000284e   0x00000002   PAD
    0x00002850   0x00002850   0x00000038   Code   RO         1071    i.prvGetExpectedIdleTime  tasks.o
    0x00002888   0x00002888   0x0000002c   Code   RO         1425    i.prvGetNextExpireTime  timers.o
    0x000028b4   0x000028b4   0x0000003c   Code   RO         1072    i.prvIdleTask       tasks.o
    0x000028f0   0x000028f0   0x0000005c   Code   RO         1073    i.prvInitialiseTCBVariables  tasks.o
    0x0000294c   0x0000294c   0x00000064   Code   RO         1074    i.prvInitialiseTaskLists  tasks.o
    0x000029b0   0x000029b0   0x00000054   Code   RO         1426    i.prvInsertTimerInActiveList  timers.o
    0x00002a04   0x00002a04   0x0000001c   Code   RO          876    i.prvIsQueueEmpty   queue.o
    0x00002a20   0x00002a20   0x0000001e   Code   RO          877    i.prvIsQueueFull    queue.o
    0x00002a3e   0x00002a3e   0x00000002   PAD
    0x00002a40   0x00002a40   0x0000004c   Code   RO         1427    i.prvProcessExpiredTimer  timers.o
    0x00002a8c   0x00002a8c   0x000000d4   Code   RO         1428    i.prvProcessReceivedCommands  timers.o
    0x00002b60   0x00002b60   0x00000050   Code   RO         1429    i.prvProcessTimerOrBlockTask  timers.o
    0x00002bb0   0x00002bb0   0x00000038   Code   RO         1075    i.prvResetNextTaskUnblockTime  tasks.o
    0x00002be8   0x00002be8   0x0000002c   Code   RO         1430    i.prvSampleTimeNow  timers.o
    0x00002c14   0x00002c14   0x00000080   Code   RO         1431    i.prvSwitchTimerLists  timers.o
    0x00002c94   0x00002c94   0x0000000a   Code   RO          728    i.prvTaskExitError  port_cmsis.o
    0x00002c9e   0x00002c9e   0x0000001a   Code   RO         1432    i.prvTimerTask      timers.o
    0x00002cb8   0x00002cb8   0x0000008a   Code   RO          878    i.prvUnlockQueue    queue.o
    0x00002d42   0x00002d42   0x00000002   PAD
    0x00002d44   0x00002d44   0x00000074   Code   RO          624    i.pvPortMalloc      heap_1.o
    0x00002db8   0x00002db8   0x00000020   Code   RO         1078    i.pvTaskIncrementMutexHeldCount  tasks.o
    0x00002dd8   0x00002dd8   0x0000002c   Code   RO          729    i.pxPortInitialiseStack  port_cmsis.o
    0x00002e04   0x00002e04   0x00000018   Code   RO         2968    i.radio_change_rx_channel  radio.o
    0x00002e1c   0x00002e1c   0x00000110   Code   RO         2969    i.radio_config      radio.o
    0x00002f2c   0x00002f2c   0x0000002a   Code   RO         2970    i.radio_listen      radio.o
    0x00002f56   0x00002f56   0x00000002   PAD
    0x00002f58   0x00002f58   0x00000084   Code   RO         2976    i.radio_send_ok     radio.o
    0x00002fdc   0x00002fdc   0x0000001e   Code   RO         2978    i.radio_set_channel  radio.o
    0x00002ffa   0x00002ffa   0x00000002   PAD
    0x00002ffc   0x00002ffc   0x0000001c   Code   RO         2618    i.reset_fifos       nrf_esb.o
    0x00003018   0x00003018   0x000000d4   Code   RO         2619    i.rx_fifo_push_rfbuf  nrf_esb.o
    0x000030ec   0x000030ec   0x00000198   Code   RO         2620    i.start_tx_transaction  nrf_esb.o
    0x00003284   0x00003284   0x00000020   Code   RO         2621    i.sys_timer_init    nrf_esb.o
    0x000032a4   0x000032a4   0x000001f8   Code   RO            9    i.task1_function    main.o
    0x0000349c   0x0000349c   0x00000084   Code   RO           10    i.task2_function    main.o
    0x00003520   0x00003520   0x00000038   Code   RO         2622    i.tx_fifo_remove_last  nrf_esb.o
    0x00003558   0x00003558   0x00000020   Code   RO          879    i.ulPortDisableISR  queue.o
    0x00003578   0x00003578   0x00000054   Code   RO         2623    i.update_radio_addresses  nrf_esb.o
    0x000035cc   0x000035cc   0x00000050   Code   RO         2624    i.update_radio_bitrate  nrf_esb.o
    0x0000361c   0x0000361c   0x00000040   Code   RO         2625    i.update_radio_crc  nrf_esb.o
    0x0000365c   0x0000365c   0x00000028   Code   RO         2626    i.update_radio_parameters  nrf_esb.o
    0x00003684   0x00003684   0x00000034   Code   RO         2627    i.update_radio_protocol  nrf_esb.o
    0x000036b8   0x000036b8   0x00000014   Code   RO         2628    i.update_radio_tx_power  nrf_esb.o
    0x000036cc   0x000036cc   0x0000002c   Code   RO         2629    i.update_rf_payload_format_esb  nrf_esb.o
    0x000036f8   0x000036f8   0x0000002c   Code   RO         2630    i.update_rf_payload_format_esb_dpl  nrf_esb.o
    0x00003724   0x00003724   0x00000028   Code   RO          665    i.uxListRemove      list.o
    0x0000374c   0x0000374c   0x00000012   Code   RO          880    i.uxQueueMessagesWaiting  queue.o
    0x0000375e   0x0000375e   0x00000018   Code   RO          882    i.uxQueueSpacesAvailable  queue.o
    0x00003776   0x00003776   0x0000001a   Code   RO          666    i.vListInitialise   list.o
    0x00003790   0x00003790   0x00000006   Code   RO          667    i.vListInitialiseItem  list.o
    0x00003796   0x00003796   0x00000036   Code   RO          668    i.vListInsert       list.o
    0x000037cc   0x000037cc   0x00000018   Code   RO          669    i.vListInsertEnd    list.o
    0x000037e4   0x000037e4   0x00000018   Code   RO          731    i.vPortEnterCritical  port_cmsis.o
    0x000037fc   0x000037fc   0x00000020   Code   RO          732    i.vPortExitCritical  port_cmsis.o
    0x0000381c   0x0000381c   0x00000002   Code   RO          625    i.vPortFree         heap_1.o
    0x0000381e   0x0000381e   0x00000010   Code   RO          883    i.vPortRestoreISR   queue.o
    0x0000382e   0x0000382e   0x00000038   Code   RO          733    i.vPortSafeTaskSwitchContext  port_cmsis.o
    0x00003866   0x00003866   0x00000002   PAD
    0x00003868   0x00003868   0x0000004c   Code   RO          814    i.vPortSetupTimerInterrupt  port_cmsis_systick.o
    0x000038b4   0x000038b4   0x000000d0   Code   RO          815    i.vPortSuppressTicksAndSleep  port_cmsis_systick.o
    0x00003984   0x00003984   0x0000001c   Code   RO          734    i.vPortTaskYield    port_cmsis.o
    0x000039a0   0x000039a0   0x0000002c   Code   RO          884    i.vQueueAddToRegistry  queue.o
    0x000039cc   0x000039cc   0x0000003c   Code   RO          887    i.vQueueWaitForMessageRestricted  queue.o
    0x00003a08   0x00003a08   0x0000003c   Code   RO         1087    i.vTaskDelay        tasks.o
    0x00003a44   0x00003a44   0x0000000c   Code   RO         1091    i.vTaskMissedYield  tasks.o
    0x00003a50   0x00003a50   0x0000004c   Code   RO         1093    i.vTaskPlaceOnEventList  tasks.o
    0x00003a9c   0x00003a9c   0x00000034   Code   RO         1094    i.vTaskPlaceOnEventListRestricted  tasks.o
    0x00003ad0   0x00003ad0   0x0000008c   Code   RO         1096    i.vTaskPriorityInherit  tasks.o
    0x00003b5c   0x00003b5c   0x00000018   Code   RO         1099    i.vTaskSetTimeOutState  tasks.o
    0x00003b74   0x00003b74   0x0000005c   Code   RO         1100    i.vTaskStartScheduler  tasks.o
    0x00003bd0   0x00003bd0   0x00000010   Code   RO         1101    i.vTaskStepTick     tasks.o
    0x00003be0   0x00003be0   0x00000010   Code   RO         1103    i.vTaskSuspendAll   tasks.o
    0x00003bf0   0x00003bf0   0x00000080   Code   RO         1104    i.vTaskSwitchContext  tasks.o
    0x00003c70   0x00003c70   0x00000030   Code   RO          735    i.xPortStartScheduler  port_cmsis.o
    0x00003ca0   0x00003ca0   0x0000004c   Code   RO          890    i.xQueueGenericCreate  queue.o
    0x00003cec   0x00003cec   0x0000012c   Code   RO          891    i.xQueueGenericReceive  queue.o
    0x00003e18   0x00003e18   0x00000074   Code   RO          892    i.xQueueGenericReset  queue.o
    0x00003e8c   0x00003e8c   0x000000f0   Code   RO          893    i.xQueueGenericSend  queue.o
    0x00003f7c   0x00003f7c   0x0000006e   Code   RO          894    i.xQueueGenericSendFromISR  queue.o
    0x00003fea   0x00003fea   0x00000060   Code   RO          895    i.xQueueGiveFromISR  queue.o
    0x0000404a   0x0000404a   0x00000002   PAD
    0x0000404c   0x0000404c   0x00000060   Code   RO         1105    i.xTaskCheckForTimeOut  tasks.o
    0x000040ac   0x000040ac   0x000000f8   Code   RO         1106    i.xTaskGenericCreate  tasks.o
    0x000041a4   0x000041a4   0x00000024   Code   RO         1110    i.xTaskGetSchedulerState  tasks.o
    0x000041c8   0x000041c8   0x0000000c   Code   RO         1111    i.xTaskGetTickCount  tasks.o
    0x000041d4   0x000041d4   0x0000010c   Code   RO         1113    i.xTaskIncrementTick  tasks.o
    0x000042e0   0x000042e0   0x00000060   Code   RO         1116    i.xTaskPriorityDisinherit  tasks.o
    0x00004340   0x00004340   0x00000084   Code   RO         1117    i.xTaskRemoveFromEventList  tasks.o
    0x000043c4   0x000043c4   0x000000dc   Code   RO         1119    i.xTaskResumeAll    tasks.o
    0x000044a0   0x000044a0   0x0000003c   Code   RO         1435    i.xTimerCreate      timers.o
    0x000044dc   0x000044dc   0x00000048   Code   RO         1436    i.xTimerCreateTimerTask  timers.o
    0x00004524   0x00004524   0x00000068   Code   RO         1437    i.xTimerGenericCommand  timers.o
    0x0000458c   0x0000458c   0x00000003   Data   RO          241    .constdata          boards.o
    0x0000458f   0x0000458f   0x00000001   PAD
    0x00004590   0x00004590   0x00000004   Data   RO          736    .constdata          port_cmsis.o
    0x00004594   0x00004594   0x00000047   Data   RO         1826    .constdata          nrf_drv_gpiote.o
    0x000045db   0x000045db   0x00000001   PAD
    0x000045dc   0x000045dc   0x00000018   Data   RO         2980    .constdata          radio.o
    0x000045f4   0x000045f4   0x00000020   Data   RO         3395    Region$$Table       anon$$obj.o


    Execution Region RW_IRAM1 (Exec base: 0x20000000, Load base: 0x00004614, Size: 0x00001e88, Max: 0x00004000, ABSOLUTE)

    Exec Addr    Load Addr    Size         Type   Attr      Idx    E Section Name        Object

    0x20000000   0x00004614   0x00000011   Data   RW           13    .data               main.o
    0x20000011   0x00004625   0x00000003   PAD
    0x20000014   0x00004628   0x00000004   Data   RW          454    .data               system_nrf51.o
    0x20000018   0x0000462c   0x00000008   Data   RW          629    .data               heap_1.o
    0x20000020   0x00004634   0x00000004   Data   RW          737    .data               port_cmsis.o
    0x20000024   0x00004638   0x0000003c   Data   RW         1122    .data               tasks.o
    0x20000060   0x00004674   0x00000014   Data   RW         1443    .data               timers.o
    0x20000074   0x00004688   0x00000004   Data   RW         2329    .data               app_util_platform.o
    0x20000078   0x0000468c   0x0000003c   Data   RW         2632    .data               nrf_esb.o
    0x200000b4   0x000046c8   0x0000000c   Data   RW         2896    .data               serial.o
    0x200000c0   0x000046d4   0x0000000e   Data   RW         2982    .data               radio.o
    0x200000ce   0x000046e2   0x00000002   PAD
    0x200000d0        -       0x00001000   Zero   RW          628    .bss                heap_1.o
    0x200010d0        -       0x00000010   Zero   RW          902    .bss                queue.o
    0x200010e0        -       0x000000a0   Zero   RW         1121    .bss                tasks.o
    0x20001180        -       0x00000028   Zero   RW         1442    .bss                timers.o
    0x200011a8        -       0x00000014   Zero   RW         1572    .bss                nrf_drv_clock.o
    0x200011bc        -       0x00000048   Zero   RW         1825    .bss                nrf_drv_gpiote.o
    0x20001204        -       0x00000332   Zero   RW         2631    .bss                nrf_esb.o
    0x20001536        -       0x00000080   Zero   RW         2895    .bss                serial.o
    0x200015b6   0x000046e2   0x00000002   PAD
    0x200015b8        -       0x000000cc   Zero   RW         2979    .bss                radio.o
    0x20001684   0x000046e2   0x00000004   PAD
    0x20001688        -       0x00000800   Zero   RW          440    STACK               arm_startup_nrf51.o


==============================================================================

Image component sizes


      Code (inc. data)   RO Data    RW Data    ZI Data      Debug   Object Name

        68         12          0          4          0       3186   app_util_platform.o
        56         18        192          0       2048        736   arm_startup_nrf51.o
       256         14          3          0          0       7966   boards.o
        28          0          0          0          0         76   bsp.o
         0          0          0          0          0       2420   event_groups.o
       118         16          0          8       4096       2359   heap_1.o
       150          0          0          0          0       3662   list.o
      1302        392          0         17          0      60998   main.o
       378         28          0          0         20      11727   nrf_drv_clock.o
       844         34         71          0         72      21721   nrf_drv_gpiote.o
      4342        796          0         60        818      35273   nrf_esb.o
       108         16          0          0          0        592   port.o
       362         40          4          4          0      14353   port_cmsis.o
       536         40          0          0          0      14058   port_cmsis_systick.o
      1504          4          0          0         16      23215   queue.o
      1376        454         24         14        204       9064   radio.o
       774        150          0         12        128      11247   serial.o
       348         38          0          4          0       2735   system_nrf51.o
      2432        388          0         60        160      31258   tasks.o
      1034        102          0         20         40      10638   timers.o

    ----------------------------------------------------------------------
     16042       2542        328        208       7608     267284   Object Totals
         0          0         32          0          0          0   (incl. Generated)
        26          0          2          5          6          0   (incl. Padding)

    ----------------------------------------------------------------------

      Code (inc. data)   RO Data    RW Data    ZI Data      Debug   Library Member Name

         0          0          0          0          0          0   entry.o
         0          0          0          0          0          0   entry10a.o
         0          0          0          0          0          0   entry11a.o
         8          4          0          0          0          0   entry2.o
         4          0          0          0          0          0   entry5.o
         0          0          0          0          0          0   entry7b.o
         0          0          0          0          0          0   entry8b.o
         8          4          0          0          0          0   entry9a.o
        30          0          0          0          0          0   handlers.o
        36          8          0          0          0         68   init.o
        32          0          0          0          0         68   llshl.o
        34          0          0          0          0         68   llushr.o
        36          0          0          0          0         60   memcpya.o
        36          0          0          0          0        100   memseta.o
      1190         48          0          0          0        384   printf8.o
        14          0          0          0          0         60   strlen.o
        40          0          0          0          0         72   strstr.o
        96          0          0          0          0         84   uldiv.o

    ----------------------------------------------------------------------
      1570         64          0          0          0        964   Library Totals
         6          0          0          0          0          0   (incl. Padding)

    ----------------------------------------------------------------------

      Code (inc. data)   RO Data    RW Data    ZI Data      Debug   Library Name

      1564         64          0          0          0        964   mc_p.l

    ----------------------------------------------------------------------
      1570         64          0          0          0        964   Library Totals

    ----------------------------------------------------------------------

==============================================================================


      Code (inc. data)   RO Data    RW Data    ZI Data      Debug   

     17612       2606        328        208       7608     260164   Grand Totals
     17612       2606        328        208       7608     260164   ELF Image Totals
     17612       2606        328        208          0          0   ROM Totals

==============================================================================

    Total RO  Size (Code + RO Data)                17940 (  17.52kB)
    Total RW  Size (RW Data + ZI Data)              7816 (   7.63kB)
    Total ROM Size (Code + RO Data + RW Data)      18148 (  17.72kB)

==============================================================================

