Component: ARM Compiler 5.06 update 5 (build 528) Tool: armlink [4d35e2]

==============================================================================

Section Cross References

    main.o(i.advertising_init) refers to memseta.o(.text) for __aeabi_memclr4
    main.o(i.advertising_init) refers to ble_advertising.o(i.ble_advertising_init) for ble_advertising_init
    main.o(i.advertising_init) refers to app_error.o(i.app_error_handler_bare) for app_error_handler_bare
    main.o(i.advertising_init) refers to main.o(.data) for .data
    main.o(i.advertising_init) refers to main.o(i.on_adv_evt) for on_adv_evt
    main.o(i.application_timers_start) refers to tasks.o(i.xTaskGetTickCount) for xTaskGetTickCount
    main.o(i.application_timers_start) refers to timers.o(i.xTimerGenericCommand) for xTimerGenericCommand
    main.o(i.application_timers_start) refers to app_error.o(i.app_error_handler_bare) for app_error_handler_bare
    main.o(i.application_timers_start) refers to main.o(.data) for .data
    main.o(i.assert_nrf_callback) refers to segger_rtt.o(i.SEGGER_RTT_WriteString) for SEGGER_RTT_WriteString
    main.o(i.assert_nrf_callback) refers to app_error.o(i.app_error_handler) for app_error_handler
    main.o(i.battery_level_meas_timeout_handler) refers to boards.o(i.bsp_board_led_invert) for bsp_board_led_invert
    main.o(i.ble_evt_dispatch) refers to ble_conn_state.o(i.ble_conn_state_on_ble_evt) for ble_conn_state_on_ble_evt
    main.o(i.ble_evt_dispatch) refers to peer_manager.o(i.pm_on_ble_evt) for pm_on_ble_evt
    main.o(i.ble_evt_dispatch) refers to ble_conn_params.o(i.ble_conn_params_on_ble_evt) for ble_conn_params_on_ble_evt
    main.o(i.ble_evt_dispatch) refers to bsp_btn_ble.o(i.bsp_btn_ble_on_ble_evt) for bsp_btn_ble_on_ble_evt
    main.o(i.ble_evt_dispatch) refers to ble_advertising.o(i.ble_advertising_on_ble_evt) for ble_advertising_on_ble_evt
    main.o(i.ble_evt_dispatch) refers to main.o(i.on_ble_evt) for on_ble_evt
    main.o(i.ble_evt_dispatch) refers to service_if.o(i.bluetooth_on_ble_evt) for bluetooth_on_ble_evt
    main.o(i.ble_evt_dispatch) refers to nrf_ble_qwr.o(i.nrf_ble_qwr_on_ble_evt) for nrf_ble_qwr_on_ble_evt
    main.o(i.ble_evt_dispatch) refers to main.o(.bss) for .bss
    main.o(i.ble_stack_init) refers to softdevice_handler.o(i.softdevice_handler_init) for softdevice_handler_init
    main.o(i.ble_stack_init) refers to app_error.o(i.app_error_handler_bare) for app_error_handler_bare
    main.o(i.ble_stack_init) refers to softdevice_handler.o(i.softdevice_enable_get_default_config) for softdevice_enable_get_default_config
    main.o(i.ble_stack_init) refers to softdevice_handler.o(i.softdevice_enable) for softdevice_enable
    main.o(i.ble_stack_init) refers to softdevice_handler.o(i.softdevice_ble_evt_handler_set) for softdevice_ble_evt_handler_set
    main.o(i.ble_stack_init) refers to softdevice_handler.o(i.softdevice_sys_evt_handler_set) for softdevice_sys_evt_handler_set
    main.o(i.ble_stack_init) refers to main.o(.constdata) for .constdata
    main.o(i.ble_stack_init) refers to main.o(.bss) for .bss
    main.o(i.ble_stack_init) refers to main.o(i.ble_evt_dispatch) for ble_evt_dispatch
    main.o(i.ble_stack_init) refers to main.o(i.sys_evt_dispatch) for sys_evt_dispatch
    main.o(i.ble_stack_thread) refers to main.o(i.timers_init) for timers_init
    main.o(i.ble_stack_thread) refers to main.o(i.buttons_leds_init) for buttons_leds_init
    main.o(i.ble_stack_thread) refers to main.o(i.ble_stack_init) for ble_stack_init
    main.o(i.ble_stack_thread) refers to main.o(i.peer_manager_init) for peer_manager_init
    main.o(i.ble_stack_thread) refers to segger_rtt.o(i.SEGGER_RTT_WriteString) for SEGGER_RTT_WriteString
    main.o(i.ble_stack_thread) refers to main.o(i.gap_params_init) for gap_params_init
    main.o(i.ble_stack_thread) refers to main.o(i.advertising_init) for advertising_init
    main.o(i.ble_stack_thread) refers to main.o(i.services_init) for services_init
    main.o(i.ble_stack_thread) refers to main.o(i.conn_params_init) for conn_params_init
    main.o(i.ble_stack_thread) refers to main.o(i.application_timers_start) for application_timers_start
    main.o(i.ble_stack_thread) refers to ble_advertising.o(i.ble_advertising_start) for ble_advertising_start
    main.o(i.ble_stack_thread) refers to app_error.o(i.app_error_handler_bare) for app_error_handler_bare
    main.o(i.ble_stack_thread) refers to tasks.o(i.vTaskResume) for vTaskResume
    main.o(i.ble_stack_thread) refers to queue.o(i.xQueueGenericReceive) for xQueueGenericReceive
    main.o(i.ble_stack_thread) refers to softdevice_handler.o(i.intern_softdevice_events_execute) for intern_softdevice_events_execute
    main.o(i.ble_stack_thread) refers to main.o(.data) for .data
    main.o(i.bsp_event_handler) refers to segger_rtt.o(i.SEGGER_RTT_WriteString) for SEGGER_RTT_WriteString
    main.o(i.bsp_event_handler) refers to queue.o(i.xQueueGiveFromISR) for xQueueGiveFromISR
[...]
    pds_peer_data_read                       0x00025835   Thumb Code   110  peer_data_storage.o(i.pds_peer_data_read)
    pds_peer_data_store                      0x000258a3   Thumb Code   170  peer_data_storage.o(i.pds_peer_data_store)
    pds_peer_id_allocate                     0x0002594d   Thumb Code     8  peer_data_storage.o(i.pds_peer_id_allocate)
    pds_peer_id_free                         0x00025955   Thumb Code    22  peer_data_storage.o(i.pds_peer_id_free)
    pds_peer_id_is_allocated                 0x0002596b   Thumb Code     4  peer_data_storage.o(i.pds_peer_id_is_allocated)
    pds_space_reserve                        0x0002596f   Thumb Code    52  peer_data_storage.o(i.pds_space_reserve)
    pds_space_reserve_cancel                 0x000259a3   Thumb Code    18  peer_data_storage.o(i.pds_space_reserve_cancel)
    peer_id_allocate                         0x00025ac1   Thumb Code     6  peer_id.o(i.peer_id_allocate)
    peer_id_delete                           0x00025acd   Thumb Code    36  peer_id.o(i.peer_id_delete)
    peer_id_free                             0x00025af5   Thumb Code    26  peer_id.o(i.peer_id_free)
    peer_id_get_next_deleted                 0x00025b15   Thumb Code     6  peer_id.o(i.peer_id_get_next_deleted)
    peer_id_get_next_used                    0x00025b21   Thumb Code    46  peer_id.o(i.peer_id_get_next_used)
    peer_id_init                             0x00025b55   Thumb Code    34  peer_id.o(i.peer_id_init)
    peer_id_is_allocated                     0x00025b7d   Thumb Code    16  peer_id.o(i.peer_id_is_allocated)
    peer_id_is_deleted                       0x00025b91   Thumb Code    16  peer_id.o(i.peer_id_is_deleted)
    pm_buffer_block_acquire                  0x00025cd5   Thumb Code    98  pm_buffer.o(i.pm_buffer_block_acquire)
    pm_buffer_init                           0x00025d37   Thumb Code    66  pm_buffer.o(i.pm_buffer_init)
    pm_buffer_ptr_get                        0x00025d79   Thumb Code    48  pm_buffer.o(i.pm_buffer_ptr_get)
    pm_buffer_release                        0x00025da9   Thumb Code    50  pm_buffer.o(i.pm_buffer_release)
    pm_conn_sec_config_reply                 0x00025ddb   Thumb Code     4  peer_manager.o(i.pm_conn_sec_config_reply)
    pm_gcm_evt_handler                       0x00025ee9   Thumb Code   172  peer_manager.o(i.pm_gcm_evt_handler)
    pm_im_evt_handler                        0x00025f95   Thumb Code    76  peer_manager.o(i.pm_im_evt_handler)
    pm_init                                  0x00025fe5   Thumb Code   118  peer_manager.o(i.pm_init)
    pm_local_database_has_changed            0x00026061   Thumb Code    14  peer_manager.o(i.pm_local_database_has_changed)
    pm_mutex_init                            0x00026075   Thumb Code    14  pm_mutex.o(i.pm_mutex_init)
    pm_mutex_lock                            0x00026083   Thumb Code    28  pm_mutex.o(i.pm_mutex_lock)
    pm_mutex_lock_first_available            0x0002609f   Thumb Code    56  pm_mutex.o(i.pm_mutex_lock_first_available)
    pm_mutex_lock_status_get                 0x000260d7   Thumb Code    30  pm_mutex.o(i.pm_mutex_lock_status_get)
    pm_mutex_unlock                          0x000260f5   Thumb Code    54  pm_mutex.o(i.pm_mutex_unlock)
    pm_on_ble_evt                            0x0002612d   Thumb Code    36  peer_manager.o(i.pm_on_ble_evt)
    pm_pdb_evt_handler                       0x00026155   Thumb Code   372  peer_manager.o(i.pm_pdb_evt_handler)
    pm_peer_delete                           0x000262cd   Thumb Code    16  peer_manager.o(i.pm_peer_delete)
    pm_peers_delete                          0x000262e1   Thumb Code    60  peer_manager.o(i.pm_peers_delete)
    pm_register                              0x00026321   Thumb Code    36  peer_manager.o(i.pm_register)
    pm_sec_params_set                        0x0002634d   Thumb Code    16  peer_manager.o(i.pm_sec_params_set)
    pm_sm_evt_handler                        0x00026361   Thumb Code   404  peer_manager.o(i.pm_sm_evt_handler)
    pvPortMalloc                             0x00026b11   Thumb Code    68  heap_1.o(i.pvPortMalloc)
    pvTaskIncrementMutexHeldCount            0x00026b5d   Thumb Code    20  tasks.o(i.pvTaskIncrementMutexHeldCount)
    pvTimerGetTimerID                        0x00026b75   Thumb Code    18  timers.o(i.pvTimerGetTimerID)
    pxPortInitialiseStack                    0x00026b89   Thumb Code    32  port_cmsis.o(i.pxPortInitialiseStack)
    sdk_mapped_flags_bulk_update_by_key      0x00027249   Thumb Code    80  sdk_mapped_flags.o(i.sdk_mapped_flags_bulk_update_by_key)
    sdk_mapped_flags_first_key_index_get     0x00027299   Thumb Code    34  sdk_mapped_flags.o(i.sdk_mapped_flags_first_key_index_get)
    sdk_mapped_flags_get_by_key              0x000272cb   Thumb Code    42  sdk_mapped_flags.o(i.sdk_mapped_flags_get_by_key)
    sdk_mapped_flags_key_list_get            0x000272f5   Thumb Code    72  sdk_mapped_flags.o(i.sdk_mapped_flags_key_list_get)
    sdk_mapped_flags_update_by_key           0x0002733d   Thumb Code    14  sdk_mapped_flags.o(i.sdk_mapped_flags_update_by_key)
    sm_ble_evt_handler                       0x00027965   Thumb Code    18  security_manager.o(i.sm_ble_evt_handler)
    sm_conn_sec_config_reply                 0x0002797d   Thumb Code    20  security_manager.o(i.sm_conn_sec_config_reply)
    sm_init                                  0x00027995   Thumb Code    76  security_manager.o(i.sm_init)
    sm_pdb_evt_handler                       0x000279e5   Thumb Code    52  security_manager.o(i.sm_pdb_evt_handler)
    sm_sec_params_set                        0x00027a1d   Thumb Code    44  security_manager.o(i.sm_sec_params_set)
    sm_smd_evt_handler                       0x00027a4d   Thumb Code   124  security_manager.o(i.sm_smd_evt_handler)
    smd_ble_evt_handler                      0x00027acd   Thumb Code    66  security_dispatcher.o(i.smd_ble_evt_handler)
    smd_init                                 0x00027b11   Thumb Code    56  security_dispatcher.o(i.smd_init)
    smd_link_secure                          0x00027b4d   Thumb Code    54  security_dispatcher.o(i.smd_link_secure)
    smd_params_reply                         0x00027b85   Thumb Code   260  security_dispatcher.o(i.smd_params_reply)
    smd_pdb_evt_handler                      0x00027d0d   Thumb Code    54  security_dispatcher.o(i.smd_pdb_evt_handler)
    softdevice_ble_evt_handler_set           0x00027d49   Thumb Code    16  softdevice_handler.o(i.softdevice_ble_evt_handler_set)
    softdevice_enable                        0x00027d5d   Thumb Code    20  softdevice_handler.o(i.softdevice_enable)
    softdevice_enable_get_default_config     0x00027d75   Thumb Code    38  softdevice_handler.o(i.softdevice_enable_get_default_config)
    softdevice_fault_handler                 0x00027d9b   Thumb Code     4  softdevice_handler.o(i.softdevice_fault_handler)
    softdevice_handler_init                  0x00027da1   Thumb Code   104  softdevice_handler.o(i.softdevice_handler_init)
    softdevice_handler_is_enabled            0x00027e15   Thumb Code     6  softdevice_handler.o(i.softdevice_handler_is_enabled)
    softdevice_sys_evt_handler_set           0x00027e21   Thumb Code    16  softdevice_handler.o(i.softdevice_sys_evt_handler_set)
    uxListRemove                             0x000280dd   Thumb Code    36  list.o(i.uxListRemove)
    vListInitialise                          0x00028101   Thumb Code    22  list.o(i.vListInitialise)
    vListInitialiseItem                      0x00028117   Thumb Code     6  list.o(i.vListInitialiseItem)
    vListInsert                              0x0002811d   Thumb Code    48  list.o(i.vListInsert)
    vListInsertEnd                           0x0002814d   Thumb Code    24  list.o(i.vListInsertEnd)
    vPortEnterCritical                       0x00028175   Thumb Code    16  port_cmsis.o(i.vPortEnterCritical)
    vPortExitCritical                        0x00028189   Thumb Code    18  port_cmsis.o(i.vPortExitCritical)
    vPortFree                                0x000281a1   Thumb Code     2  heap_1.o(i.vPortFree)
    vPortSetupTimerInterrupt                 0x000281a5   Thumb Code    46  port_cmsis_systick.o(i.vPortSetupTimerInterrupt)
    vPortSuppressTicksAndSleep               0x000281dd   Thumb Code   248  port_cmsis_systick.o(i.vPortSuppressTicksAndSleep)
    vQueueAddToRegistry                      0x000282e5   Thumb Code    32  queue.o(i.vQueueAddToRegistry)
    vQueueWaitForMessageRestricted           0x00028309   Thumb Code    58  queue.o(i.vQueueWaitForMessageRestricted)
    vTaskDelay                               0x00028345   Thumb Code    80  tasks.o(i.vTaskDelay)
    vTaskMissedYield                         0x0002839d   Thumb Code     8  tasks.o(i.vTaskMissedYield)
    vTaskPlaceOnEventList                    0x000283a9   Thumb Code    70  tasks.o(i.vTaskPlaceOnEventList)
    vTaskPlaceOnEventListRestricted          0x000283f9   Thumb Code    52  tasks.o(i.vTaskPlaceOnEventListRestricted)
    vTaskPriorityInherit                     0x00028431   Thumb Code   126  tasks.o(i.vTaskPriorityInherit)
    vTaskResume                              0x000284b9   Thumb Code   102  tasks.o(i.vTaskResume)
    vTaskSetTimeOutState                     0x0002852d   Thumb Code    12  tasks.o(i.vTaskSetTimeOutState)
    vTaskStartScheduler                      0x0002853d   Thumb Code    64  tasks.o(i.vTaskStartScheduler)
    vTaskStepTick                            0x0002858d   Thumb Code    10  tasks.o(i.vTaskStepTick)
    vTaskSuspend                             0x0002859d   Thumb Code   150  tasks.o(i.vTaskSuspend)
    vTaskSuspendAll                          0x00028641   Thumb Code    10  tasks.o(i.vTaskSuspendAll)
    vTaskSwitchContext                       0x00028651   Thumb Code    64  tasks.o(i.vTaskSwitchContext)
    xPortStartScheduler                      0x000289d9   Thumb Code    50  port_cmsis.o(i.xPortStartScheduler)
    xQueueGenericCreate                      0x00028a19   Thumb Code    58  queue.o(i.xQueueGenericCreate)
    xQueueGenericReceive                     0x00028a55   Thumb Code   296  queue.o(i.xQueueGenericReceive)
    xQueueGenericReset                       0x00028b81   Thumb Code   110  queue.o(i.xQueueGenericReset)
    xQueueGenericSend                        0x00028bf5   Thumb Code   248  queue.o(i.xQueueGenericSend)
    xQueueGenericSendFromISR                 0x00028cf1   Thumb Code    96  queue.o(i.xQueueGenericSendFromISR)
    xQueueGiveFromISR                        0x00028d51   Thumb Code    80  queue.o(i.xQueueGiveFromISR)
    xTaskCheckForTimeOut                     0x00028da1   Thumb Code    74  tasks.o(i.xTaskCheckForTimeOut)
    xTaskGenericCreate                       0x00028df1   Thumb Code   212  tasks.o(i.xTaskGenericCreate)
    xTaskGetSchedulerState                   0x00028ed1   Thumb Code    24  tasks.o(i.xTaskGetSchedulerState)
    xTaskGetTickCount                        0x00028eed   Thumb Code     6  tasks.o(i.xTaskGetTickCount)
    xTaskGetTickCountFromISR                 0x00028ef9   Thumb Code     6  tasks.o(i.xTaskGetTickCountFromISR)
    xTaskIncrementTick                       0x00028f05   Thumb Code   156  tasks.o(i.xTaskIncrementTick)
    xTaskPriorityDisinherit                  0x00028fa9   Thumb Code   102  tasks.o(i.xTaskPriorityDisinherit)
    xTaskRemoveFromEventList                 0x00029019   Thumb Code   100  tasks.o(i.xTaskRemoveFromEventList)
    xTaskResumeAll                           0x00029085   Thumb Code   168  tasks.o(i.xTaskResumeAll)
    xTimerCreate                             0x00029139   Thumb Code    64  timers.o(i.xTimerCreate)
    xTimerCreateTimerTask                    0x00029179   Thumb Code    50  timers.o(i.xTimerCreateTimerTask)
    xTimerGenericCommand                     0x000291bd   Thumb Code    84  timers.o(i.xTimerGenericCommand)
    xTimerIsTimerActive                      0x00029215   Thumb Code    26  timers.o(i.xTimerIsTimerActive)
    Region$$Table$$Base                      0x00029320   Number         0  anon$$obj.o(Region$$Table)
    Region$$Table$$Limit                     0x00029340   Number         0  anon$$obj.o(Region$$Table)
    Image$$RW_IRAM1$$Base                    0x20002128   Number         0  anon$$obj.o ABSOLUTE
    SystemCoreClock                          0x20002168   Data           4  system_nrf52.o(.data)
    pxCurrentTCB                             0x20002250   Data           4  tasks.o(.data)
    rx_data_rdy                              0x200022a8   Data           1  esp8266.o(.data)
    bytes_rx                                 0x200022aa   Data           2  esp8266.o(.data)
    m_uart_data_ready                        0x200022ac   Data           4  esp8266.o(.data)
    fs_data$$Base                            0x200022b4   Number         0  fds.o(fs_data)
    fs_data$$Limit                           0x200022c4   Number         0  fds.o(fs_data)
    nrf_nvic_state                           0x20002a34   Data          12  app_util_platform.o(.bss)
    _SEGGER_RTT                              0x20002fd4   Data         120  segger_rtt.o(.bss)
    xQueueRegistry                           0x2000304c   Data          16  queue.o(.bss)
    rx_buf                                   0x20005138   Data         512  esp8266.o(.bss)
    __initial_sp                             0x20007338   Data           0  arm_startup_nrf52.o(STACK)



==============================================================================

Memory Map of the image

  Image Entry point : 0x0001f401

  Load Region LR_IROM1 (Base: 0x0001f000, Size: 0x0000a4dc, Max: 0x00061000, ABSOLUTE, COMPRESSED[0x0000a36c])

    Execution Region ER_IROM1 (Exec base: 0x0001f000, Load base: 0x0001f000, Size: 0x0000a340, Max: 0x00061000, ABSOLUTE)

    Exec Addr    Load Addr    Size         Type   Attr      Idx    E Section Name        Object

    0x0001f000   0x0001f000   0x00000400   Data   RO          962    RESET               arm_startup_nrf52.o
    0x0001f400   0x0001f400   0x00000000   Code   RO         6054  * .ARM.Collect$$$$00000000  mc_w.l(entry.o)
    0x0001f400   0x0001f400   0x00000004   Code   RO         6334    .ARM.Collect$$$$00000001  mc_w.l(entry2.o)
    0x0001f404   0x0001f404   0x00000004   Code   RO         6337    .ARM.Collect$$$$00000004  mc_w.l(entry5.o)
    0x0001f408   0x0001f408   0x00000000   Code   RO         6339    .ARM.Collect$$$$00000008  mc_w.l(entry7b.o)
    0x0001f408   0x0001f408   0x00000000   Code   RO         6341    .ARM.Collect$$$$0000000A  mc_w.l(entry8b.o)
    0x0001f408   0x0001f408   0x00000008   Code   RO         6342    .ARM.Collect$$$$0000000B  mc_w.l(entry9a.o)
    0x0001f410   0x0001f410   0x00000000   Code   RO         6344    .ARM.Collect$$$$0000000D  mc_w.l(entry10a.o)
    0x0001f410   0x0001f410   0x00000000   Code   RO         6346    .ARM.Collect$$$$0000000F  mc_w.l(entry11a.o)
    0x0001f410   0x0001f410   0x00000004   Code   RO         6335    .ARM.Collect$$$$00002712  mc_w.l(entry2.o)
    0x0001f414   0x0001f414   0x000000a0   Code   RO         4992    .emb_text           port.o
    0x0001f4b4   0x0001f4b4   0x00000024   Code   RO          963    .text               arm_startup_nrf52.o
    0x0001f4d8   0x0001f4d8   0x00000024   Code   RO         6057    .text               mc_w.l(memcpya.o)
    0x0001f4fc   0x0001f4fc   0x00000024   Code   RO         6059    .text               mc_w.l(memseta.o)
    0x0001f520   0x0001f520   0x00000024   Code   RO         6061    .text               mc_w.l(strstr.o)
    0x0001f544   0x0001f544   0x00000018   Code   RO         6063    .text               mc_w.l(strncpy.o)
    0x0001f55c   0x0001f55c   0x0000000e   Code   RO         6065    .text               mc_w.l(strlen.o)
    0x0001f56a   0x0001f56a   0x0000001a   Code   RO         6067    .text               mc_w.l(memcmp.o)
    0x0001f584   0x0001f584   0x00000012   Code   RO         6069    .text               mc_w.l(strcpy.o)
    0x0001f596   0x0001f596   0x0000002c   Code   RO         6351    .text               mc_w.l(uidiv.o)
    0x0001f5c2   0x0001f5c2   0x00000002   PAD
    0x0001f5c4   0x0001f5c4   0x00000024   Code   RO         6366    .text               mc_w.l(init.o)
    0x0001f5e8   0x0001f5e8   0x00000056   Code   RO         6386    .text               mc_w.l(__dczerorl2.o)
    0x0001f63e   0x0001f63e   0x00000002   PAD
    0x0001f640   0x0001f640   0x0000012c   Code   RO         5958    i.ESP8266_AtCmd     esp8266.o
    0x0001f76c   0x0001f76c   0x00000118   Code   RO         5959    i.ESP8266_GET_Req   esp8266.o
    0x0001f884   0x0001f884   0x00000114   Code   RO         5960    i.ESP8266_Serial_Config  esp8266.o
    0x0001f998   0x0001f998   0x00000018   Code   RO         5961    i.ESP8266_Serial_Print  esp8266.o
    0x0001f9b0   0x0001f9b0   0x00000024   Code   RO         5962    i.ESP8266_Serial_Send  esp8266.o
    0x0001f9d4   0x0001f9d4   0x000000a8   Code   RO         5963    i.ESP8266_Session_Close  esp8266.o
    0x0001fa7c   0x0001fa7c   0x000001bc   Code   RO         5964    i.ESP8266_Session_Open  esp8266.o
    0x0001fc38   0x0001fc38   0x0000016c   Code   RO         5967    i.ESP8266_Wlan_Start  esp8266.o
    0x0001fda4   0x0001fda4   0x000001ac   Code   RO         3449    i.GPIOTE_IRQHandler  nrf_drv_gpiote.o
    0x0001ff50   0x0001ff50   0x00000016   Code   RO         4848    i.NVIC_DisableIRQ   softdevice_handler.o
    0x0001ff66   0x0001ff66   0x00000016   Code   RO         4849    i.NVIC_EnableIRQ    softdevice_handler.o
    0x0001ff7c   0x0001ff7c   0x00000050   Code   RO         3193    i.POWER_CLOCK_IRQHandler  nrf_drv_clock.o
    0x0001ffcc   0x0001ffcc   0x0000003c   Code   RO         5077    i.RTC1_IRQHandler   port_cmsis_systick.o
    0x00020008   0x00020008   0x00000010   Code   RO         3688    i.RTC2_IRQHandler   nrf_drv_rtc.o
    0x00020018   0x00020018   0x0000003c   Code   RO         4713    i.SEGGER_RTT_Write  segger_rtt.o
    0x00020054   0x00020054   0x0000006c   Code   RO         4714    i.SEGGER_RTT_WriteNoLock  segger_rtt.o
    0x000200c0   0x000200c0   0x0000001a   Code   RO         4716    i.SEGGER_RTT_WriteString  segger_rtt.o
    0x000200da   0x000200da   0x00000002   PAD
    0x000200dc   0x000200dc   0x00000028   Code   RO         4850    i.SWI2_EGU2_IRQHandler  softdevice_handler.o
    0x00020104   0x00020104   0x00000010   Code   RO          969    i.SystemCoreClockUpdate  system_nrf52.o
    0x00020114   0x00020114   0x000001e4   Code   RO          970    i.SystemInit        system_nrf52.o
    0x000202f8   0x000202f8   0x0000005c   Code   RO         5969    i.UARTE0_UART0_IRQHandler  esp8266.o
    0x00020354   0x00020354   0x00000068   Code   RO         4717    i._DoInit           segger_rtt.o
    0x000203bc   0x000203bc   0x00000018   Code   RO         4718    i._GetAvailWriteSpace  segger_rtt.o
    0x000203d4   0x000203d4   0x0000005c   Code   RO         4720    i._WriteBlocking    segger_rtt.o
    0x00020430   0x00020430   0x00000044   Code   RO         4721    i._WriteNoCheck     segger_rtt.o
    0x00020474   0x00020474   0x00000028   Code   RO         6164    i.__0sprintf$3      mc_w.l(printf3.o)
    0x0002049c   0x0002049c   0x0000000e   Code   RO         6380    i.__scatterload_copy  mc_w.l(handlers.o)
    0x000204aa   0x000204aa   0x00000002   Code   RO         6381    i.__scatterload_null  mc_w.l(handlers.o)
    0x000204ac   0x000204ac   0x0000000e   Code   RO         6382    i.__scatterload_zeroinit  mc_w.l(handlers.o)
    0x000204ba   0x000204ba   0x00000002   PAD
    0x000204bc   0x000204bc   0x00000030   Code   RO         4851    i.__sd_nvic_app_accessible_irq  softdevice_handler.o
    0x000204ec   0x000204ec   0x000001b8   Code   RO         6169    i._printf_core      mc_w.l(printf3.o)
    0x000206a4   0x000206a4   0x0000000a   Code   RO         6171    i._sputc            mc_w.l(printf3.o)
    0x000206ae   0x000206ae   0x00000030   Code   RO         1821    i.addr_compare      id_manager.o
    0x000206de   0x000206de   0x00000014   Code   RO         1148    i.addr_is_valid     ble_advertising.o
    0x000206f2   0x000206f2   0x00000002   PAD
    0x000206f4   0x000206f4   0x00000028   Code   RO         3987    i.address_is_valid  fds.o
    0x0002071c   0x0002071c   0x0000010e   Code   RO         1045    i.adv_data_encode   ble_advdata.o
    0x0002082a   0x0002082a   0x00000002   PAD
    0x0002082c   0x0002082c   0x00000050   Code   RO         1149    i.adv_mode_next_avail_get  ble_advertising.o
    0x0002087c   0x0002087c   0x0000000e   Code   RO         1150    i.adv_mode_next_get  ble_advertising.o
    0x0002088a   0x0002088a   0x0000000e   Code   RO         1046    i.advdata_check     ble_advdata.o
    0x00020898   0x00020898   0x00000054   Code   RO          869    i.advertising_buttons_configure  bsp_btn_ble.o
    0x000208ec   0x000208ec   0x00000060   Code   RO            3    i.advertising_init  main.o
    0x0002094c   0x0002094c   0x00000050   Code   RO         1822    i.ah                id_manager.o
    0x0002099c   0x0002099c   0x00000006   Code   RO          752    i.alert_timer_handler  bsp.o
    0x000209a2   0x000209a2   0x00000002   PAD
    0x000209a4   0x000209a4   0x00000024   Code   RO         3800    i.app_button_enable  app_button.o
    0x000209c8   0x000209c8   0x00000070   Code   RO         3801    i.app_button_init   app_button.o
    0x00020a38   0x00020a38   0x00000020   Code   RO         3893    i.app_error_fault_handler  app_error_weak.o
    0x00020a58   0x00020a58   0x00000016   Code   RO         3858    i.app_error_handler_bare  app_error.o
    0x00020a6e   0x00020a6e   0x0000001a   Code   RO         4649    i.app_timer_callback  app_timer_freertos.o
    0x00020a88   0x00020a88   0x00000058   Code   RO         4650    i.app_timer_create  app_timer_freertos.o
    0x00020ae0   0x00020ae0   0x00000010   Code   RO         4651    i.app_timer_init    app_timer_freertos.o
    0x00020af0   0x00020af0   0x000000d8   Code   RO         4652    i.app_timer_start   app_timer_freertos.o
    0x00020bc8   0x00020bc8   0x00000064   Code   RO         4653    i.app_timer_stop    app_timer_freertos.o
    0x00020c2c   0x00020c2c   0x00000044   Code   RO         3916    i.app_util_critical_region_enter  app_util_platform.o
    0x00020c70   0x00020c70   0x00000030   Code   RO         3917    i.app_util_critical_region_exit  app_util_platform.o
    0x00020ca0   0x00020ca0   0x00000048   Code   RO         1047    i.appearance_encode  ble_advdata.o
    0x00020ce8   0x00020ce8   0x0000002c   Code   RO            4    i.application_timers_start  main.o
    0x00020d14   0x00020d14   0x00000050   Code   RO         1589    i.apply_pending_flags_check  gatt_cache_manager.o
    0x00020d64   0x00020d64   0x0000000e   Code   RO         2915    i.auth_status_failure_process  security_dispatcher.o
    0x00020d72   0x00020d72   0x0000000e   Code   RO         2916    i.auth_status_process  security_dispatcher.o
    0x00020d80   0x00020d80   0x000000a8   Code   RO         2917    i.auth_status_success_process  security_dispatcher.o
    0x00020e28   0x00020e28   0x00000008   Code   RO          450    i.battery_level_encode  ble_bas.o
    0x00020e30   0x00020e30   0x00000006   Code   RO            6    i.battery_level_meas_timeout_handler  main.o
    0x00020e36   0x00020e36   0x0000006a   Code   RO         1048    i.ble_advdata_set   ble_advdata.o
    0x00020ea0   0x00020ea0   0x00000124   Code   RO         1151    i.ble_advertising_init  ble_advertising.o
    0x00020fc4   0x00020fc4   0x0000001c   Code   RO         1152    i.ble_advertising_on_ble_evt  ble_advertising.o
    0x00020fe0   0x00020fe0   0x00000034   Code   RO         1153    i.ble_advertising_on_sys_evt  ble_advertising.o
    0x00021014   0x00021014   0x0000003c   Code   RO         1155    i.ble_advertising_restart_without_whitelist  ble_advertising.o
    0x00021050   0x00021050   0x000000e8   Code   RO         1156    i.ble_advertising_start  ble_advertising.o
    0x00021138   0x00021138   0x000000c0   Code   RO          455    i.ble_bas_init      ble_bas.o
    0x000211f8   0x000211f8   0x00000028   Code   RO          456    i.ble_bas_on_ble_evt  ble_bas.o
    0x00021220   0x00021220   0x0000005c   Code   RO         1283    i.ble_conn_params_init  ble_conn_params.o
    0x0002127c   0x0002127c   0x00000024   Code   RO         1284    i.ble_conn_params_on_ble_evt  ble_conn_params.o
    0x000212a0   0x000212a0   0x00000010   Code   RO         1372    i.ble_conn_state_conn_handles  ble_conn_state.o
    0x000212b0   0x000212b0   0x00000010   Code   RO         1373    i.ble_conn_state_encrypted  ble_conn_state.o
    0x000212c0   0x000212c0   0x00000010   Code   RO         1375    i.ble_conn_state_mitm_protected  ble_conn_state.o
    0x000212d0   0x000212d0   0x00000094   Code   RO         1379    i.ble_conn_state_on_ble_evt  ble_conn_state.o
    0x00021364   0x00021364   0x00000030   Code   RO         1381    i.ble_conn_state_role  ble_conn_state.o
    0x00021394   0x00021394   0x00000022   Code   RO         1383    i.ble_conn_state_user_flag_acquire  ble_conn_state.o
    0x000213b6   0x000213b6   0x00000002   PAD
    0x000213b8   0x000213b8   0x0000001c   Code   RO         1384    i.ble_conn_state_user_flag_collection  ble_conn_state.o
    0x000213d4   0x000213d4   0x00000028   Code   RO         1385    i.ble_conn_state_user_flag_get  ble_conn_state.o
    0x000213fc   0x000213fc   0x0000002c   Code   RO         1386    i.ble_conn_state_user_flag_set  ble_conn_state.o
    0x00021428   0x00021428   0x00000066   Code   RO         1049    i.ble_device_addr_encode  ble_advdata.o
    0x0002148e   0x0002148e   0x00000002   PAD
    0x00021490   0x00021490   0x00000040   Code   RO            7    i.ble_evt_dispatch  main.o
    0x000214d0   0x000214d0   0x0000000e   Code   RO         1532    i.ble_srv_is_notification_enabled  ble_srv_common.o
    0x000214de   0x000214de   0x00000002   PAD
    0x000214e0   0x000214e0   0x0000006c   Code   RO            8    i.ble_stack_init    main.o
    0x0002154c   0x0002154c   0x000000bc   Code   RO            9    i.ble_stack_thread  main.o
    0x00021608   0x00021608   0x00000030   Code   RO          583    i.bluetooth_init    service_if.o
    0x00021638   0x00021638   0x0000000c   Code   RO          584    i.bluetooth_on_ble_evt  service_if.o
    0x00021644   0x00021644   0x0000000c   Code   RO          642    i.bsp_board_button_idx_to_pin  boards.o
    0x00021650   0x00021650   0x00000024   Code   RO          643    i.bsp_board_button_state_get  boards.o
    0x00021674   0x00021674   0x00000024   Code   RO          646    i.bsp_board_led_invert  boards.o
    0x00021698   0x00021698   0x00000010   Code   RO          647    i.bsp_board_led_off  boards.o
    0x000216a8   0x000216a8   0x00000010   Code   RO          648    i.bsp_board_led_on  boards.o
    0x000216b8   0x000216b8   0x00000024   Code   RO          649    i.bsp_board_led_state_get  boards.o
    0x000216dc   0x000216dc   0x0000002c   Code   RO          650    i.bsp_board_leds_init  boards.o
    0x00021708   0x00021708   0x00000012   Code   RO          651    i.bsp_board_leds_off  boards.o
    0x0002171a   0x0002171a   0x00000012   Code   RO          652    i.bsp_board_leds_on  boards.o
    0x0002172c   0x0002172c   0x00000024   Code   RO          653    i.bsp_board_pin_to_button_idx  boards.o
    0x00021750   0x00021750   0x0000002c   Code   RO          870    i.bsp_btn_ble_init  bsp_btn_ble.o
    0x0002177c   0x0002177c   0x00000078   Code   RO          871    i.bsp_btn_ble_on_ble_evt  bsp_btn_ble.o
    0x000217f4   0x000217f4   0x00000032   Code   RO          872    i.bsp_btn_ble_sleep_mode_prepare  bsp_btn_ble.o
    0x00021826   0x00021826   0x00000002   PAD
    0x00021828   0x00021828   0x000000a4   Code   RO          753    i.bsp_button_event_handler  bsp.o
    0x000218cc   0x000218cc   0x00000004   Code   RO          754    i.bsp_button_is_pressed  bsp.o
    0x000218d0   0x000218d0   0x00000090   Code   RO           10    i.bsp_event_handler  main.o
    0x00021960   0x00021960   0x00000048   Code   RO          757    i.bsp_event_to_button_action_assign  bsp.o
    0x000219a8   0x000219a8   0x00000018   Code   RO          758    i.bsp_indication_set  bsp.o
    0x000219c0   0x000219c0   0x00000098   Code   RO          759    i.bsp_init          bsp.o
    0x00021a58   0x00021a58   0x00000230   Code   RO          760    i.bsp_led_indication  bsp.o
    0x00021c88   0x00021c88   0x00000010   Code   RO          762    i.bsp_wakeup_button_enable  bsp.o
    0x00021c98   0x00021c98   0x00000008   Code   RO          763    i.button_timer_handler  bsp.o
    0x00021ca0   0x00021ca0   0x0000003c   Code   RO           11    i.buttons_leds_init  main.o
    0x00021cdc   0x00021cdc   0x0000001e   Code   RO         1590    i.cccd_written      gatt_cache_manager.o
    0x00021cfa   0x00021cfa   0x00000002   PAD
    0x00021cfc   0x00021cfc   0x0000001c   Code   RO         3450    i.channel_free      nrf_drv_gpiote.o
    0x00021d18   0x00021d18   0x00000054   Code   RO         3451    i.channel_port_alloc  nrf_drv_gpiote.o
    0x00021d6c   0x00021d6c   0x00000010   Code   RO         3452    i.channel_port_get  nrf_drv_gpiote.o
    0x00021d7c   0x00021d7c   0x000001a8   Code   RO         1534    i.characteristic_add  ble_srv_common.o
    0x00021f24   0x00021f24   0x00000020   Code   RO         4413    i.check_config      fstorage.o
    0x00021f44   0x00021f44   0x00000022   Code   RO         3988    i.chunk_is_aligned  fds.o
    0x00021f66   0x00021f66   0x00000002   PAD
    0x00021f68   0x00021f68   0x00000028   Code   RO         3989    i.chunk_queue_get_and_advance  fds.o
    0x00021f90   0x00021f90   0x0000001c   Code   RO         3990    i.chunk_queue_next  fds.o
    0x00021fac   0x00021fac   0x00000024   Code   RO         3991    i.chunk_queue_skip  fds.o
    0x00021fd0   0x00021fd0   0x0000003a   Code   RO         2461    i.claim             peer_id.o
    0x0002200a   0x0002200a   0x00000002   PAD
    0x0002200c   0x0002200c   0x00000030   Code   RO         3194    i.clock_clk_started_notify  nrf_drv_clock.o
    0x0002203c   0x0002203c   0x00000040   Code   RO         1050    i.conn_int_check    ble_advdata.o
    0x0002207c   0x0002207c   0x0000005a   Code   RO         1051    i.conn_int_encode   ble_advdata.o
    0x000220d6   0x000220d6   0x00000004   Code   RO           12    i.conn_params_error_handler  main.o
    0x000220da   0x000220da   0x00000002   PAD
    0x000220dc   0x000220dc   0x0000004c   Code   RO           13    i.conn_params_init  main.o
    0x00022128   0x00022128   0x00000064   Code   RO         1286    i.conn_params_negotiation  ble_conn_params.o
    0x0002218c   0x0002218c   0x00000058   Code   RO         2918    i.conn_sec_update_process  security_dispatcher.o
    0x000221e4   0x000221e4   0x00000054   Code   RO          873    i.connection_buttons_configure  bsp_btn_ble.o
    0x00022238   0x00022238   0x0000003e   Code   RO         3992    i.delete_execute    fds.o
    0x00022276   0x00022276   0x00000002   PAD
    0x00022278   0x00022278   0x00000070   Code   RO         3803    i.detection_delay_timeout_handler  app_button.o
    0x000222e8   0x000222e8   0x00000018   Code   RO         2919    i.disconnect_process  security_dispatcher.o
    0x00022300   0x00022300   0x00000024   Code   RO         5450    i.eTaskConfirmSleepModeStatus  tasks.o
    0x00022324   0x00022324   0x00000038   Code   RO         2920    i.encryption_failure  security_dispatcher.o
    0x0002235c   0x0002235c   0x00000006   Code   RO         4414    i.erase_execute     fstorage.o
    0x00022362   0x00022362   0x00000002   PAD
    0x00022364   0x00022364   0x0000003c   Code   RO          971    i.errata_108        system_nrf52.o
    0x000223a0   0x000223a0   0x0000002c   Code   RO          972    i.errata_16         system_nrf52.o
    0x000223cc   0x000223cc   0x0000003c   Code   RO          973    i.errata_31         system_nrf52.o
    0x00022408   0x00022408   0x0000002c   Code   RO          974    i.errata_32         system_nrf52.o
    0x00022434   0x00022434   0x0000003c   Code   RO          975    i.errata_36         system_nrf52.o
    0x00022470   0x00022470   0x0000002c   Code   RO          976    i.errata_37         system_nrf52.o
    0x0002249c   0x0002249c   0x0000002c   Code   RO          977    i.errata_57         system_nrf52.o
    0x000224c8   0x000224c8   0x0000002c   Code   RO          978    i.errata_66         system_nrf52.o
    0x000224f4   0x000224f4   0x000000fc   Code   RO           14    i.esp_thread        main.o
    0x000225f0   0x000225f0   0x00000070   Code   RO         3994    i.event_prepare     fds.o
    0x00022660   0x00022660   0x00000020   Code   RO         3995    i.event_send        fds.o
    0x00022680   0x00022680   0x0000003c   Code   RO         3061    i.events_send_from_err_code  security_manager.o
    0x000226bc   0x000226bc   0x0000001c   Code   RO         1591    i.evt_send          gatt_cache_manager.o
    0x000226d8   0x000226d8   0x0000001c   Code   RO         1730    i.evt_send          gatts_cache_manager.o
    0x000226f4   0x000226f4   0x0000001c   Code   RO         1823    i.evt_send          id_manager.o
    0x00022710   0x00022710   0x0000002c   Code   RO         2552    i.evt_send          peer_manager.o
    0x0002273c   0x0002273c   0x0000001c   Code   RO         2921    i.evt_send          security_dispatcher.o
    0x00022758   0x00022758   0x0000001c   Code   RO         3062    i.evt_send          security_manager.o
    0x00022774   0x00022774   0x00000020   Code   RO           15    i.fds_evt_handler   main.o
    0x00022794   0x00022794   0x00000128   Code   RO         2122    i.fds_evt_handler   peer_data_storage.o
    0x000228bc   0x000228bc   0x00000048   Code   RO         3997    i.fds_file_delete   fds.o
    0x00022904   0x00022904   0x00000040   Code   RO         3998    i.fds_gc            fds.o
    0x00022944   0x00022944   0x0000009c   Code   RO         3999    i.fds_init          fds.o
    0x000229e0   0x000229e0   0x00000040   Code   RO         4000    i.fds_record_close  fds.o
    0x00022a20   0x00022a20   0x0000000e   Code   RO         4002    i.fds_record_find   fds.o
    0x00022a2e   0x00022a2e   0x00000010   Code   RO         4003    i.fds_record_find_by_key  fds.o
    0x00022a3e   0x00022a3e   0x00000010   Code   RO         4004    i.fds_record_find_in_file  fds.o
    0x00022a4e   0x00022a4e   0x00000012   Code   RO         4005    i.fds_record_id_from_desc  fds.o
    0x00022a60   0x00022a60   0x00000044   Code   RO         4007    i.fds_record_open   fds.o
    0x00022aa4   0x00022aa4   0x00000010   Code   RO         4008    i.fds_record_update  fds.o
    0x00022ab4   0x00022ab4   0x00000008   Code   RO         4009    i.fds_record_write  fds.o
    0x00022abc   0x00022abc   0x0000000e   Code   RO         4010    i.fds_record_write_reserved  fds.o
    0x00022aca   0x00022aca   0x00000002   PAD
    0x00022acc   0x00022acc   0x00000024   Code   RO         4011    i.fds_register      fds.o
    0x00022af0   0x00022af0   0x0000002e   Code   RO         4012    i.fds_reserve       fds.o
    0x00022b1e   0x00022b1e   0x00000002   PAD
    0x00022b20   0x00022b20   0x00000044   Code   RO         4013    i.fds_reserve_cancel  fds.o
    0x00022b64   0x00022b64   0x0000002c   Code   RO         4015    i.file_find_and_delete  fds.o
    0x00022b90   0x00022b90   0x00000008   Code   RO         2123    i.file_id_to_peer_id  peer_data_storage.o
    0x00022b98   0x00022b98   0x00000014   Code   RO         2124    i.file_id_within_pm_range  peer_data_storage.o
    0x00022bac   0x00022bac   0x00000010   Code   RO         4016    i.flag_clear        fds.o
    0x00022bbc   0x00022bbc   0x00000012   Code   RO         2922    i.flag_id_init      security_dispatcher.o
    0x00022bce   0x00022bce   0x00000012   Code   RO         3063    i.flag_id_init      security_manager.o
    0x00022be0   0x00022be0   0x00000014   Code   RO         4017    i.flag_is_set       fds.o
    0x00022bf4   0x00022bf4   0x00000010   Code   RO         4018    i.flag_set          fds.o
    0x00022c04   0x00022c04   0x00000032   Code   RO         1052    i.flags_encode      ble_advdata.o
    0x00022c36   0x00022c36   0x00000002   PAD
    0x00022c38   0x00022c38   0x00000070   Code   RO         3064    i.flags_set_from_err_code  security_manager.o
    0x00022ca8   0x00022ca8   0x00000012   Code   RO         1158    i.flash_access_in_progress  ble_advertising.o
    0x00022cba   0x00022cba   0x00000002   PAD
    0x00022cbc   0x00022cbc   0x00000074   Code   RO         4415    i.fs_erase          fstorage.o
    0x00022d30   0x00022d30   0x00000006   Code   RO         4019    i.fs_event_handler  fds.o
    0x00022d36   0x00022d36   0x00000014   Code   RO         4417    i.fs_flash_page_end_addr  fstorage.o
    0x00022d4a   0x00022d4a   0x00000002   PAD
    0x00022d4c   0x00022d4c   0x00000098   Code   RO         4418    i.fs_init           fstorage.o
    0x00022de4   0x00022de4   0x00000018   Code   RO         4421    i.fs_queued_op_count_get  fstorage.o
    0x00022dfc   0x00022dfc   0x0000008c   Code   RO         4422    i.fs_store          fstorage.o
    0x00022e88   0x00022e88   0x00000054   Code   RO         4423    i.fs_sys_event_handler  fstorage.o
    0x00022edc   0x00022edc   0x0000005c   Code   RO           16    i.gap_params_init   main.o
    0x00022f38   0x00022f38   0x00000064   Code   RO         4020    i.gc_execute        fds.o
    0x00022f9c   0x00022f9c   0x00000034   Code   RO         4021    i.gc_init           fds.o
    0x00022fd0   0x00022fd0   0x00000028   Code   RO         4022    i.gc_next_page      fds.o
    0x00022ff8   0x00022ff8   0x00000038   Code   RO         4023    i.gc_page_erase     fds.o
    0x00023030   0x00023030   0x0000003c   Code   RO         4024    i.gc_page_next      fds.o
    0x0002306c   0x0002306c   0x00000034   Code   RO         4025    i.gc_record_copy    fds.o
    0x000230a0   0x000230a0   0x00000024   Code   RO         4026    i.gc_record_find_next  fds.o
    0x000230c4   0x000230c4   0x00000044   Code   RO         4027    i.gc_state_advance  fds.o
    0x00023108   0x00023108   0x00000024   Code   RO         4028    i.gc_swap_erase     fds.o
    0x0002312c   0x0002312c   0x00000028   Code   RO         4029    i.gc_swap_pages     fds.o
    0x00023154   0x00023154   0x0000001c   Code   RO         4030    i.gc_swap_promote   fds.o
    0x00023170   0x00023170   0x00000014   Code   RO         4031    i.gc_tag_new_swap   fds.o
    0x00023184   0x00023184   0x0000001c   Code   RO         4032    i.gc_update_swap_offset  fds.o
    0x000231a0   0x000231a0   0x0000006c   Code   RO         1592    i.gcm_ble_evt_handler  gatt_cache_manager.o
    0x0002320c   0x0002320c   0x0000006c   Code   RO         1593    i.gcm_gscm_evt_handler  gatt_cache_manager.o
    0x00023278   0x00023278   0x00000030   Code   RO         1594    i.gcm_im_evt_handler  gatt_cache_manager.o
    0x000232a8   0x000232a8   0x00000048   Code   RO         1595    i.gcm_init          gatt_cache_manager.o
    0x000232f0   0x000232f0   0x00000050   Code   RO         1596    i.gcm_local_database_has_changed  gatt_cache_manager.o
    0x00023340   0x00023340   0x0000000e   Code   RO         1599    i.gcm_smd_evt_handler  gatt_cache_manager.o
    0x0002334e   0x0002334e   0x00000002   PAD
    0x00023350   0x00023350   0x00000038   Code   RO         1824    i.get_connection_by_conn_handle  id_manager.o
    0x00023388   0x00023388   0x00000030   Code   RO         1825    i.get_free_connection  id_manager.o
    0x000233b8   0x000233b8   0x00000058   Code   RO         3804    i.gpiote_event_handler  app_button.o
    0x00023410   0x00023410   0x0000001c   Code   RO         1731    i.gscm_db_change_notification_done  gatts_cache_manager.o
    0x0002342c   0x0002342c   0x00000014   Code   RO         1732    i.gscm_init         gatts_cache_manager.o
    0x00023440   0x00023440   0x0000001c   Code   RO         1733    i.gscm_local_database_has_changed  gatts_cache_manager.o
    0x0002345c   0x0002345c   0x00000076   Code   RO         1734    i.gscm_local_db_cache_apply  gatts_cache_manager.o
    0x000234d2   0x000234d2   0x00000082   Code   RO         1736    i.gscm_local_db_cache_update  gatts_cache_manager.o
    0x00023554   0x00023554   0x00000050   Code   RO         1737    i.gscm_pdb_evt_handler  gatts_cache_manager.o
    0x000235a4   0x000235a4   0x0000001a   Code   RO         1738    i.gscm_service_changed_ind_needed  gatts_cache_manager.o
    0x000235be   0x000235be   0x00000002   PAD
    0x000235c0   0x000235c0   0x00000030   Code   RO         1739    i.gscm_service_changed_ind_send  gatts_cache_manager.o
    0x000235f0   0x000235f0   0x00000016   Code   RO         4033    i.header_is_valid   fds.o
    0x00023606   0x00023606   0x0000004a   Code   RO         1826    i.im_address_resolve  id_manager.o
    0x00023650   0x00023650   0x00000030   Code   RO         1827    i.im_ble_addr_get   id_manager.o
    0x00023680   0x00023680   0x000000b0   Code   RO         1828    i.im_ble_evt_handler  id_manager.o
    0x00023730   0x00023730   0x0000002c   Code   RO         1829    i.im_conn_handle_get  id_manager.o
    0x0002375c   0x0002375c   0x00000024   Code   RO         1833    i.im_init           id_manager.o
    0x00023780   0x00023780   0x0000003a   Code   RO         1834    i.im_is_duplicate_bonding_data  id_manager.o
    0x000237ba   0x000237ba   0x00000020   Code   RO         1835    i.im_master_id_is_valid  id_manager.o
    0x000237da   0x000237da   0x00000032   Code   RO         1836    i.im_master_ids_compare  id_manager.o
    0x0002380c   0x0002380c   0x00000004   Code   RO         1837    i.im_new_peer_id    id_manager.o
    0x00023810   0x00023810   0x00000072   Code   RO         1838    i.im_pdb_evt_handler  id_manager.o
    0x00023882   0x00023882   0x00000028   Code   RO         1839    i.im_peer_free      id_manager.o
    0x000238aa   0x000238aa   0x00000002   PAD
    0x000238ac   0x000238ac   0x00000020   Code   RO         1840    i.im_peer_id_get_by_conn_handle  id_manager.o
    0x000238cc   0x000238cc   0x0000003c   Code   RO         1841    i.im_peer_id_get_by_master_id  id_manager.o
    0x00023908   0x00023908   0x000000d4   Code   RO         4034    i.init_execute      fds.o
    0x000239dc   0x000239dc   0x00000078   Code   RO         4852    i.intern_softdevice_events_execute  softdevice_handler.o
    0x00023a54   0x00023a54   0x0000000c   Code   RO         1600    i.internal_state_reset  gatt_cache_manager.o
    0x00023a60   0x00023a60   0x00000014   Code   RO         1740    i.internal_state_reset  gatts_cache_manager.o
    0x00023a74   0x00023a74   0x00000028   Code   RO         1846    i.internal_state_reset  id_manager.o
    0x00023a9c   0x00023a9c   0x00000020   Code   RO         2286    i.internal_state_reset  peer_database.o
    0x00023abc   0x00023abc   0x00000006   Code   RO         2462    i.internal_state_reset  peer_id.o
    0x00023ac2   0x00023ac2   0x00000002   PAD
    0x00023ac4   0x00023ac4   0x00000018   Code   RO         2553    i.internal_state_reset  peer_manager.o
    0x00023adc   0x00023adc   0x0000001c   Code   RO         1287    i.is_conn_params_ok  ble_conn_params.o
    0x00023af8   0x00023af8   0x00000014   Code   RO         1847    i.is_valid_irk      id_manager.o
    0x00023b0c   0x00023b0c   0x0000000c   Code   RO         4035    i.is_word_aligned   fds.o
    0x00023b18   0x00023b18   0x0000000c   Code   RO         3197    i.item_dequeue      nrf_drv_clock.o
    0x00023b24   0x00023b24   0x00000022   Code   RO         3198    i.item_enqueue      nrf_drv_clock.o
    0x00023b46   0x00023b46   0x00000002   PAD
    0x00023b48   0x00023b48   0x00000014   Code   RO          764    i.leds_timer_handler  bsp.o
    0x00023b5c   0x00023b5c   0x00000018   Code   RO         3199    i.lfclk_start       nrf_drv_clock.o
    0x00023b74   0x00023b74   0x000000a8   Code   RO         3065    i.link_secure       security_manager.o
    0x00023c1c   0x00023c1c   0x0000008c   Code   RO         2923    i.link_secure_central  security_dispatcher.o
    0x00023ca8   0x00023ca8   0x000000d0   Code   RO         2924    i.link_secure_central_existing_peer  security_dispatcher.o
    0x00023d78   0x00023d78   0x00000074   Code   RO         2925    i.link_secure_central_new_peer  security_dispatcher.o
    0x00023dec   0x00023dec   0x00000058   Code   RO         2926    i.link_secure_failure  security_dispatcher.o
    0x00023e44   0x00023e44   0x00000068   Code   RO         3066    i.link_secure_pending_process  security_manager.o
    0x00023eac   0x00023eac   0x00000004   Code   RO         2927    i.link_secure_peripheral  security_dispatcher.o
    0x00023eb0   0x00023eb0   0x00000094   Code   RO         1601    i.local_db_apply_in_evt  gatt_cache_manager.o
    0x00023f44   0x00023f44   0x000000b0   Code   RO         1602    i.local_db_update_in_evt  gatt_cache_manager.o
    0x00023ff4   0x00023ff4   0x00000030   Code   RO         2866    i.lock_by_mask      pm_mutex.o
    0x00024024   0x00024024   0x000000fc   Code   RO           17    i.main              main.o
    0x00024120   0x00024120   0x00000068   Code   RO         1053    i.manuf_specific_data_encode  ble_advdata.o
    0x00024188   0x00024188   0x0000009a   Code   RO         1054    i.name_encode       ble_advdata.o
    0x00024222   0x00024222   0x00000002   PAD
    0x00024224   0x00024224   0x00000058   Code   RO         1848    i.new_connection    id_manager.o
    0x0002427c   0x0002427c   0x00000030   Code   RO         2463    i.next_id_get       peer_id.o
    0x000242ac   0x000242ac   0x00000010   Code   RO         3453    i.nrf_bitmask_bit_is_set  nrf_drv_gpiote.o
    0x000242bc   0x000242bc   0x0000004e   Code   RO         2020    i.nrf_ble_qwr_init  nrf_ble_qwr.o
    0x0002430a   0x0002430a   0x0000005e   Code   RO         2021    i.nrf_ble_qwr_on_ble_evt  nrf_ble_qwr.o
    0x00024368   0x00024368   0x00000012   Code   RO         3201    i.nrf_clock_event_check  nrf_drv_clock.o
    0x0002437a   0x0002437a   0x00000012   Code   RO         3202    i.nrf_clock_event_clear  nrf_drv_clock.o
    0x0002438c   0x0002438c   0x0000000c   Code   RO         3204    i.nrf_clock_int_disable  nrf_drv_clock.o
    0x00024398   0x00024398   0x0000000c   Code   RO         3205    i.nrf_clock_int_enable  nrf_drv_clock.o
    0x000243a4   0x000243a4   0x00000008   Code   RO         3207    i.nrf_clock_task_trigger  nrf_drv_clock.o
    0x000243ac   0x000243ac   0x00000068   Code   RO         3213    i.nrf_drv_clock_init  nrf_drv_clock.o
    0x00024414   0x00024414   0x0000006c   Code   RO         3218    i.nrf_drv_clock_lfclk_request  nrf_drv_clock.o
    0x00024480   0x00024480   0x00000034   Code   RO         3220    i.nrf_drv_clock_on_sd_enable  nrf_drv_clock.o
    0x000244b4   0x000244b4   0x0000000e   Code   RO         3221    i.nrf_drv_clock_on_soc_event  nrf_drv_clock.o
    0x000244c2   0x000244c2   0x00000038   Code   RO         3407    i.nrf_drv_common_irq_enable  nrf_drv_common.o
    0x000244fa   0x000244fa   0x00000002   PAD
    0x000244fc   0x000244fc   0x000000b0   Code   RO         3458    i.nrf_drv_gpiote_in_event_enable  nrf_drv_gpiote.o
    0x000245ac   0x000245ac   0x000000b4   Code   RO         3459    i.nrf_drv_gpiote_in_init  nrf_drv_gpiote.o
    0x00024660   0x00024660   0x00000018   Code   RO         3460    i.nrf_drv_gpiote_in_is_set  nrf_drv_gpiote.o
    0x00024678   0x00024678   0x0000005c   Code   RO         3462    i.nrf_drv_gpiote_init  nrf_drv_gpiote.o
    0x000246d4   0x000246d4   0x00000014   Code   RO         3463    i.nrf_drv_gpiote_is_init  nrf_drv_gpiote.o
    0x000246e8   0x000246e8   0x00000090   Code   RO         3690    i.nrf_drv_rtc_cc_set  nrf_drv_rtc.o
    0x00024778   0x00024778   0x00000018   Code   RO         3692    i.nrf_drv_rtc_enable  nrf_drv_rtc.o
    0x00024790   0x00024790   0x00000064   Code   RO         3693    i.nrf_drv_rtc_init  nrf_drv_rtc.o
    0x000247f4   0x000247f4   0x000000a0   Code   RO         3694    i.nrf_drv_rtc_int_handler  nrf_drv_rtc.o
    0x00024894   0x00024894   0x00000024   Code   RO          655    i.nrf_gpio_cfg      boards.o
    0x000248b8   0x000248b8   0x00000024   Code   RO         3477    i.nrf_gpio_cfg      nrf_drv_gpiote.o
    0x000248dc   0x000248dc   0x0000001e   Code   RO          765    i.nrf_gpio_cfg_sense_set  bsp.o
    0x000248fa   0x000248fa   0x0000001e   Code   RO         3479    i.nrf_gpio_cfg_sense_set  nrf_drv_gpiote.o
    0x00024918   0x00024918   0x00000018   Code   RO          656    i.nrf_gpio_pin_write  boards.o
    0x00024930   0x00024930   0x00000024   Code   RO         3480    i.nrf_gpio_ports_read  nrf_drv_gpiote.o
    0x00024954   0x00024954   0x00000014   Code   RO         3481    i.nrf_gpiote_event_clear  nrf_drv_gpiote.o
    0x00024968   0x00024968   0x00000014   Code   RO         3482    i.nrf_gpiote_event_is_set  nrf_drv_gpiote.o
    0x0002497c   0x0002497c   0x0000000c   Code   RO         3701    i.nrf_rtc_event_clear  nrf_drv_rtc.o
    0x00024988   0x00024988   0x0000000c   Code   RO         5078    i.nrf_rtc_event_clear  port_cmsis_systick.o
    0x00024994   0x00024994   0x00000044   Code   RO           18    i.on_adv_evt        main.o
    0x000249d8   0x000249d8   0x000000e0   Code   RO          585    i.on_bas_evt        service_if.o
    0x00024ab8   0x00024ab8   0x000000e0   Code   RO           19    i.on_ble_evt        main.o
    0x00024b98   0x00024b98   0x0000002c   Code   RO         2023    i.on_cancel_write   nrf_ble_qwr.o
    0x00024bc4   0x00024bc4   0x0000001c   Code   RO           20    i.on_conn_params_evt  main.o
    0x00024be0   0x00024be0   0x00000014   Code   RO         1288    i.on_conn_params_update  ble_conn_params.o
    0x00024bf4   0x00024bf4   0x00000006   Code   RO          460    i.on_connect        ble_bas.o
    0x00024bfa   0x00024bfa   0x00000002   PAD
    0x00024bfc   0x00024bfc   0x00000028   Code   RO         1289    i.on_connect        ble_conn_params.o
    0x00024c24   0x00024c24   0x00000014   Code   RO         1159    i.on_connected      ble_advertising.o
    0x00024c38   0x00024c38   0x00000008   Code   RO          461    i.on_disconnect     ble_bas.o
    0x00024c40   0x00024c40   0x00000038   Code   RO         1290    i.on_disconnect     ble_conn_params.o
    0x00024c78   0x00024c78   0x0000002c   Code   RO         1160    i.on_disconnected   ble_advertising.o
    0x00024ca4   0x00024ca4   0x000000ac   Code   RO         2024    i.on_execute_write  nrf_ble_qwr.o
    0x00024d50   0x00024d50   0x00000028   Code   RO         4424    i.on_operation_failure  fstorage.o
    0x00024d78   0x00024d78   0x00000064   Code   RO         4425    i.on_operation_success  fstorage.o
    0x00024ddc   0x00024ddc   0x00000086   Code   RO         2025    i.on_prepare_write  nrf_ble_qwr.o
    0x00024e62   0x00024e62   0x00000004   Code   RO          462    i.on_rw_authorize_request  ble_bas.o
    0x00024e66   0x00024e66   0x00000032   Code   RO         2026    i.on_rw_authorize_request  nrf_ble_qwr.o
    0x00024e98   0x00024e98   0x0000002c   Code   RO         1161    i.on_timeout        ble_advertising.o
    0x00024ec4   0x00024ec4   0x00000030   Code   RO         2027    i.on_user_mem_request  nrf_ble_qwr.o
    0x00024ef4   0x00024ef4   0x0000002a   Code   RO          463    i.on_write          ble_bas.o
    0x00024f1e   0x00024f1e   0x00000002   PAD
    0x00024f20   0x00024f20   0x00000048   Code   RO         1291    i.on_write          ble_conn_params.o
    0x00024f68   0x00024f68   0x00000080   Code   RO         4036    i.op_enqueue        fds.o
    0x00024fe8   0x00024fe8   0x00000030   Code   RO         4037    i.page_from_record  fds.o
    0x00025018   0x00025018   0x00000024   Code   RO         4038    i.page_has_space    fds.o
    0x0002503c   0x0002503c   0x0000002c   Code   RO         4039    i.page_identify     fds.o
    0x00025068   0x00025068   0x0000001c   Code   RO         4040    i.page_is_erased    fds.o
    0x00025084   0x00025084   0x00000012   Code   RO         4041    i.page_offsets_update  fds.o
    0x00025096   0x00025096   0x00000002   PAD
    0x00025098   0x00025098   0x00000064   Code   RO         4042    i.page_scan         fds.o
    0x000250fc   0x000250fc   0x0000001c   Code   RO         4043    i.page_tag_write_data  fds.o
    0x00025118   0x00025118   0x00000024   Code   RO         4044    i.page_tag_write_swap  fds.o
    0x0002513c   0x0002513c   0x000000f0   Code   RO         4045    i.pages_init        fds.o
    0x0002522c   0x0002522c   0x00000074   Code   RO         2928    i.pairing_failure   security_dispatcher.o
    0x000252a0   0x000252a0   0x00000040   Code   RO         3067    i.params_reply_pending_process  security_manager.o
    0x000252e0   0x000252e0   0x0000001c   Code   RO         2288    i.pdb_evt_send      peer_database.o
    0x000252fc   0x000252fc   0x00000038   Code   RO         2289    i.pdb_init          peer_database.o
    0x00025334   0x00025334   0x00000004   Code   RO         2291    i.pdb_next_deleted_peer_id_get  peer_database.o
    0x00025338   0x00025338   0x00000004   Code   RO         2292    i.pdb_next_peer_id_get  peer_database.o
    0x0002533c   0x0002533c   0x0000016c   Code   RO         2293    i.pdb_pds_evt_handler  peer_database.o
    0x000254a8   0x000254a8   0x00000004   Code   RO         2294    i.pdb_peer_allocate  peer_database.o
    0x000254ac   0x000254ac   0x00000006   Code   RO         2296    i.pdb_peer_data_ptr_get  peer_database.o
    0x000254b2   0x000254b2   0x0000004e   Code   RO         2297    i.pdb_peer_free     peer_database.o
    0x00025500   0x00025500   0x00000008   Code   RO         2298    i.pdb_raw_store     peer_database.o
    0x00025508   0x00025508   0x00000114   Code   RO         2299    i.pdb_write_buf_get  peer_database.o
    0x0002561c   0x0002561c   0x00000028   Code   RO         2300    i.pdb_write_buf_release  peer_database.o
    0x00025644   0x00025644   0x000000c8   Code   RO         2301    i.pdb_write_buf_store  peer_database.o
    0x0002570c   0x0002570c   0x0000006c   Code   RO         2302    i.pdb_write_buf_store_prepare  peer_database.o
    0x00025778   0x00025778   0x0000001c   Code   RO         2125    i.pds_evt_send      peer_data_storage.o
    0x00025794   0x00025794   0x00000034   Code   RO         2126    i.pds_init          peer_data_storage.o
    0x000257c8   0x000257c8   0x00000004   Code   RO         2127    i.pds_next_deleted_peer_id_get  peer_data_storage.o
    0x000257cc   0x000257cc   0x00000004   Code   RO         2128    i.pds_next_peer_id_get  peer_data_storage.o
    0x000257d0   0x000257d0   0x00000054   Code   RO         2131    i.pds_peer_data_iterate  peer_data_storage.o
    0x00025824   0x00025824   0x00000010   Code   RO         2132    i.pds_peer_data_iterate_prepare  peer_data_storage.o
    0x00025834   0x00025834   0x0000006e   Code   RO         2133    i.pds_peer_data_read  peer_data_storage.o
    0x000258a2   0x000258a2   0x000000aa   Code   RO         2134    i.pds_peer_data_store  peer_data_storage.o
    0x0002594c   0x0002594c   0x00000008   Code   RO         2135    i.pds_peer_id_allocate  peer_data_storage.o
    0x00025954   0x00025954   0x00000016   Code   RO         2136    i.pds_peer_id_free  peer_data_storage.o
    0x0002596a   0x0002596a   0x00000004   Code   RO         2137    i.pds_peer_id_is_allocated  peer_data_storage.o
    0x0002596e   0x0002596e   0x00000034   Code   RO         2138    i.pds_space_reserve  peer_data_storage.o
    0x000259a2   0x000259a2   0x00000012   Code   RO         2139    i.pds_space_reserve_cancel  peer_data_storage.o
    0x000259b4   0x000259b4   0x00000006   Code   RO         2303    i.peer_data_const_point_to_buffer  peer_database.o
    0x000259ba   0x000259ba   0x00000002   PAD
    0x000259bc   0x000259bc   0x00000088   Code   RO         2140    i.peer_data_delete  peer_data_storage.o
    0x00025a44   0x00025a44   0x00000038   Code   RO         2141    i.peer_data_find    peer_data_storage.o
    0x00025a7c   0x00025a7c   0x00000020   Code   RO         2142    i.peer_data_id_is_valid  peer_data_storage.o
    0x00025a9c   0x00025a9c   0x00000008   Code   RO         2143    i.peer_data_id_to_record_key  peer_data_storage.o
    0x00025aa4   0x00025aa4   0x0000001a   Code   RO         2304    i.peer_data_point_to_buffer  peer_database.o
    0x00025abe   0x00025abe   0x00000002   PAD
    0x00025ac0   0x00025ac0   0x0000000c   Code   RO         2464    i.peer_id_allocate  peer_id.o
    0x00025acc   0x00025acc   0x00000028   Code   RO         2465    i.peer_id_delete    peer_id.o
    0x00025af4   0x00025af4   0x00000020   Code   RO         2466    i.peer_id_free      peer_id.o
    0x00025b14   0x00025b14   0x0000000c   Code   RO         2467    i.peer_id_get_next_deleted  peer_id.o
    0x00025b20   0x00025b20   0x00000034   Code   RO         2468    i.peer_id_get_next_used  peer_id.o
    0x00025b54   0x00025b54   0x00000028   Code   RO         2469    i.peer_id_init      peer_id.o
    0x00025b7c   0x00025b7c   0x00000014   Code   RO         2470    i.peer_id_is_allocated  peer_id.o
    0x00025b90   0x00025b90   0x00000014   Code   RO         2471    i.peer_id_is_deleted  peer_id.o
    0x00025ba4   0x00025ba4   0x0000001c   Code   RO         1849    i.peer_id_set       id_manager.o
    0x00025bc0   0x00025bc0   0x00000008   Code   RO         2144    i.peer_id_to_file_id  peer_data_storage.o
    0x00025bc8   0x00025bc8   0x00000044   Code   RO         2145    i.peer_ids_load     peer_data_storage.o
    0x00025c0c   0x00025c0c   0x00000098   Code   RO           21    i.peer_manager_init  main.o
    0x00025ca4   0x00025ca4   0x00000018   Code   RO         3483    i.pin_in_use_by_port  nrf_drv_gpiote.o
    0x00025cbc   0x00025cbc   0x00000018   Code   RO         3484    i.pin_in_use_by_te  nrf_drv_gpiote.o
    0x00025cd4   0x00025cd4   0x00000062   Code   RO         2828    i.pm_buffer_block_acquire  pm_buffer.o
    0x00025d36   0x00025d36   0x00000042   Code   RO         2829    i.pm_buffer_init    pm_buffer.o
    0x00025d78   0x00025d78   0x00000030   Code   RO         2830    i.pm_buffer_ptr_get  pm_buffer.o
    0x00025da8   0x00025da8   0x00000032   Code   RO         2831    i.pm_buffer_release  pm_buffer.o
    0x00025dda   0x00025dda   0x00000004   Code   RO         2555    i.pm_conn_sec_config_reply  peer_manager.o
    0x00025dde   0x00025dde   0x00000002   PAD
    0x00025de0   0x00025de0   0x00000108   Code   RO           22    i.pm_evt_handler    main.o
    0x00025ee8   0x00025ee8   0x000000ac   Code   RO         2559    i.pm_gcm_evt_handler  peer_manager.o
    0x00025f94   0x00025f94   0x00000050   Code   RO         2562    i.pm_im_evt_handler  peer_manager.o
    0x00025fe4   0x00025fe4   0x0000007c   Code   RO         2563    i.pm_init           peer_manager.o
    0x00026060   0x00026060   0x00000014   Code   RO         2565    i.pm_local_database_has_changed  peer_manager.o
    0x00026074   0x00026074   0x0000000e   Code   RO         2867    i.pm_mutex_init     pm_mutex.o
    0x00026082   0x00026082   0x0000001c   Code   RO         2868    i.pm_mutex_lock     pm_mutex.o
    0x0002609e   0x0002609e   0x00000038   Code   RO         2869    i.pm_mutex_lock_first_available  pm_mutex.o
    0x000260d6   0x000260d6   0x0000001e   Code   RO         2870    i.pm_mutex_lock_status_get  pm_mutex.o
    0x000260f4   0x000260f4   0x00000036   Code   RO         2871    i.pm_mutex_unlock   pm_mutex.o
    0x0002612a   0x0002612a   0x00000002   PAD
    0x0002612c   0x0002612c   0x00000028   Code   RO         2567    i.pm_on_ble_evt     peer_manager.o
    0x00026154   0x00026154   0x00000178   Code   RO         2568    i.pm_pdb_evt_handler  peer_manager.o
    0x000262cc   0x000262cc   0x00000014   Code   RO         2579    i.pm_peer_delete    peer_manager.o
    0x000262e0   0x000262e0   0x00000040   Code   RO         2584    i.pm_peers_delete   peer_manager.o
    0x00026320   0x00026320   0x0000002c   Code   RO         2587    i.pm_register       peer_manager.o
    0x0002634c   0x0002634c   0x00000014   Code   RO         2589    i.pm_sec_params_set  peer_manager.o
    0x00026360   0x00026360   0x00000198   Code   RO         2590    i.pm_sm_evt_handler  peer_manager.o
    0x000264f8   0x000264f8   0x00000038   Code   RO         5453    i.prvAddCurrentTaskToDelayedList  tasks.o
    0x00026530   0x00026530   0x0000003e   Code   RO         5454    i.prvAllocateTCBAndStack  tasks.o
    0x0002656e   0x0002656e   0x00000002   PAD
    0x00026570   0x00026570   0x00000050   Code   RO         5796    i.prvCheckForValidListAndQueue  timers.o
    0x000265c0   0x000265c0   0x00000054   Code   RO         5455    i.prvCheckTasksWaitingTermination  tasks.o
    0x00026614   0x00026614   0x00000028   Code   RO         5283    i.prvCopyDataFromQueue  queue.o
    0x0002663c   0x0002663c   0x00000070   Code   RO         5284    i.prvCopyDataToQueue  queue.o
    0x000266ac   0x000266ac   0x00000014   Code   RO         5456    i.prvDeleteTCB      tasks.o
    0x000266c0   0x000266c0   0x0000002c   Code   RO         5457    i.prvGetExpectedIdleTime  tasks.o
    0x000266ec   0x000266ec   0x00000024   Code   RO         5797    i.prvGetNextExpireTime  timers.o
    0x00026710   0x00026710   0x00000044   Code   RO         5458    i.prvIdleTask       tasks.o
    0x00026754   0x00026754   0x0000004c   Code   RO         5459    i.prvInitialiseTCBVariables  tasks.o
    0x000267a0   0x000267a0   0x00000058   Code   RO         5460    i.prvInitialiseTaskLists  tasks.o
    0x000267f8   0x000267f8   0x00000040   Code   RO         5798    i.prvInsertTimerInActiveList  timers.o
    0x00026838   0x00026838   0x0000001a   Code   RO         5285    i.prvIsQueueEmpty   queue.o
    0x00026852   0x00026852   0x0000001e   Code   RO         5286    i.prvIsQueueFull    queue.o
    0x00026870   0x00026870   0x0000004c   Code   RO         5799    i.prvProcessExpiredTimer  timers.o
    0x000268bc   0x000268bc   0x000000a8   Code   RO         5800    i.prvProcessReceivedCommands  timers.o
    0x00026964   0x00026964   0x00000060   Code   RO         5801    i.prvProcessTimerOrBlockTask  timers.o
    0x000269c4   0x000269c4   0x00000024   Code   RO         5461    i.prvResetNextTaskUnblockTime  tasks.o
    0x000269e8   0x000269e8   0x0000002c   Code   RO         5802    i.prvSampleTimeNow  timers.o
    0x00026a14   0x00026a14   0x0000005c   Code   RO         5803    i.prvSwitchTimerLists  timers.o
    0x00026a70   0x00026a70   0x00000008   Code   RO         5013    i.prvTaskExitError  port_cmsis.o
    0x00026a78   0x00026a78   0x00000020   Code   RO         5463    i.prvTaskIsTaskSuspended  tasks.o
    0x00026a98   0x00026a98   0x00000014   Code   RO         5804    i.prvTimerTask      timers.o
    0x00026aac   0x00026aac   0x00000064   Code   RO         5287    i.prvUnlockQueue    queue.o
    0x00026b10   0x00026b10   0x0000004c   Code   RO         5917    i.pvPortMalloc      heap_1.o
    0x00026b5c   0x00026b5c   0x00000018   Code   RO         5464    i.pvTaskIncrementMutexHeldCount  tasks.o
    0x00026b74   0x00026b74   0x00000012   Code   RO         5805    i.pvTimerGetTimerID  timers.o
    0x00026b86   0x00026b86   0x00000002   PAD
    0x00026b88   0x00026b88   0x00000028   Code   RO         5014    i.pxPortInitialiseStack  port_cmsis.o
    0x00026bb0   0x00026bb0   0x00000038   Code   RO         4046    i.queue_advance     fds.o
    0x00026be8   0x00026be8   0x0000002c   Code   RO         4426    i.queue_advance     fstorage.o
    0x00026c14   0x00026c14   0x00000038   Code   RO         4427    i.queue_get_next_free  fstorage.o
    0x00026c4c   0x00026c4c   0x00000088   Code   RO         4047    i.queue_process     fds.o
    0x00026cd4   0x00026cd4   0x0000005c   Code   RO         4428    i.queue_process     fstorage.o
    0x00026d30   0x00026d30   0x0000001e   Code   RO         4048    i.queue_start       fds.o
    0x00026d4e   0x00026d4e   0x00000002   PAD
    0x00026d50   0x00026d50   0x00000020   Code   RO         4429    i.queue_start       fstorage.o
    0x00026d70   0x00026d70   0x00000048   Code   RO         1388    i.record_activate   ble_conn_state.o
    0x00026db8   0x00026db8   0x0000007c   Code   RO         4049    i.record_find       fds.o
    0x00026e34   0x00026e34   0x00000034   Code   RO         4050    i.record_find_and_delete  fds.o
    0x00026e68   0x00026e68   0x00000074   Code   RO         4051    i.record_find_by_desc  fds.o
    0x00026edc   0x00026edc   0x00000050   Code   RO         4052    i.record_find_next  fds.o
    0x00026f2c   0x00026f2c   0x00000034   Code   RO         4053    i.record_header_flag_dirty  fds.o
    0x00026f60   0x00026f60   0x00000024   Code   RO         4054    i.record_header_write_begin  fds.o
    0x00026f84   0x00026f84   0x00000034   Code   RO         4055    i.record_header_write_finalize  fds.o
    0x00026fb8   0x00026fb8   0x00000034   Code   RO         4056    i.record_header_write_id  fds.o
    0x00026fec   0x00026fec   0x00000010   Code   RO         4057    i.record_id_new     fds.o
    0x00026ffc   0x00026ffc   0x0000001c   Code   RO         1389    i.record_invalidate  ble_conn_state.o
    0x00027018   0x00027018   0x00000004   Code   RO         2146    i.record_key_to_peer_data_id  peer_data_storage.o
    0x0002701c   0x0002701c   0x00000014   Code   RO         2147    i.record_key_within_pm_range  peer_data_storage.o
    0x00027030   0x00027030   0x00000040   Code   RO         1390    i.record_purge_disconnected  ble_conn_state.o
    0x00027070   0x00027070   0x00000014   Code   RO         1391    i.record_set_disconnected  ble_conn_state.o
    0x00027084   0x00027084   0x0000004c   Code   RO         4058    i.record_write_chunk  fds.o
    0x000270d0   0x000270d0   0x00000010   Code   RO         2473    i.release           peer_id.o
    0x000270e0   0x000270e0   0x00000060   Code   RO           23    i.rtc_handler       main.o
    0x00027140   0x00027140   0x00000078   Code   RO           24    i.rtc_thread        main.o
    0x000271b8   0x000271b8   0x00000080   Code   RO         4854    i.sd_nvic_EnableIRQ  softdevice_handler.o
    0x00027238   0x00027238   0x00000008   Code   RO         1603    i.sdk_mapped_flags_any_set  gatt_cache_manager.o
    0x00027240   0x00027240   0x00000008   Code   RO         3068    i.sdk_mapped_flags_any_set  security_manager.o
    0x00027248   0x00027248   0x00000050   Code   RO         4580    i.sdk_mapped_flags_bulk_update_by_key  sdk_mapped_flags.o
    0x00027298   0x00027298   0x00000022   Code   RO         4581    i.sdk_mapped_flags_first_key_index_get  sdk_mapped_flags.o
    0x000272ba   0x000272ba   0x00000010   Code   RO         4582    i.sdk_mapped_flags_get_by_index  sdk_mapped_flags.o
    0x000272ca   0x000272ca   0x0000002a   Code   RO         4583    i.sdk_mapped_flags_get_by_key  sdk_mapped_flags.o
    0x000272f4   0x000272f4   0x00000048   Code   RO         4584    i.sdk_mapped_flags_key_list_get  sdk_mapped_flags.o
    0x0002733c   0x0002733c   0x0000000e   Code   RO         4586    i.sdk_mapped_flags_update_by_key  sdk_mapped_flags.o
    0x0002734a   0x0002734a   0x000000b8   Code   RO         2929    i.sec_info_request_process  security_dispatcher.o
    0x00027402   0x00027402   0x00000018   Code   RO         2930    i.sec_params_request_process  security_dispatcher.o
    0x0002741a   0x0002741a   0x0000009e   Code   RO         3069    i.sec_params_verify  security_manager.o
    0x000274b8   0x000274b8   0x00000058   Code   RO         2931    i.sec_proc_start    security_dispatcher.o
    0x00027510   0x00027510   0x00000038   Code   RO         2932    i.sec_request_process  security_dispatcher.o
    0x00027548   0x00027548   0x00000024   Code   RO         2933    i.sec_start_send    security_dispatcher.o
    0x0002756c   0x0002756c   0x0000001c   Code   RO         3070    i.send_config_req   security_manager.o
    0x00027588   0x00027588   0x0000004c   Code   RO         4430    i.send_event        fstorage.o
    0x000275d4   0x000275d4   0x00000058   Code   RO         1604    i.service_changed_pending_flags_check  gatt_cache_manager.o
    0x0002762c   0x0002762c   0x00000044   Code   RO         1741    i.service_changed_pending_set  gatts_cache_manager.o
    0x00027670   0x00027670   0x0000009c   Code   RO         1605    i.service_changed_send_in_evt  gatt_cache_manager.o
    0x0002770c   0x0002770c   0x0000008c   Code   RO         1055    i.service_data_encode  ble_advdata.o
    0x00027798   0x00027798   0x00000030   Code   RO           25    i.services_init     main.o
    0x000277c8   0x000277c8   0x0000001c   Code   RO         1162    i.set_adv_mode_directed  ble_advertising.o
    0x000277e4   0x000277e4   0x00000028   Code   RO         1163    i.set_adv_mode_directed_slow  ble_advertising.o
    0x0002780c   0x0002780c   0x00000050   Code   RO         1164    i.set_adv_mode_fast  ble_advertising.o
    0x0002785c   0x0002785c   0x0000004c   Code   RO         1165    i.set_adv_mode_slow  ble_advertising.o
    0x000278a8   0x000278a8   0x00000076   Code   RO         1536    i.set_security_req  ble_srv_common.o
    0x0002791e   0x0002791e   0x00000002   PAD
    0x00027920   0x00027920   0x00000044   Code   RO           26    i.sleep_mode_enter  main.o
    0x00027964   0x00027964   0x00000018   Code   RO         3071    i.sm_ble_evt_handler  security_manager.o
    0x0002797c   0x0002797c   0x00000018   Code   RO         3072    i.sm_conn_sec_config_reply  security_manager.o
    0x00027994   0x00027994   0x00000050   Code   RO         3073    i.sm_init           security_manager.o
    0x000279e4   0x000279e4   0x00000038   Code   RO         3076    i.sm_pdb_evt_handler  security_manager.o
    0x00027a1c   0x00027a1c   0x00000030   Code   RO         3078    i.sm_sec_params_set  security_manager.o
    0x00027a4c   0x00027a4c   0x00000080   Code   RO         3079    i.sm_smd_evt_handler  security_manager.o
    0x00027acc   0x00027acc   0x00000042   Code   RO         2934    i.smd_ble_evt_handler  security_dispatcher.o
    0x00027b0e   0x00027b0e   0x00000002   PAD
    0x00027b10   0x00027b10   0x0000003c   Code   RO         2935    i.smd_init          security_dispatcher.o
    0x00027b4c   0x00027b4c   0x00000036   Code   RO         2936    i.smd_link_secure   security_dispatcher.o
    0x00027b82   0x00027b82   0x00000002   PAD
    0x00027b84   0x00027b84   0x00000108   Code   RO         2937    i.smd_params_reply  security_dispatcher.o
    0x00027c8c   0x00027c8c   0x00000080   Code   RO         3080    i.smd_params_reply_perform  security_manager.o
    0x00027d0c   0x00027d0c   0x0000003c   Code   RO         2938    i.smd_pdb_evt_handler  security_dispatcher.o
    0x00027d48   0x00027d48   0x00000014   Code   RO         4855    i.softdevice_ble_evt_handler_set  softdevice_handler.o
    0x00027d5c   0x00027d5c   0x00000018   Code   RO         4856    i.softdevice_enable  softdevice_handler.o
    0x00027d74   0x00027d74   0x00000026   Code   RO         4857    i.softdevice_enable_get_default_config  softdevice_handler.o
    0x00027d9a   0x00027d9a   0x00000004   Code   RO         4858    i.softdevice_fault_handler  softdevice_handler.o
    0x00027d9e   0x00027d9e   0x00000002   PAD
    0x00027da0   0x00027da0   0x00000074   Code   RO         4859    i.softdevice_handler_init  softdevice_handler.o
    0x00027e14   0x00027e14   0x0000000c   Code   RO         4860    i.softdevice_handler_is_enabled  softdevice_handler.o
    0x00027e20   0x00027e20   0x00000014   Code   RO         4865    i.softdevice_sys_evt_handler_set  softdevice_handler.o
    0x00027e34   0x00027e34   0x0000000e   Code   RO         1056    i.srdata_check      ble_advdata.o
    0x00027e42   0x00027e42   0x00000026   Code   RO          874    i.startup_event_extract  bsp_btn_ble.o
    0x00027e68   0x00027e68   0x00000020   Code   RO         4431    i.store_execute     fstorage.o
    0x00027e88   0x00027e88   0x00000014   Code   RO           27    i.sys_evt_dispatch  main.o
    0x00027e9c   0x00027e9c   0x00000040   Code   RO           28    i.timers_init       main.o
    0x00027edc   0x00027edc   0x00000032   Code   RO         1057    i.tx_power_level_encode  ble_advdata.o
    0x00027f0e   0x00027f0e   0x0000000a   Code   RO         1058    i.uint16_encode     ble_advdata.o
    0x00027f18   0x00027f18   0x0000000c   Code   RO         5288    i.ulPortRaiseBASEPRI  queue.o
    0x00027f24   0x00027f24   0x00000050   Code   RO         1606    i.update_pending_flags_check  gatt_cache_manager.o
    0x00027f74   0x00027f74   0x00000060   Code   RO         1292    i.update_timeout_handler  ble_conn_params.o
    0x00027fd4   0x00027fd4   0x00000014   Code   RO         1392    i.user_flag_acquire  ble_conn_state.o
    0x00027fe8   0x00027fe8   0x00000018   Code   RO         1393    i.user_flag_is_acquired  ble_conn_state.o
    0x00028000   0x00028000   0x00000038   Code   RO         1059    i.uuid_list_encode  ble_advdata.o
    0x00028038   0x00028038   0x000000a4   Code   RO         1060    i.uuid_list_sized_encode  ble_advdata.o
    0x000280dc   0x000280dc   0x00000024   Code   RO         5239    i.uxListRemove      list.o
    0x00028100   0x00028100   0x00000016   Code   RO         5240    i.vListInitialise   list.o
    0x00028116   0x00028116   0x00000006   Code   RO         5241    i.vListInitialiseItem  list.o
    0x0002811c   0x0002811c   0x00000030   Code   RO         5242    i.vListInsert       list.o
    0x0002814c   0x0002814c   0x00000018   Code   RO         5243    i.vListInsertEnd    list.o
    0x00028164   0x00028164   0x00000010   Code   RO         5015    i.vPortEnableVFP    port_cmsis.o
    0x00028174   0x00028174   0x00000014   Code   RO         5017    i.vPortEnterCritical  port_cmsis.o
    0x00028188   0x00028188   0x00000018   Code   RO         5018    i.vPortExitCritical  port_cmsis.o
    0x000281a0   0x000281a0   0x00000002   Code   RO         5918    i.vPortFree         heap_1.o
    0x000281a2   0x000281a2   0x00000002   PAD
    0x000281a4   0x000281a4   0x00000038   Code   RO         5079    i.vPortSetupTimerInterrupt  port_cmsis_systick.o
    0x000281dc   0x000281dc   0x00000108   Code   RO         5080    i.vPortSuppressTicksAndSleep  port_cmsis_systick.o
    0x000282e4   0x000282e4   0x00000024   Code   RO         5292    i.vQueueAddToRegistry  queue.o
    0x00028308   0x00028308   0x0000003a   Code   RO         5295    i.vQueueWaitForMessageRestricted  queue.o
    0x00028342   0x00028342   0x00000002   PAD
    0x00028344   0x00028344   0x00000058   Code   RO         5472    i.vTaskDelay        tasks.o
    0x0002839c   0x0002839c   0x0000000c   Code   RO         5476    i.vTaskMissedYield  tasks.o
    0x000283a8   0x000283a8   0x00000050   Code   RO         5478    i.vTaskPlaceOnEventList  tasks.o
    0x000283f8   0x000283f8   0x00000038   Code   RO         5479    i.vTaskPlaceOnEventListRestricted  tasks.o
    0x00028430   0x00028430   0x00000088   Code   RO         5481    i.vTaskPriorityInherit  tasks.o
    0x000284b8   0x000284b8   0x00000074   Code   RO         5483    i.vTaskResume       tasks.o
    0x0002852c   0x0002852c   0x00000010   Code   RO         5484    i.vTaskSetTimeOutState  tasks.o
    0x0002853c   0x0002853c   0x00000050   Code   RO         5485    i.vTaskStartScheduler  tasks.o
    0x0002858c   0x0002858c   0x00000010   Code   RO         5486    i.vTaskStepTick     tasks.o
    0x0002859c   0x0002859c   0x000000a4   Code   RO         5487    i.vTaskSuspend      tasks.o
    0x00028640   0x00028640   0x00000010   Code   RO         5488    i.vTaskSuspendAll   tasks.o
    0x00028650   0x00028650   0x00000048   Code   RO         5489    i.vTaskSwitchContext  tasks.o
    0x00028698   0x00028698   0x0000000c   Code   RO         1166    i.whitelist_has_entries  ble_advertising.o
    0x000286a4   0x000286a4   0x0000002e   Code   RO         2305    i.write_buf_length_words_set  peer_database.o
    0x000286d2   0x000286d2   0x0000002e   Code   RO         2306    i.write_buffer_record_find  peer_database.o
    0x00028700   0x00028700   0x0000002c   Code   RO         2307    i.write_buffer_record_find_next  peer_database.o
    0x0002872c   0x0002872c   0x0000000a   Code   RO         2308    i.write_buffer_record_find_unused  peer_database.o
    0x00028736   0x00028736   0x0000001e   Code   RO         2309    i.write_buffer_record_get  peer_database.o
    0x00028754   0x00028754   0x00000026   Code   RO         2310    i.write_buffer_record_invalidate  peer_database.o
    0x0002877a   0x0002877a   0x00000002   PAD
    0x0002877c   0x0002877c   0x0000002c   Code   RO         2311    i.write_buffer_record_release  peer_database.o
    0x000287a8   0x000287a8   0x00000110   Code   RO         4059    i.write_enqueue     fds.o
    0x000288b8   0x000288b8   0x000000b4   Code   RO         4060    i.write_execute     fds.o
    0x0002896c   0x0002896c   0x00000014   Code   RO         4061    i.write_space_free  fds.o
    0x00028980   0x00028980   0x00000058   Code   RO         4062    i.write_space_reserve  fds.o
    0x000289d8   0x000289d8   0x00000040   Code   RO         5019    i.xPortStartScheduler  port_cmsis.o
    0x00028a18   0x00028a18   0x0000003a   Code   RO         5297    i.xQueueGenericCreate  queue.o
    0x00028a52   0x00028a52   0x00000002   PAD
    0x00028a54   0x00028a54   0x0000012c   Code   RO         5298    i.xQueueGenericReceive  queue.o
    0x00028b80   0x00028b80   0x00000074   Code   RO         5299    i.xQueueGenericReset  queue.o
    0x00028bf4   0x00028bf4   0x000000fc   Code   RO         5300    i.xQueueGenericSend  queue.o
    0x00028cf0   0x00028cf0   0x00000060   Code   RO         5301    i.xQueueGenericSendFromISR  queue.o
    0x00028d50   0x00028d50   0x00000050   Code   RO         5302    i.xQueueGiveFromISR  queue.o
    0x00028da0   0x00028da0   0x00000050   Code   RO         5490    i.xTaskCheckForTimeOut  tasks.o
    0x00028df0   0x00028df0   0x000000e0   Code   RO         5491    i.xTaskGenericCreate  tasks.o
    0x00028ed0   0x00028ed0   0x0000001c   Code   RO         5495    i.xTaskGetSchedulerState  tasks.o
    0x00028eec   0x00028eec   0x0000000c   Code   RO         5496    i.xTaskGetTickCount  tasks.o
    0x00028ef8   0x00028ef8   0x0000000c   Code   RO         5497    i.xTaskGetTickCountFromISR  tasks.o
    0x00028f04   0x00028f04   0x000000a4   Code   RO         5498    i.xTaskIncrementTick  tasks.o
    0x00028fa8   0x00028fa8   0x00000070   Code   RO         5501    i.xTaskPriorityDisinherit  tasks.o
    0x00029018   0x00029018   0x0000006c   Code   RO         5502    i.xTaskRemoveFromEventList  tasks.o
    0x00029084   0x00029084   0x000000b4   Code   RO         5504    i.xTaskResumeAll    tasks.o
    0x00029138   0x00029138   0x00000040   Code   RO         5807    i.xTimerCreate      timers.o
    0x00029178   0x00029178   0x00000044   Code   RO         5808    i.xTimerCreateTimerTask  timers.o
    0x000291bc   0x000291bc   0x00000058   Code   RO         5809    i.xTimerGenericCommand  timers.o
    0x00029214   0x00029214   0x0000001a   Code   RO         5811    i.xTimerIsTimerActive  timers.o
    0x0002922e   0x0002922e   0x00000002   PAD
    0x00029230   0x00029230   0x00000014   Data   RO           30    .constdata          main.o
    0x00029244   0x00029244   0x00000008   Data   RO          657    .constdata          boards.o
    0x0002924c   0x0002924c   0x0000002c   Data   RO          770    .constdata          bsp.o
    0x00029278   0x00029278   0x00000004   Data   RO         1295    .constdata          ble_conn_params.o
    0x0002927c   0x0002927c   0x00000004   Data   RO         1742    .constdata          gatts_cache_manager.o
    0x00029280   0x00029280   0x00000010   Data   RO         1743    .constdata          gatts_cache_manager.o
    0x00029290   0x00029290   0x00000004   Data   RO         1744    .constdata          gatts_cache_manager.o
    0x00029294   0x00029294   0x00000008   Data   RO         1852    .constdata          id_manager.o
    0x0002929c   0x0002929c   0x00000004   Data   RO         2148    .constdata          peer_data_storage.o
    0x000292a0   0x000292a0   0x00000014   Data   RO         2313    .constdata          peer_database.o
    0x000292b4   0x000292b4   0x00000044   Data   RO         2940    .constdata          security_dispatcher.o
    0x000292f8   0x000292f8   0x00000004   Data   RO         3081    .constdata          security_manager.o
    0x000292fc   0x000292fc   0x00000004   Data   RO         3486    .constdata          nrf_drv_gpiote.o
    0x00029300   0x00029300   0x00000008   Data   RO         3806    .constdata          app_button.o
    0x00029308   0x00029308   0x00000014   Data   RO         4064    .constdata          fds.o
    0x0002931c   0x0002931c   0x00000004   Data   RO         5020    .constdata          port_cmsis.o
    0x00029320   0x00029320   0x00000020   Data   RO         6378    Region$$Table       anon$$obj.o


    Execution Region RW_IRAM1 (Exec base: 0x20002128, Load base: 0x00029340, Size: 0x00005210, Max: 0x0000ded8, ABSOLUTE, COMPRESSED[0x0000002c])

    Exec Addr    Load Addr    Size         Type   Attr      Idx    E Section Name        Object

    0x20002128   COMPRESSED   0x00000024   Data   RW           31    .data               main.o
    0x2000214c   COMPRESSED   0x00000014   Data   RW          771    .data               bsp.o
    0x20002160   COMPRESSED   0x00000008   Data   RW          875    .data               bsp_btn_ble.o
    0x20002168   COMPRESSED   0x00000004   Data   RW          979    .data               system_nrf52.o
    0x2000216c   COMPRESSED   0x0000001f   Data   RW         1168    .data               ble_advertising.o
    0x2000218b   COMPRESSED   0x00000001   PAD
    0x2000218c   COMPRESSED   0x00000014   Data   RW         1296    .data               ble_conn_params.o
    0x200021a0   COMPRESSED   0x0000000c   Data   RW         1607    .data               gatt_cache_manager.o
    0x200021ac   COMPRESSED   0x0000000c   Data   RW         1745    .data               gatts_cache_manager.o
    0x200021b8   COMPRESSED   0x00000003   Data   RW         1853    .data               id_manager.o
    0x200021bb   COMPRESSED   0x00000001   PAD
    0x200021bc   COMPRESSED   0x0000000c   Data   RW         2149    .data               peer_data_storage.o
    0x200021c8   COMPRESSED   0x00000008   Data   RW         2314    .data               peer_database.o
    0x200021d0   COMPRESSED   0x00000010   Data   RW         2596    .data               peer_manager.o
    0x200021e0   COMPRESSED   0x00000004   Data   RW         2941    .data               security_dispatcher.o
    0x200021e4   COMPRESSED   0x00000015   Data   RW         3082    .data               security_manager.o
    0x200021f9   COMPRESSED   0x00000003   PAD
    0x200021fc   COMPRESSED   0x00000008   Data   RW         3705    .data               nrf_drv_rtc.o
    0x20002204   COMPRESSED   0x00000014   Data   RW         3807    .data               app_button.o
    0x20002218   COMPRESSED   0x00000018   Data   RW         4065    .data               fds.o
    0x20002230   COMPRESSED   0x00000002   Data   RW         4433    .data               fstorage.o
    0x20002232   COMPRESSED   0x00000002   PAD
    0x20002234   COMPRESSED   0x00000004   Data   RW         4654    .data               app_timer_freertos.o
    0x20002238   COMPRESSED   0x00000014   Data   RW         4866    .data               softdevice_handler.o
    0x2000224c   COMPRESSED   0x00000004   Data   RW         5021    .data               port_cmsis.o
    0x20002250   COMPRESSED   0x0000003c   Data   RW         5507    .data               tasks.o
    0x2000228c   COMPRESSED   0x00000014   Data   RW         5815    .data               timers.o
    0x200022a0   COMPRESSED   0x00000008   Data   RW         5922    .data               heap_1.o
    0x200022a8   COMPRESSED   0x0000000c   Data   RW         5972    .data               esp8266.o
    0x200022b4   COMPRESSED   0x00000010   Data   RW         4066    fs_data             fds.o
    0x200022c4        -       0x0000010c   Zero   RW           29    .bss                main.o
    0x200023d0        -       0x0000001c   Zero   RW          586    .bss                service_if.o
    0x200023ec        -       0x00000020   Zero   RW          766    .bss                bsp.o
    0x2000240c        -       0x00000020   Zero   RW          767    .bss                bsp.o
    0x2000242c        -       0x0000000c   Zero   RW          768    .bss                bsp.o
    0x20002438        -       0x00000020   Zero   RW          769    .bss                bsp.o
    0x20002458        -       0x000000b3   Zero   RW         1167    .bss                ble_advertising.o
    0x2000250b   COMPRESSED   0x00000001   PAD
    0x2000250c        -       0x00000020   Zero   RW         1293    .bss                ble_conn_params.o
    0x2000252c        -       0x0000001c   Zero   RW         1294    .bss                ble_conn_params.o
    0x20002548        -       0x00000034   Zero   RW         1394    .bss                ble_conn_state.o
    0x2000257c        -       0x00000070   Zero   RW         1851    .bss                id_manager.o
    0x200025ec        -       0x00000330   Zero   RW         2312    .bss                peer_database.o
    0x2000291c        -       0x00000040   Zero   RW         2474    .bss                peer_id.o
    0x2000295c        -       0x0000000c   Zero   RW         2594    .bss                peer_manager.o
    0x20002968        -       0x00000040   Zero   RW         2939    .bss                security_dispatcher.o
    0x200029a8        -       0x00000014   Zero   RW         3223    .bss                nrf_drv_clock.o
    0x200029bc        -       0x00000058   Zero   RW         3485    .bss                nrf_drv_gpiote.o
    0x20002a14        -       0x00000020   Zero   RW         3805    .bss                app_button.o
    0x20002a34        -       0x0000000c   Zero   RW         3920    .bss                app_util_platform.o
    0x20002a40        -       0x0000011c   Zero   RW         4063    .bss                fds.o
    0x20002b5c        -       0x00000068   Zero   RW         4432    .bss                fstorage.o
    0x20002bc4        -       0x00000488   Zero   RW         4722    .bss                segger_rtt.o
    0x2000304c        -       0x00000010   Zero   RW         5309    .bss                queue.o
    0x2000305c        -       0x000000b4   Zero   RW         5506    .bss                tasks.o
    0x20003110        -       0x00000028   Zero   RW         5814    .bss                timers.o
    0x20003138        -       0x00002000   Zero   RW         5921    .bss                heap_1.o
    0x20005138        -       0x00000200   Zero   RW         5970    .bss                esp8266.o
    0x20005338        -       0x00002000   Zero   RW          960    STACK               arm_startup_nrf52.o


==============================================================================

Image component sizes


      Code (inc. data)   RO Data    RW Data    ZI Data      Debug   Object Name

       348         34          8         20         32      10098   app_button.o
        22          0          0          0          0       2185   app_error.o
        32          8          0          0          0        790   app_error_weak.o
       446         32          0          4          0       7659   app_timer_freertos.o
       116         20          0          0         12       6350   app_util_platform.o
        36          8       1024          0       8192        960   arm_startup_nrf52.o
      1460          0          0          0          0      34216   ble_advdata.o
      1140        108          0         31        179      20649   ble_advertising.o
       300          0          0          0          0      97208   ble_bas.o
       540         82          4         20         60      10504   ble_conn_params.o
       618         72          0          0         52      14854   ble_conn_state.o
       556          6          0          0          0      19363   ble_srv_common.o
       328         42          8          0          0      13144   boards.o
      1056         82         44         20        108      19307   bsp.o
       420         18          0          8          0      11181   bsp_btn_ble.o
      1984        794          0         12        512      35326   esp8266.o
         0          0          0          0          0       1392   event_groups.o
      4168        392         20         40        284      74442   fds.o
      1046         80          0          2        104      15235   fstorage.o
      1236         60          0         12          0      25012   gatt_cache_manager.o
       594         46         24         12          0      11971   gatts_cache_manager.o
        78          8          0          8       8192       2475   heap_1.o
      1204         60          8          3        112      21043   id_manager.o
       136          0          0          0          0       3942   list.o
      2570        656         20         36        268     156712   main.o
       620          0          0          0          0       8452   nrf_ble_qwr.o
       544         46          0          0         20      21630   nrf_drv_clock.o
        56          0          0          0          0      28983   nrf_drv_common.o
      1254         82          4          0         88      30584   nrf_drv_gpiote.o
       456         28          0          8          0      12659   nrf_drv_rtc.o
         0          0          0          0          0       2400   peer_data.o
      1228         42          4         12          0      20720   peer_data_storage.o
      1498         70         20          8        816      25383   peer_database.o
       356         42          0          0         64       9587   peer_id.o
      1440         96          0         16         12      16472   peer_manager.o
       262          0          0          0          0       4519   pm_buffer.o
       230          0          0          0          0       5429   pm_mutex.o
       160         14          0          0          0        688   port.o
       172         36          4          4          0      33286   port_cmsis.o
       392         34          0          0          0      46106   port_cmsis_systick.o
      1316         18          0          0         16      15125   queue.o
       258          0          0          0          0       6304   sdk_mapped_flags.o
      1974         68         68          4         64      24136   security_dispatcher.o
      1236         68          4         21          0      18516   security_manager.o
       482         38          0          0       1160       9327   segger_rtt.o
       284        196          0          0         28       9564   service_if.o
       614         50          0         20          0      43548   softdevice_handler.o
       900         90          0          4          0      33466   system_nrf52.o
      2398        244          0         60        180      29062   tasks.o
       940         92          0         20         40      13144   timers.o

    ----------------------------------------------------------------------
     39594       3962       1296        412      20596    1085108   Object Totals
         0          0         32          0          0          0   (incl. Generated)
        90          0          0          7          1          0   (incl. Padding)

    ----------------------------------------------------------------------

      Code (inc. data)   RO Data    RW Data    ZI Data      Debug   Library Member Name

        86          0          0          0          0          0   __dczerorl2.o
         0          0          0          0          0          0   entry.o
         0          0          0          0          0          0   entry10a.o
         0          0          0          0          0          0   entry11a.o
         8          4          0          0          0          0   entry2.o
         4          0          0          0          0          0   entry5.o
         0          0          0          0          0          0   entry7b.o
         0          0          0          0          0          0   entry8b.o
         8          4          0          0          0          0   entry9a.o
        30          0          0          0          0          0   handlers.o
        36          8          0          0          0         68   init.o
        26          0          0          0          0         80   memcmp.o
        36          0          0          0          0         68   memcpya.o
        36          0          0          0          0        108   memseta.o
       490         10          0          0          0        252   printf3.o
        18          0          0          0          0         68   strcpy.o
        14          0          0          0          0         68   strlen.o
        24          0          0          0          0         76   strncpy.o
        36          0          0          0          0         80   strstr.o
        44          0          0          0          0         80   uidiv.o

    ----------------------------------------------------------------------
       902         26          0          0          0        948   Library Totals
         6          0          0          0          0          0   (incl. Padding)

    ----------------------------------------------------------------------

      Code (inc. data)   RO Data    RW Data    ZI Data      Debug   Library Name

       896         26          0          0          0        948   mc_w.l

    ----------------------------------------------------------------------
       902         26          0          0          0        948   Library Totals

    ----------------------------------------------------------------------

==============================================================================


      Code (inc. data)   RO Data    RW Data    ZI Data      Debug   

     40496       3988       1296        412      20596    1029824   Grand Totals
     40496       3988       1296         44      20596    1029824   ELF Image Totals (compressed)
     40496       3988       1296         44          0          0   ROM Totals

==============================================================================

    Total RO  Size (Code + RO Data)                41792 (  40.81kB)
    Total RW  Size (RW Data + ZI Data)             21008 (  20.52kB)
    Total ROM Size (Code + RO Data + RW Data)      41836 (  40.86kB)

==============================================================================

