<!doctype html public "-//w3c//dtd html 4.0 transitional//en">
<html><head>
<title>Static Call Graph - [.\_build\nrf52832_xxaa.axf]</title></head>
<body><HR>
<H1>Static Call Graph for image .\_build\nrf52832_xxaa.axf</H1><HR>
<BR><P>#&#060CALLGRAPH&#062# ARM Linker, 5060528: Last Updated: Fri Oct 27 09:50:38 2017
<BR><P>
<H3>Maximum Stack Usage =        312 bytes + Unknown(Cycles, Untraceable Function Pointers)</H3><H3>
Call chain for Maximum Stack Depth:</H3>
main &rArr; advertising_init &rArr; ble_advdata_set &rArr; adv_data_encode &rArr; uuid_list_encode &rArr; uuid_list_sized_encode
<P>
<H3>
Mutually Recursive functions
</H3> <LI><a href="#[1]">NMI_Handler</a>&nbsp;&nbsp;&nbsp;&rArr;&nbsp;&nbsp;&nbsp;<a href="#[1]">NMI_Handler</a><BR>
 <LI><a href="#[2]">HardFault_Handler</a>&nbsp;&nbsp;&nbsp;&rArr;&nbsp;&nbsp;&nbsp;<a href="#[2]">HardFault_Handler</a><BR>
 <LI><a href="#[3]">MemoryManagement_Handler</a>&nbsp;&nbsp;&nbsp;&rArr;&nbsp;&nbsp;&nbsp;<a href="#[3]">MemoryManagement_Handler</a><BR>
 <LI><a href="#[4]">BusFault_Handler</a>&nbsp;&nbsp;&nbsp;&rArr;&nbsp;&nbsp;&nbsp;<a href="#[4]">BusFault_Handler</a><BR>
 <LI><a href="#[5]">UsageFault_Handler</a>&nbsp;&nbsp;&nbsp;&rArr;&nbsp;&nbsp;&nbsp;<a href="#[5]">UsageFault_Handler</a><BR>
 <LI><a href="#[6]">SVC_Handler</a>&nbsp;&nbsp;&nbsp;&rArr;&nbsp;&nbsp;&nbsp;<a href="#[6]">SVC_Handler</a><BR>
 <LI><a href="#[7]">DebugMon_Handler</a>&nbsp;&nbsp;&nbsp;&rArr;&nbsp;&nbsp;&nbsp;<a href="#[7]">DebugMon_Handler</a><BR>
 <LI><a href="#[8]">PendSV_Handler</a>&nbsp;&nbsp;&nbsp;&rArr;&nbsp;&nbsp;&nbsp;<a href="#[8]">PendSV_Handler</a><BR>
 <LI><a href="#[9]">SysTick_Handler</a>&nbsp;&nbsp;&nbsp;&rArr;&nbsp;&nbsp;&nbsp;<a href="#[9]">SysTick_Handler</a><BR>
 <LI><a href="#[19]">CCM_AAR_IRQHandler</a>&nbsp;&nbsp;&nbsp;&rArr;&nbsp;&nbsp;&nbsp;<a href="#[19]">CCM_AAR_IRQHandler</a><BR>
</UL>
<P>
<H3>
Function Pointers
</H3><UL>
 <LI><a href="#[4]">BusFault_Handler</a> from arm_startup_nrf52.o(.text) referenced from arm_startup_nrf52.o(RESET)
 <LI><a href="#[19]">CCM_AAR_IRQHandler</a> from arm_startup_nrf52.o(.text) referenced from arm_startup_nrf52.o(RESET)
 <LI><a href="#[1d]">COMP_LPCOMP_IRQHandler</a> from arm_startup_nrf52.o(.text) referenced from arm_startup_nrf52.o(RESET)
 <LI><a href="#[7]">DebugMon_Handler</a> from arm_startup_nrf52.o(.text) referenced from arm_startup_nrf52.o(RESET)
 <LI><a href="#[18]">ECB_IRQHandler</a> from arm_startup_nrf52.o(.text) referenced from arm_startup_nrf52.o(RESET)
 <LI><a href="#[2e]">FPU_IRQHandler</a> from arm_startup_nrf52.o(.text) referenced from arm_startup_nrf52.o(RESET)
 <LI><a href="#[10]">GPIOTE_IRQHandler</a> from arm_startup_nrf52.o(.text) referenced from arm_startup_nrf52.o(RESET)
 <LI><a href="#[2]">HardFault_Handler</a> from arm_startup_nrf52.o(.text) referenced from arm_startup_nrf52.o(RESET)
 <LI><a href="#[2d]">I2S_IRQHandler</a> from arm_startup_nrf52.o(.text) referenced from arm_startup_nrf52.o(RESET)
 <LI><a href="#[28]">MWU_IRQHandler</a> from arm_startup_nrf52.o(.text) referenced from arm_startup_nrf52.o(RESET)
 <LI><a href="#[3]">MemoryManagement_Handler</a> from arm_startup_nrf52.o(.text) referenced from arm_startup_nrf52.o(RESET)
 <LI><a href="#[f]">NFCT_IRQHandler</a> from arm_startup_nrf52.o(.text) referenced from arm_startup_nrf52.o(RESET)
 <LI><a href="#[1]">NMI_Handler</a> from arm_startup_nrf52.o(.text) referenced from arm_startup_nrf52.o(RESET)
 <LI><a href="#[27]">PDM_IRQHandler</a> from arm_startup_nrf52.o(.text) referenced from arm_startup_nrf52.o(RESET)
 <LI><a href="#[a]">POWER_CLOCK_IRQHandler</a> from nrf_drv_clock.o(i.POWER_CLOCK_IRQHandler) referenced from arm_startup_nrf52.o(RESET)
 <LI><a href="#[26]">PWM0_IRQHandler</a> from arm_startup_nrf52.o(.text) referenced from arm_startup_nrf52.o(RESET)
 <LI><a href="#[29]">PWM1_IRQHandler</a> from arm_startup_nrf52.o(.text) referenced from arm_startup_nrf52.o(RESET)
 <LI><a href="#[2a]">PWM2_IRQHandler</a> from arm_startup_nrf52.o(.text) referenced from arm_startup_nrf52.o(RESET)
 <LI><a href="#[8]">PendSV_Handler</a> from arm_startup_nrf52.o(.text) referenced from arm_startup_nrf52.o(RESET)
 <LI><a href="#[1c]">QDEC_IRQHandler</a> from arm_startup_nrf52.o(.text) referenced from arm_startup_nrf52.o(RESET)
 <LI><a href="#[b]">RADIO_IRQHandler</a> from arm_startup_nrf52.o(.text) referenced from arm_startup_nrf52.o(RESET)
 <LI><a href="#[17]">RNG_IRQHandler</a> from arm_startup_nrf52.o(.text) referenced from arm_startup_nrf52.o(RESET)
 <LI><a href="#[15]">RTC0_IRQHandler</a> from arm_startup_nrf52.o(.text) referenced from arm_startup_nrf52.o(RESET)
 <LI><a href="#[1b]">RTC1_IRQHandler</a> from app_timer.o(i.RTC1_IRQHandler) referenced from arm_startup_nrf52.o(RESET)
 <LI><a href="#[2c]">RTC2_IRQHandler</a> from arm_startup_nrf52.o(.text) referenced from arm_startup_nrf52.o(RESET)
 <LI><a href="#[0]">Reset_Handler</a> from arm_startup_nrf52.o(.text) referenced from arm_startup_nrf52.o(RESET)
 <LI><a href="#[11]">SAADC_IRQHandler</a> from arm_startup_nrf52.o(.text) referenced from arm_startup_nrf52.o(RESET)
 <LI><a href="#[d]">SPIM0_SPIS0_TWIM0_TWIS0_SPI0_TWI0_IRQHandler</a> from arm_startup_nrf52.o(.text) referenced from arm_startup_nrf52.o(RESET)
 <LI><a href="#[e]">SPIM1_SPIS1_TWIM1_TWIS1_SPI1_TWI1_IRQHandler</a> from arm_startup_nrf52.o(.text) referenced from arm_startup_nrf52.o(RESET)
 <LI><a href="#[2b]">SPIM2_SPIS2_SPI2_IRQHandler</a> from arm_startup_nrf52.o(.text) referenced from arm_startup_nrf52.o(RESET)
 <LI><a href="#[6]">SVC_Handler</a> from arm_startup_nrf52.o(.text) referenced from arm_startup_nrf52.o(RESET)
 <LI><a href="#[1e]">SWI0_EGU0_IRQHandler</a> from app_timer.o(i.SWI0_EGU0_IRQHandler) referenced from arm_startup_nrf52.o(RESET)
 <LI><a href="#[1f]">SWI1_EGU1_IRQHandler</a> from arm_startup_nrf52.o(.text) referenced from arm_startup_nrf52.o(RESET)
 <LI><a href="#[20]">SWI2_EGU2_IRQHandler</a> from softdevice_handler.o(i.SWI2_EGU2_IRQHandler) referenced from arm_startup_nrf52.o(RESET)
 <LI><a href="#[21]">SWI3_EGU3_IRQHandler</a> from arm_startup_nrf52.o(.text) referenced from arm_startup_nrf52.o(RESET)
 <LI><a href="#[22]">SWI4_EGU4_IRQHandler</a> from arm_startup_nrf52.o(.text) referenced from arm_startup_nrf52.o(RESET)
 <LI><a href="#[23]">SWI5_EGU5_IRQHandler</a> from arm_startup_nrf52.o(.text) referenced from arm_startup_nrf52.o(RESET)
 <LI><a href="#[9]">SysTick_Handler</a> from arm_startup_nrf52.o(.text) referenced from arm_startup_nrf52.o(RESET)
 <LI><a href="#[30]">SystemInit</a> from system_nrf52.o(i.SystemInit) referenced from arm_startup_nrf52.o(.text)
 <LI><a href="#[16]">TEMP_IRQHandler</a> from arm_startup_nrf52.o(.text) referenced from arm_startup_nrf52.o(RESET)
 <LI><a href="#[12]">TIMER0_IRQHandler</a> from arm_startup_nrf52.o(.text) referenced from arm_startup_nrf52.o(RESET)
 <LI><a href="#[13]">TIMER1_IRQHandler</a> from arm_startup_nrf52.o(.text) referenced from arm_startup_nrf52.o(RESET)
 <LI><a href="#[14]">TIMER2_IRQHandler</a> from arm_startup_nrf52.o(.text) referenced from arm_startup_nrf52.o(RESET)
 <LI><a href="#[24]">TIMER3_IRQHandler</a> from arm_startup_nrf52.o(.text) referenced from arm_startup_nrf52.o(RESET)
 <LI><a href="#[25]">TIMER4_IRQHandler</a> from arm_startup_nrf52.o(.text) referenced from arm_startup_nrf52.o(RESET)
 <LI><a href="#[c]">UARTE0_UART0_IRQHandler</a> from serial.o(i.UARTE0_UART0_IRQHandler) referenced from arm_startup_nrf52.o(RESET)
 <LI><a href="#[5]">UsageFault_Handler</a> from arm_startup_nrf52.o(.text) referenced from arm_startup_nrf52.o(RESET)
 <LI><a href="#[1a]">WDT_IRQHandler</a> from arm_startup_nrf52.o(.text) referenced from arm_startup_nrf52.o(RESET)
 <LI><a href="#[31]">__main</a> from entry.o(.ARM.Collect$$$$00000000) referenced from arm_startup_nrf52.o(.text)
 <LI><a href="#[32]">_sputc</a> from printf8.o(i._sputc) referenced from printf8.o(i.__0sprintf$8)
 <LI><a href="#[37]">alert_timer_handler</a> from bsp.o(i.alert_timer_handler) referenced from bsp.o(i.bsp_init)
 <LI><a href="#[3a]">bsp_button_event_handler</a> from bsp.o(i.bsp_button_event_handler) referenced 4 times from bsp.o(.constdata)
 <LI><a href="#[35]">button_timer_handler</a> from bsp.o(i.button_timer_handler) referenced from bsp.o(i.bsp_init)
 <LI><a href="#[34]">detection_delay_timeout_handler</a> from app_button.o(i.detection_delay_timeout_handler) referenced from app_button.o(i.app_button_init)
 <LI><a href="#[33]">gpiote_event_handler</a> from app_button.o(i.gpiote_event_handler) referenced from app_button.o(i.app_button_init)
 <LI><a href="#[36]">leds_timer_handler</a> from bsp.o(i.leds_timer_handler) referenced from bsp.o(i.bsp_init)
 <LI><a href="#[2f]">main</a> from main.o(i.main) referenced from entry9a.o(.ARM.Collect$$$$0000000B)
 <LI><a href="#[38]">softdevice_fault_handler</a> from softdevice_handler.o(i.softdevice_fault_handler) referenced from softdevice_handler.o(i.softdevice_handler_init)
 <LI><a href="#[39]">timerhandler</a> from main.o(i.timerhandler) referenced from main.o(i.timers_init)
</UL>
<P>
<H3>
Global Symbols
</H3>
<P><STRONG><a name="[31]"></a>__main</STRONG> (Thumb, 0 bytes, Stack size unknown bytes, entry.o(.ARM.Collect$$$$00000000))
<BR>[Address Reference Count : 1]<UL><LI> arm_startup_nrf52.o(.text)
</UL>
<P><STRONG><a name="[112]"></a>_main_stk</STRONG> (Thumb, 0 bytes, Stack size unknown bytes, entry2.o(.ARM.Collect$$$$00000001))

<P><STRONG><a name="[3b]"></a>_main_scatterload</STRONG> (Thumb, 0 bytes, Stack size unknown bytes, entry5.o(.ARM.Collect$$$$00000004))
<BR><BR>[Calls]<UL><LI><a href="#[3c]">&gt;&gt;</a>&nbsp;&nbsp;&nbsp;__scatterload
</UL>

<P><STRONG><a name="[48]"></a>__main_after_scatterload</STRONG> (Thumb, 0 bytes, Stack size unknown bytes, entry5.o(.ARM.Collect$$$$00000004))
<BR><BR>[Called By]<UL><LI><a href="#[3c]">&gt;&gt;</a>&nbsp;&nbsp;&nbsp;__scatterload
</UL>

<P><STRONG><a name="[113]"></a>_main_clock</STRONG> (Thumb, 0 bytes, Stack size unknown bytes, entry7b.o(.ARM.Collect$$$$00000008))

<P><STRONG><a name="[114]"></a>_main_cpp_init</STRONG> (Thumb, 0 bytes, Stack size unknown bytes, entry8b.o(.ARM.Collect$$$$0000000A))

<P><STRONG><a name="[115]"></a>_main_init</STRONG> (Thumb, 0 bytes, Stack size unknown bytes, entry9a.o(.ARM.Collect$$$$0000000B))

<P><STRONG><a name="[116]"></a>__rt_final_cpp</STRONG> (Thumb, 0 bytes, Stack size unknown bytes, entry10a.o(.ARM.Collect$$$$0000000D))

<P><STRONG><a name="[117]"></a>__rt_final_exit</STRONG> (Thumb, 0 bytes, Stack size unknown bytes, entry11a.o(.ARM.Collect$$$$0000000F))

<P><STRONG><a name="[0]"></a>Reset_Handler</STRONG> (Thumb, 8 bytes, Stack size 0 bytes, arm_startup_nrf52.o(.text))
<BR>[Address Reference Count : 1]<UL><LI> arm_startup_nrf52.o(RESET)
</UL>
<P><STRONG><a name="[1]"></a>NMI_Handler</STRONG> (Thumb, 2 bytes, Stack size 0 bytes, arm_startup_nrf52.o(.text))
<BR><BR>[Calls]<UL><LI><a href="#[1]">&gt;&gt;</a>&nbsp;&nbsp;&nbsp;NMI_Handler
</UL>
<BR>[Called By]<UL><LI><a href="#[1]">&gt;&gt;</a>&nbsp;&nbsp;&nbsp;NMI_Handler
</UL>
<BR>[Address Reference Count : 1]<UL><LI> arm_startup_nrf52.o(RESET)
</UL>
<P><STRONG><a name="[2]"></a>HardFault_Handler</STRONG> (Thumb, 2 bytes, Stack size 0 bytes, arm_startup_nrf52.o(.text))
<BR><BR>[Calls]<UL><LI><a href="#[2]">&gt;&gt;</a>&nbsp;&nbsp;&nbsp;HardFault_Handler
</UL>
<BR>[Called By]<UL><LI><a href="#[2]">&gt;&gt;</a>&nbsp;&nbsp;&nbsp;HardFault_Handler
</UL>
<BR>[Address Reference Count : 1]<UL><LI> arm_startup_nrf52.o(RESET)
</UL>
<P><STRONG><a name="[3]"></a>MemoryManagement_Handler</STRONG> (Thumb, 2 bytes, Stack size 0 bytes, arm_startup_nrf52.o(.text))
<BR><BR>[Calls]<UL><LI><a href="#[3]">&gt;&gt;</a>&nbsp;&nbsp;&nbsp;MemoryManagement_Handler
</UL>
<BR>[Called By]<UL><LI><a href="#[3]">&gt;&gt;</a>&nbsp;&nbsp;&nbsp;MemoryManagement_Handler
</UL>
<BR>[Address Reference Count : 1]<UL><LI> arm_startup_nrf52.o(RESET)
</UL>
<P><STRONG><a name="[4]"></a>BusFault_Handler</STRONG> (Thumb, 2 bytes, Stack size 0 bytes, arm_startup_nrf52.o(.text))
<BR><BR>[Calls]<UL><LI><a href="#[4]">&gt;&gt;</a>&nbsp;&nbsp;&nbsp;BusFault_Handler
</UL>
<BR>[Called By]<UL><LI><a href="#[4]">&gt;&gt;</a>&nbsp;&nbsp;&nbsp;BusFault_Handler
</UL>
<BR>[Address Reference Count : 1]<UL><LI> arm_startup_nrf52.o(RESET)
</UL>
<P><STRONG><a name="[5]"></a>UsageFault_Handler</STRONG> (Thumb, 2 bytes, Stack size 0 bytes, arm_startup_nrf52.o(.text))
<BR><BR>[Calls]<UL><LI><a href="#[5]">&gt;&gt;</a>&nbsp;&nbsp;&nbsp;UsageFault_Handler
</UL>
<BR>[Called By]<UL><LI><a href="#[5]">&gt;&gt;</a>&nbsp;&nbsp;&nbsp;UsageFault_Handler
</UL>
<BR>[Address Reference Count : 1]<UL><LI> arm_startup_nrf52.o(RESET)
</UL>
<P><STRONG><a name="[6]"></a>SVC_Handler</STRONG> (Thumb, 2 bytes, Stack size 0 bytes, arm_startup_nrf52.o(.text))
<BR><BR>[Calls]<UL><LI><a href="#[6]">&gt;&gt;</a>&nbsp;&nbsp;&nbsp;SVC_Handler
</UL>
<BR>[Called By]<UL><LI><a href="#[6]">&gt;&gt;</a>&nbsp;&nbsp;&nbsp;SVC_Handler
</UL>
<BR>[Address Reference Count : 1]<UL><LI> arm_startup_nrf52.o(RESET)
</UL>
<P><STRONG><a name="[7]"></a>DebugMon_Handler</STRONG> (Thumb, 2 bytes, Stack size 0 bytes, arm_startup_nrf52.o(.text))
<BR><BR>[Calls]<UL><LI><a href="#[7]">&gt;&gt;</a>&nbsp;&nbsp;&nbsp;DebugMon_Handler
</UL>
<BR>[Called By]<UL><LI><a href="#[7]">&gt;&gt;</a>&nbsp;&nbsp;&nbsp;DebugMon_Handler
</UL>
<BR>[Address Reference Count : 1]<UL><LI> arm_startup_nrf52.o(RESET)
</UL>
<P><STRONG><a name="[8]"></a>PendSV_Handler</STRONG> (Thumb, 2 bytes, Stack size 0 bytes, arm_startup_nrf52.o(.text))
<BR><BR>[Calls]<UL><LI><a href="#[8]">&gt;&gt;</a>&nbsp;&nbsp;&nbsp;PendSV_Handler
</UL>
<BR>[Called By]<UL><LI><a href="#[8]">&gt;&gt;</a>&nbsp;&nbsp;&nbsp;PendSV_Handler
</UL>
<BR>[Address Reference Count : 1]<UL><LI> arm_startup_nrf52.o(RESET)
</UL>
<P><STRONG><a name="[9]"></a>SysTick_Handler</STRONG> (Thumb, 2 bytes, Stack size 0 bytes, arm_startup_nrf52.o(.text))
<BR><BR>[Calls]<UL><LI><a href="#[9]">&gt;&gt;</a>&nbsp;&nbsp;&nbsp;SysTick_Handler
</UL>
<BR>[Called By]<UL><LI><a href="#[9]">&gt;&gt;</a>&nbsp;&nbsp;&nbsp;SysTick_Handler
</UL>
<BR>[Address Reference Count : 1]<UL><LI> arm_startup_nrf52.o(RESET)
</UL>
<P><STRONG><a name="[19]"></a>CCM_AAR_IRQHandler</STRONG> (Thumb, 0 bytes, Stack size 0 bytes, arm_startup_nrf52.o(.text))
<BR><BR>[Calls]<UL><LI><a href="#[19]">&gt;&gt;</a>&nbsp;&nbsp;&nbsp;CCM_AAR_IRQHandler
</UL>
<BR>[Called By]<UL><LI><a href="#[19]">&gt;&gt;</a>&nbsp;&nbsp;&nbsp;CCM_AAR_IRQHandler
</UL>
<BR>[Address Reference Count : 1]<UL><LI> arm_startup_nrf52.o(RESET)
</UL>
<P><STRONG><a name="[1d]"></a>COMP_LPCOMP_IRQHandler</STRONG> (Thumb, 0 bytes, Stack size 0 bytes, arm_startup_nrf52.o(.text))
<BR>[Address Reference Count : 1]<UL><LI> arm_startup_nrf52.o(RESET)
</UL>
<P><STRONG><a name="[18]"></a>ECB_IRQHandler</STRONG> (Thumb, 0 bytes, Stack size 0 bytes, arm_startup_nrf52.o(.text))
<BR>[Address Reference Count : 1]<UL><LI> arm_startup_nrf52.o(RESET)
</UL>
<P><STRONG><a name="[2e]"></a>FPU_IRQHandler</STRONG> (Thumb, 0 bytes, Stack size 0 bytes, arm_startup_nrf52.o(.text))
<BR>[Address Reference Count : 1]<UL><LI> arm_startup_nrf52.o(RESET)
</UL>
<P><STRONG><a name="[10]"></a>GPIOTE_IRQHandler</STRONG> (Thumb, 0 bytes, Stack size 0 bytes, arm_startup_nrf52.o(.text))
<BR>[Address Reference Count : 1]<UL><LI> arm_startup_nrf52.o(RESET)
</UL>
<P><STRONG><a name="[2d]"></a>I2S_IRQHandler</STRONG> (Thumb, 0 bytes, Stack size 0 bytes, arm_startup_nrf52.o(.text))
<BR>[Address Reference Count : 1]<UL><LI> arm_startup_nrf52.o(RESET)
</UL>
<P><STRONG><a name="[28]"></a>MWU_IRQHandler</STRONG> (Thumb, 0 bytes, Stack size 0 bytes, arm_startup_nrf52.o(.text))
<BR>[Address Reference Count : 1]<UL><LI> arm_startup_nrf52.o(RESET)
</UL>
<P><STRONG><a name="[f]"></a>NFCT_IRQHandler</STRONG> (Thumb, 0 bytes, Stack size 0 bytes, arm_startup_nrf52.o(.text))
<BR>[Address Reference Count : 1]<UL><LI> arm_startup_nrf52.o(RESET)
</UL>
<P><STRONG><a name="[27]"></a>PDM_IRQHandler</STRONG> (Thumb, 0 bytes, Stack size 0 bytes, arm_startup_nrf52.o(.text))
<BR>[Address Reference Count : 1]<UL><LI> arm_startup_nrf52.o(RESET)
</UL>
<P><STRONG><a name="[26]"></a>PWM0_IRQHandler</STRONG> (Thumb, 0 bytes, Stack size 0 bytes, arm_startup_nrf52.o(.text))
<BR>[Address Reference Count : 1]<UL><LI> arm_startup_nrf52.o(RESET)
</UL>
<P><STRONG><a name="[29]"></a>PWM1_IRQHandler</STRONG> (Thumb, 0 bytes, Stack size 0 bytes, arm_startup_nrf52.o(.text))
<BR>[Address Reference Count : 1]<UL><LI> arm_startup_nrf52.o(RESET)
</UL>
<P><STRONG><a name="[2a]"></a>PWM2_IRQHandler</STRONG> (Thumb, 0 bytes, Stack size 0 bytes, arm_startup_nrf52.o(.text))
<BR>[Address Reference Count : 1]<UL><LI> arm_startup_nrf52.o(RESET)
</UL>
<P><STRONG><a name="[1c]"></a>QDEC_IRQHandler</STRONG> (Thumb, 0 bytes, Stack size 0 bytes, arm_startup_nrf52.o(.text))
<BR>[Address Reference Count : 1]<UL><LI> arm_startup_nrf52.o(RESET)
</UL>
<P><STRONG><a name="[b]"></a>RADIO_IRQHandler</STRONG> (Thumb, 0 bytes, Stack size 0 bytes, arm_startup_nrf52.o(.text))
<BR>[Address Reference Count : 1]<UL><LI> arm_startup_nrf52.o(RESET)
</UL>
<P><STRONG><a name="[17]"></a>RNG_IRQHandler</STRONG> (Thumb, 0 bytes, Stack size 0 bytes, arm_startup_nrf52.o(.text))
<BR>[Address Reference Count : 1]<UL><LI> arm_startup_nrf52.o(RESET)
</UL>
<P><STRONG><a name="[15]"></a>RTC0_IRQHandler</STRONG> (Thumb, 0 bytes, Stack size 0 bytes, arm_startup_nrf52.o(.text))
<BR>[Address Reference Count : 1]<UL><LI> arm_startup_nrf52.o(RESET)
</UL>
<P><STRONG><a name="[2c]"></a>RTC2_IRQHandler</STRONG> (Thumb, 0 bytes, Stack size 0 bytes, arm_startup_nrf52.o(.text))
<BR>[Address Reference Count : 1]<UL><LI> arm_startup_nrf52.o(RESET)
</UL>
<P><STRONG><a name="[11]"></a>SAADC_IRQHandler</STRONG> (Thumb, 0 bytes, Stack size 0 bytes, arm_startup_nrf52.o(.text))
<BR>[Address Reference Count : 1]<UL><LI> arm_startup_nrf52.o(RESET)
</UL>
<P><STRONG><a name="[d]"></a>SPIM0_SPIS0_TWIM0_TWIS0_SPI0_TWI0_IRQHandler</STRONG> (Thumb, 0 bytes, Stack size 0 bytes, arm_startup_nrf52.o(.text))
<BR>[Address Reference Count : 1]<UL><LI> arm_startup_nrf52.o(RESET)
</UL>
<P><STRONG><a name="[e]"></a>SPIM1_SPIS1_TWIM1_TWIS1_SPI1_TWI1_IRQHandler</STRONG> (Thumb, 0 bytes, Stack size 0 bytes, arm_startup_nrf52.o(.text))
<BR>[Address Reference Count : 1]<UL><LI> arm_startup_nrf52.o(RESET)
</UL>
<P><STRONG><a name="[2b]"></a>SPIM2_SPIS2_SPI2_IRQHandler</STRONG> (Thumb, 0 bytes, Stack size 0 bytes, arm_startup_nrf52.o(.text))
<BR>[Address Reference Count : 1]<UL><LI> arm_startup_nrf52.o(RESET)
</UL>
<P><STRONG><a name="[1f]"></a>SWI1_EGU1_IRQHandler</STRONG> (Thumb, 0 bytes, Stack size 0 bytes, arm_startup_nrf52.o(.text))
<BR>[Address Reference Count : 1]<UL><LI> arm_startup_nrf52.o(RESET)
</UL>
<P><STRONG><a name="[21]"></a>SWI3_EGU3_IRQHandler</STRONG> (Thumb, 0 bytes, Stack size 0 bytes, arm_startup_nrf52.o(.text))
<BR>[Address Reference Count : 1]<UL><LI> arm_startup_nrf52.o(RESET)
</UL>
<P><STRONG><a name="[22]"></a>SWI4_EGU4_IRQHandler</STRONG> (Thumb, 0 bytes, Stack size 0 bytes, arm_startup_nrf52.o(.text))
<BR>[Address Reference Count : 1]<UL><LI> arm_startup_nrf52.o(RESET)
</UL>
<P><STRONG><a name="[23]"></a>SWI5_EGU5_IRQHandler</STRONG> (Thumb, 0 bytes, Stack size 0 bytes, arm_startup_nrf52.o(.text))
<BR>[Address Reference Count : 1]<UL><LI> arm_startup_nrf52.o(RESET)
</UL>
<P><STRONG><a name="[16]"></a>TEMP_IRQHandler</STRONG> (Thumb, 0 bytes, Stack size 0 bytes, arm_startup_nrf52.o(.text))
<BR>[Address Reference Count : 1]<UL><LI> arm_startup_nrf52.o(RESET)
</UL>
<P><STRONG><a name="[12]"></a>TIMER0_IRQHandler</STRONG> (Thumb, 0 bytes, Stack size 0 bytes, arm_startup_nrf52.o(.text))
<BR>[Address Reference Count : 1]<UL><LI> arm_startup_nrf52.o(RESET)
</UL>
<P><STRONG><a name="[13]"></a>TIMER1_IRQHandler</STRONG> (Thumb, 0 bytes, Stack size 0 bytes, arm_startup_nrf52.o(.text))
<BR>[Address Reference Count : 1]<UL><LI> arm_startup_nrf52.o(RESET)
</UL>
<P><STRONG><a name="[14]"></a>TIMER2_IRQHandler</STRONG> (Thumb, 0 bytes, Stack size 0 bytes, arm_startup_nrf52.o(.text))
<BR>[Address Reference Count : 1]<UL><LI> arm_startup_nrf52.o(RESET)
</UL>
<P><STRONG><a name="[24]"></a>TIMER3_IRQHandler</STRONG> (Thumb, 0 bytes, Stack size 0 bytes, arm_startup_nrf52.o(.text))
<BR>[Address Reference Count : 1]<UL><LI> arm_startup_nrf52.o(RESET)
</UL>
<P><STRONG><a name="[25]"></a>TIMER4_IRQHandler</STRONG> (Thumb, 0 bytes, Stack size 0 bytes, arm_startup_nrf52.o(.text))
<BR>[Address Reference Count : 1]<UL><LI> arm_startup_nrf52.o(RESET)
</UL>
<P><STRONG><a name="[1a]"></a>WDT_IRQHandler</STRONG> (Thumb, 0 bytes, Stack size 0 bytes, arm_startup_nrf52.o(.text))
<BR>[Address Reference Count : 1]<UL><LI> arm_startup_nrf52.o(RESET)
</UL>
<P><STRONG><a name="[60]"></a>__aeabi_memcpy</STRONG> (Thumb, 36 bytes, Stack size 0 bytes, memcpya.o(.text))
<BR><BR>[Called By]<UL><LI><a href="#[88]">&gt;&gt;</a>&nbsp;&nbsp;&nbsp;service_data_encode
<LI><a href="#[87]">&gt;&gt;</a>&nbsp;&nbsp;&nbsp;manuf_specific_data_encode
<LI><a href="#[64]">&gt;&gt;</a>&nbsp;&nbsp;&nbsp;MQTTClient_Publish
<LI><a href="#[5d]">&gt;&gt;</a>&nbsp;&nbsp;&nbsp;MQTTClient_Open_session
<LI><a href="#[50]">&gt;&gt;</a>&nbsp;&nbsp;&nbsp;getstring
</UL>

<P><STRONG><a name="[118]"></a>__aeabi_memcpy4</STRONG> (Thumb, 0 bytes, Stack size 0 bytes, memcpya.o(.text), UNUSED)

<P><STRONG><a name="[119]"></a>__aeabi_memcpy8</STRONG> (Thumb, 0 bytes, Stack size 0 bytes, memcpya.o(.text), UNUSED)

<P><STRONG><a name="[3e]"></a>__aeabi_memset</STRONG> (Thumb, 14 bytes, Stack size 0 bytes, memseta.o(.text))
<BR><BR>[Called By]<UL><LI><a href="#[3f]">&gt;&gt;</a>&nbsp;&nbsp;&nbsp;_memset$wrapper
<LI><a href="#[3d]">&gt;&gt;</a>&nbsp;&nbsp;&nbsp;__aeabi_memclr
</UL>

<P><STRONG><a name="[11a]"></a>__aeabi_memset4</STRONG> (Thumb, 0 bytes, Stack size 0 bytes, memseta.o(.text), UNUSED)

<P><STRONG><a name="[11b]"></a>__aeabi_memset8</STRONG> (Thumb, 0 bytes, Stack size 0 bytes, memseta.o(.text), UNUSED)

<P><STRONG><a name="[3d]"></a>__aeabi_memclr</STRONG> (Thumb, 4 bytes, Stack size 0 bytes, memseta.o(.text))
<BR><BR>[Calls]<UL><LI><a href="#[3e]">&gt;&gt;</a>&nbsp;&nbsp;&nbsp;__aeabi_memset
</UL>
<BR>[Called By]<UL><LI><a href="#[64]">&gt;&gt;</a>&nbsp;&nbsp;&nbsp;MQTTClient_Publish
<LI><a href="#[5d]">&gt;&gt;</a>&nbsp;&nbsp;&nbsp;MQTTClient_Open_session
<LI><a href="#[4c]">&gt;&gt;</a>&nbsp;&nbsp;&nbsp;FlushRx
<LI><a href="#[50]">&gt;&gt;</a>&nbsp;&nbsp;&nbsp;getstring
<LI><a href="#[62]">&gt;&gt;</a>&nbsp;&nbsp;&nbsp;tcpclient_recivedata
<LI><a href="#[5c]">&gt;&gt;</a>&nbsp;&nbsp;&nbsp;tcpclient_open
</UL>

<P><STRONG><a name="[4e]"></a>__aeabi_memclr4</STRONG> (Thumb, 0 bytes, Stack size 0 bytes, memseta.o(.text))
<BR><BR>[Called By]<UL><LI><a href="#[ad]">&gt;&gt;</a>&nbsp;&nbsp;&nbsp;softdevice_enable_get_default_config
<LI><a href="#[55]">&gt;&gt;</a>&nbsp;&nbsp;&nbsp;GetSN
<LI><a href="#[54]">&gt;&gt;</a>&nbsp;&nbsp;&nbsp;GetPORT
<LI><a href="#[53]">&gt;&gt;</a>&nbsp;&nbsp;&nbsp;GetIP
<LI><a href="#[52]">&gt;&gt;</a>&nbsp;&nbsp;&nbsp;GetHOST
<LI><a href="#[4d]">&gt;&gt;</a>&nbsp;&nbsp;&nbsp;GetGW
<LI><a href="#[8a]">&gt;&gt;</a>&nbsp;&nbsp;&nbsp;advertising_init
</UL>

<P><STRONG><a name="[11c]"></a>__aeabi_memclr8</STRONG> (Thumb, 0 bytes, Stack size 0 bytes, memseta.o(.text), UNUSED)

<P><STRONG><a name="[3f]"></a>_memset$wrapper</STRONG> (Thumb, 18 bytes, Stack size 8 bytes, memseta.o(.text), UNUSED)
<BR><BR>[Calls]<UL><LI><a href="#[3e]">&gt;&gt;</a>&nbsp;&nbsp;&nbsp;__aeabi_memset
</UL>

<P><STRONG><a name="[4b]"></a>strstr</STRONG> (Thumb, 36 bytes, Stack size 12 bytes, strstr.o(.text))
<BR><BR>[Stack]<UL><LI>Max Depth = 12<LI>Call Chain = strstr
</UL>
<BR>[Called By]<UL><LI><a href="#[4a]">&gt;&gt;</a>&nbsp;&nbsp;&nbsp;CheckCmd
</UL>

<P><STRONG><a name="[5e]"></a>strlen</STRONG> (Thumb, 14 bytes, Stack size 0 bytes, strlen.o(.text))
<BR><BR>[Called By]<UL><LI><a href="#[64]">&gt;&gt;</a>&nbsp;&nbsp;&nbsp;MQTTClient_Publish
<LI><a href="#[5d]">&gt;&gt;</a>&nbsp;&nbsp;&nbsp;MQTTClient_Open_session
</UL>

<P><STRONG><a name="[51]"></a>strtok</STRONG> (Thumb, 62 bytes, Stack size 16 bytes, strtok.o(.text))
<BR><BR>[Stack]<UL><LI>Max Depth = 16<LI>Call Chain = strtok
</UL>
<BR>[Called By]<UL><LI><a href="#[55]">&gt;&gt;</a>&nbsp;&nbsp;&nbsp;GetSN
<LI><a href="#[54]">&gt;&gt;</a>&nbsp;&nbsp;&nbsp;GetPORT
<LI><a href="#[53]">&gt;&gt;</a>&nbsp;&nbsp;&nbsp;GetIP
<LI><a href="#[52]">&gt;&gt;</a>&nbsp;&nbsp;&nbsp;GetHOST
<LI><a href="#[4d]">&gt;&gt;</a>&nbsp;&nbsp;&nbsp;GetGW
</UL>

<P><STRONG><a name="[40]"></a>atoi</STRONG> (Thumb, 26 bytes, Stack size 16 bytes, atoi.o(.text))
<BR><BR>[Stack]<UL><LI>Max Depth = 88<LI>Call Chain = atoi &rArr; strtol &rArr; _strtoul
</UL>
<BR>[Calls]<UL><LI><a href="#[42]">&gt;&gt;</a>&nbsp;&nbsp;&nbsp;strtol
<LI><a href="#[41]">&gt;&gt;</a>&nbsp;&nbsp;&nbsp;__aeabi_errno_addr
</UL>
<BR>[Called By]<UL><LI><a href="#[55]">&gt;&gt;</a>&nbsp;&nbsp;&nbsp;GetSN
<LI><a href="#[54]">&gt;&gt;</a>&nbsp;&nbsp;&nbsp;GetPORT
<LI><a href="#[53]">&gt;&gt;</a>&nbsp;&nbsp;&nbsp;GetIP
<LI><a href="#[52]">&gt;&gt;</a>&nbsp;&nbsp;&nbsp;GetHOST
<LI><a href="#[4d]">&gt;&gt;</a>&nbsp;&nbsp;&nbsp;GetGW
</UL>

<P><STRONG><a name="[43]"></a>__aeabi_uldivmod</STRONG> (Thumb, 98 bytes, Stack size 40 bytes, uldiv.o(.text), UNUSED)
<BR><BR>[Calls]<UL><LI><a href="#[44]">&gt;&gt;</a>&nbsp;&nbsp;&nbsp;__aeabi_llsr
<LI><a href="#[45]">&gt;&gt;</a>&nbsp;&nbsp;&nbsp;__aeabi_llsl
</UL>
<BR>[Called By]<UL><LI><a href="#[7d]">&gt;&gt;</a>&nbsp;&nbsp;&nbsp;_printf_core
</UL>

<P><STRONG><a name="[42]"></a>strtol</STRONG> (Thumb, 112 bytes, Stack size 32 bytes, strtol.o(.text))
<BR><BR>[Stack]<UL><LI>Max Depth = 72<LI>Call Chain = strtol &rArr; _strtoul
</UL>
<BR>[Calls]<UL><LI><a href="#[47]">&gt;&gt;</a>&nbsp;&nbsp;&nbsp;_strtoul
<LI><a href="#[46]">&gt;&gt;</a>&nbsp;&nbsp;&nbsp;__rt_ctype_table
<LI><a href="#[41]">&gt;&gt;</a>&nbsp;&nbsp;&nbsp;__aeabi_errno_addr
</UL>
<BR>[Called By]<UL><LI><a href="#[40]">&gt;&gt;</a>&nbsp;&nbsp;&nbsp;atoi
</UL>

<P><STRONG><a name="[3c]"></a>__scatterload</STRONG> (Thumb, 28 bytes, Stack size 0 bytes, init.o(.text))
<BR><BR>[Calls]<UL><LI><a href="#[48]">&gt;&gt;</a>&nbsp;&nbsp;&nbsp;__main_after_scatterload
</UL>
<BR>[Called By]<UL><LI><a href="#[3b]">&gt;&gt;</a>&nbsp;&nbsp;&nbsp;_main_scatterload
</UL>

<P><STRONG><a name="[11d]"></a>__scatterload_rt2</STRONG> (Thumb, 0 bytes, Stack size 0 bytes, init.o(.text), UNUSED)

<P><STRONG><a name="[45]"></a>__aeabi_llsl</STRONG> (Thumb, 30 bytes, Stack size 0 bytes, llshl.o(.text), UNUSED)
<BR><BR>[Called By]<UL><LI><a href="#[43]">&gt;&gt;</a>&nbsp;&nbsp;&nbsp;__aeabi_uldivmod
</UL>

<P><STRONG><a name="[11e]"></a>_ll_shift_l</STRONG> (Thumb, 0 bytes, Stack size 0 bytes, llshl.o(.text), UNUSED)

<P><STRONG><a name="[44]"></a>__aeabi_llsr</STRONG> (Thumb, 32 bytes, Stack size 0 bytes, llushr.o(.text), UNUSED)
<BR><BR>[Called By]<UL><LI><a href="#[43]">&gt;&gt;</a>&nbsp;&nbsp;&nbsp;__aeabi_uldivmod
</UL>

<P><STRONG><a name="[11f]"></a>_ll_ushift_r</STRONG> (Thumb, 0 bytes, Stack size 0 bytes, llushr.o(.text), UNUSED)

<P><STRONG><a name="[46]"></a>__rt_ctype_table</STRONG> (Thumb, 4 bytes, Stack size 0 bytes, ctype_o.o(.text))
<BR><BR>[Called By]<UL><LI><a href="#[42]">&gt;&gt;</a>&nbsp;&nbsp;&nbsp;strtol
</UL>

<P><STRONG><a name="[47]"></a>_strtoul</STRONG> (Thumb, 158 bytes, Stack size 40 bytes, _strtoul.o(.text))
<BR><BR>[Stack]<UL><LI>Max Depth = 40<LI>Call Chain = _strtoul
</UL>
<BR>[Calls]<UL><LI><a href="#[49]">&gt;&gt;</a>&nbsp;&nbsp;&nbsp;_chval
<LI><a href="#[41]">&gt;&gt;</a>&nbsp;&nbsp;&nbsp;__aeabi_errno_addr
</UL>
<BR>[Called By]<UL><LI><a href="#[42]">&gt;&gt;</a>&nbsp;&nbsp;&nbsp;strtol
</UL>

<P><STRONG><a name="[49]"></a>_chval</STRONG> (Thumb, 28 bytes, Stack size 0 bytes, _chval.o(.text))
<BR><BR>[Called By]<UL><LI><a href="#[47]">&gt;&gt;</a>&nbsp;&nbsp;&nbsp;_strtoul
</UL>

<P><STRONG><a name="[4a]"></a>CheckCmd</STRONG> (Thumb, 42 bytes, Stack size 16 bytes, serial.o(i.CheckCmd))
<BR><BR>[Stack]<UL><LI>Max Depth = 28<LI>Call Chain = CheckCmd &rArr; strstr
</UL>
<BR>[Calls]<UL><LI><a href="#[4b]">&gt;&gt;</a>&nbsp;&nbsp;&nbsp;strstr
</UL>
<BR>[Called By]<UL><LI><a href="#[2f]">&gt;&gt;</a>&nbsp;&nbsp;&nbsp;main
</UL>

<P><STRONG><a name="[4c]"></a>FlushRx</STRONG> (Thumb, 22 bytes, Stack size 8 bytes, serial.o(i.FlushRx))
<BR><BR>[Stack]<UL><LI>Max Depth = 8<LI>Call Chain = FlushRx
</UL>
<BR>[Calls]<UL><LI><a href="#[3d]">&gt;&gt;</a>&nbsp;&nbsp;&nbsp;__aeabi_memclr
</UL>
<BR>[Called By]<UL><LI><a href="#[2f]">&gt;&gt;</a>&nbsp;&nbsp;&nbsp;main
</UL>

<P><STRONG><a name="[4d]"></a>GetGW</STRONG> (Thumb, 92 bytes, Stack size 48 bytes, serial.o(i.GetGW))
<BR><BR>[Stack]<UL><LI>Max Depth = 136<LI>Call Chain = GetGW &rArr; atoi &rArr; strtol &rArr; _strtoul
</UL>
<BR>[Calls]<UL><LI><a href="#[4f]">&gt;&gt;</a>&nbsp;&nbsp;&nbsp;Serial_Print
<LI><a href="#[51]">&gt;&gt;</a>&nbsp;&nbsp;&nbsp;strtok
<LI><a href="#[4e]">&gt;&gt;</a>&nbsp;&nbsp;&nbsp;__aeabi_memclr4
<LI><a href="#[50]">&gt;&gt;</a>&nbsp;&nbsp;&nbsp;getstring
<LI><a href="#[40]">&gt;&gt;</a>&nbsp;&nbsp;&nbsp;atoi
</UL>
<BR>[Called By]<UL><LI><a href="#[2f]">&gt;&gt;</a>&nbsp;&nbsp;&nbsp;main
</UL>

<P><STRONG><a name="[52]"></a>GetHOST</STRONG> (Thumb, 92 bytes, Stack size 48 bytes, serial.o(i.GetHOST))
<BR><BR>[Stack]<UL><LI>Max Depth = 136<LI>Call Chain = GetHOST &rArr; atoi &rArr; strtol &rArr; _strtoul
</UL>
<BR>[Calls]<UL><LI><a href="#[4f]">&gt;&gt;</a>&nbsp;&nbsp;&nbsp;Serial_Print
<LI><a href="#[51]">&gt;&gt;</a>&nbsp;&nbsp;&nbsp;strtok
<LI><a href="#[4e]">&gt;&gt;</a>&nbsp;&nbsp;&nbsp;__aeabi_memclr4
<LI><a href="#[50]">&gt;&gt;</a>&nbsp;&nbsp;&nbsp;getstring
<LI><a href="#[40]">&gt;&gt;</a>&nbsp;&nbsp;&nbsp;atoi
</UL>
<BR>[Called By]<UL><LI><a href="#[2f]">&gt;&gt;</a>&nbsp;&nbsp;&nbsp;main
</UL>

<P><STRONG><a name="[53]"></a>GetIP</STRONG> (Thumb, 92 bytes, Stack size 48 bytes, serial.o(i.GetIP))
<BR><BR>[Stack]<UL><LI>Max Depth = 136<LI>Call Chain = GetIP &rArr; atoi &rArr; strtol &rArr; _strtoul
</UL>
<BR>[Calls]<UL><LI><a href="#[4f]">&gt;&gt;</a>&nbsp;&nbsp;&nbsp;Serial_Print
<LI><a href="#[51]">&gt;&gt;</a>&nbsp;&nbsp;&nbsp;strtok
<LI><a href="#[4e]">&gt;&gt;</a>&nbsp;&nbsp;&nbsp;__aeabi_memclr4
<LI><a href="#[50]">&gt;&gt;</a>&nbsp;&nbsp;&nbsp;getstring
<LI><a href="#[40]">&gt;&gt;</a>&nbsp;&nbsp;&nbsp;atoi
</UL>
<BR>[Called By]<UL><LI><a href="#[2f]">&gt;&gt;</a>&nbsp;&nbsp;&nbsp;main
</UL>

<P><STRONG><a name="[54]"></a>GetPORT</STRONG> (Thumb, 62 bytes, Stack size 48 bytes, serial.o(i.GetPORT))
<BR><BR>[Stack]<UL><LI>Max Depth = 136<LI>Call Chain = GetPORT &rArr; atoi &rArr; strtol &rArr; _strtoul
</UL>
<BR>[Calls]<UL><LI><a href="#[4f]">&gt;&gt;</a>&nbsp;&nbsp;&nbsp;Serial_Print
<LI><a href="#[51]">&gt;&gt;</a>&nbsp;&nbsp;&nbsp;strtok
<LI><a href="#[4e]">&gt;&gt;</a>&nbsp;&nbsp;&nbsp;__aeabi_memclr4
<LI><a href="#[50]">&gt;&gt;</a>&nbsp;&nbsp;&nbsp;getstring
<LI><a href="#[40]">&gt;&gt;</a>&nbsp;&nbsp;&nbsp;atoi
</UL>
<BR>[Called By]<UL><LI><a href="#[2f]">&gt;&gt;</a>&nbsp;&nbsp;&nbsp;main
</UL>

<P><STRONG><a name="[55]"></a>GetSN</STRONG> (Thumb, 92 bytes, Stack size 48 bytes, serial.o(i.GetSN))
<BR><BR>[Stack]<UL><LI>Max Depth = 136<LI>Call Chain = GetSN &rArr; atoi &rArr; strtol &rArr; _strtoul
</UL>
<BR>[Calls]<UL><LI><a href="#[4f]">&gt;&gt;</a>&nbsp;&nbsp;&nbsp;Serial_Print
<LI><a href="#[51]">&gt;&gt;</a>&nbsp;&nbsp;&nbsp;strtok
<LI><a href="#[4e]">&gt;&gt;</a>&nbsp;&nbsp;&nbsp;__aeabi_memclr4
<LI><a href="#[50]">&gt;&gt;</a>&nbsp;&nbsp;&nbsp;getstring
<LI><a href="#[40]">&gt;&gt;</a>&nbsp;&nbsp;&nbsp;atoi
</UL>
<BR>[Called By]<UL><LI><a href="#[2f]">&gt;&gt;</a>&nbsp;&nbsp;&nbsp;main
</UL>

<P><STRONG><a name="[56]"></a>IINCHIP_READ</STRONG> (Thumb, 46 bytes, Stack size 16 bytes, w5100.o(i.IINCHIP_READ))
<BR><BR>[Stack]<UL><LI>Max Depth = 16<LI>Call Chain = IINCHIP_READ
</UL>
<BR>[Calls]<UL><LI><a href="#[58]">&gt;&gt;</a>&nbsp;&nbsp;&nbsp;SPI_RW
<LI><a href="#[59]">&gt;&gt;</a>&nbsp;&nbsp;&nbsp;nrf_gpio_pin_set
<LI><a href="#[57]">&gt;&gt;</a>&nbsp;&nbsp;&nbsp;nrf_gpio_pin_clear
</UL>
<BR>[Called By]<UL><LI><a href="#[d1]">&gt;&gt;</a>&nbsp;&nbsp;&nbsp;getSUBR
<LI><a href="#[bc]">&gt;&gt;</a>&nbsp;&nbsp;&nbsp;getSIPR
<LI><a href="#[d3]">&gt;&gt;</a>&nbsp;&nbsp;&nbsp;getSHAR
<LI><a href="#[d2]">&gt;&gt;</a>&nbsp;&nbsp;&nbsp;getGAR
<LI><a href="#[101]">&gt;&gt;</a>&nbsp;&nbsp;&nbsp;send
<LI><a href="#[fc]">&gt;&gt;</a>&nbsp;&nbsp;&nbsp;recv
<LI><a href="#[c8]">&gt;&gt;</a>&nbsp;&nbsp;&nbsp;disconnect
<LI><a href="#[c6]">&gt;&gt;</a>&nbsp;&nbsp;&nbsp;connect
<LI><a href="#[be]">&gt;&gt;</a>&nbsp;&nbsp;&nbsp;close
<LI><a href="#[62]">&gt;&gt;</a>&nbsp;&nbsp;&nbsp;tcpclient_recivedata
<LI><a href="#[d7]">&gt;&gt;</a>&nbsp;&nbsp;&nbsp;getSn_SR
<LI><a href="#[d6]">&gt;&gt;</a>&nbsp;&nbsp;&nbsp;getSn_RX_RSR
<LI><a href="#[103]">&gt;&gt;</a>&nbsp;&nbsp;&nbsp;send_data_processing
<LI><a href="#[fd]">&gt;&gt;</a>&nbsp;&nbsp;&nbsp;recv_data_processing
<LI><a href="#[d8]">&gt;&gt;</a>&nbsp;&nbsp;&nbsp;getSn_TX_FSR
<LI><a href="#[105]">&gt;&gt;</a>&nbsp;&nbsp;&nbsp;socket
</UL>

<P><STRONG><a name="[5a]"></a>IINCHIP_WRITE</STRONG> (Thumb, 46 bytes, Stack size 16 bytes, w5100.o(i.IINCHIP_WRITE))
<BR><BR>[Stack]<UL><LI>Max Depth = 16<LI>Call Chain = IINCHIP_WRITE
</UL>
<BR>[Calls]<UL><LI><a href="#[58]">&gt;&gt;</a>&nbsp;&nbsp;&nbsp;SPI_RW
<LI><a href="#[59]">&gt;&gt;</a>&nbsp;&nbsp;&nbsp;nrf_gpio_pin_set
<LI><a href="#[57]">&gt;&gt;</a>&nbsp;&nbsp;&nbsp;nrf_gpio_pin_clear
</UL>
<BR>[Called By]<UL><LI><a href="#[cc]">&gt;&gt;</a>&nbsp;&nbsp;&nbsp;sysinit
<LI><a href="#[cd]">&gt;&gt;</a>&nbsp;&nbsp;&nbsp;setSIPR
<LI><a href="#[d0]">&gt;&gt;</a>&nbsp;&nbsp;&nbsp;setSHAR
<LI><a href="#[ce]">&gt;&gt;</a>&nbsp;&nbsp;&nbsp;setGAR
<LI><a href="#[ca]">&gt;&gt;</a>&nbsp;&nbsp;&nbsp;iinchip_init
<LI><a href="#[101]">&gt;&gt;</a>&nbsp;&nbsp;&nbsp;send
<LI><a href="#[fc]">&gt;&gt;</a>&nbsp;&nbsp;&nbsp;recv
<LI><a href="#[c8]">&gt;&gt;</a>&nbsp;&nbsp;&nbsp;disconnect
<LI><a href="#[c6]">&gt;&gt;</a>&nbsp;&nbsp;&nbsp;connect
<LI><a href="#[be]">&gt;&gt;</a>&nbsp;&nbsp;&nbsp;close
<LI><a href="#[d9]">&gt;&gt;</a>&nbsp;&nbsp;&nbsp;setMR
<LI><a href="#[103]">&gt;&gt;</a>&nbsp;&nbsp;&nbsp;send_data_processing
<LI><a href="#[fd]">&gt;&gt;</a>&nbsp;&nbsp;&nbsp;recv_data_processing
<LI><a href="#[bb]">&gt;&gt;</a>&nbsp;&nbsp;&nbsp;clearSUBR
<LI><a href="#[a8]">&gt;&gt;</a>&nbsp;&nbsp;&nbsp;applySUBR
<LI><a href="#[105]">&gt;&gt;</a>&nbsp;&nbsp;&nbsp;socket
</UL>

<P><STRONG><a name="[5b]"></a>MQTTClient_Connect</STRONG> (Thumb, 34 bytes, Stack size 16 bytes, mqttclient.o(i.MQTTClient_Connect))
<BR><BR>[Stack]<UL><LI>Max Depth = 104<LI>Call Chain = MQTTClient_Connect &rArr; tcpclient_open &rArr; connect &rArr; clearSUBR &rArr; getSIPR &rArr; IINCHIP_READ
</UL>
<BR>[Calls]<UL><LI><a href="#[4f]">&gt;&gt;</a>&nbsp;&nbsp;&nbsp;Serial_Print
<LI><a href="#[5c]">&gt;&gt;</a>&nbsp;&nbsp;&nbsp;tcpclient_open
</UL>
<BR>[Called By]<UL><LI><a href="#[2f]">&gt;&gt;</a>&nbsp;&nbsp;&nbsp;main
</UL>

<P><STRONG><a name="[5d]"></a>MQTTClient_Open_session</STRONG> (Thumb, 514 bytes, Stack size 96 bytes, mqttclient.o(i.MQTTClient_Open_session))
<BR><BR>[Stack]<UL><LI>Max Depth = 224<LI>Call Chain = MQTTClient_Open_session &rArr; tcpclient_sendbytes &rArr; send &rArr; send_data_processing &rArr; write_data &rArr; wiz_write_buf
</UL>
<BR>[Calls]<UL><LI><a href="#[4f]">&gt;&gt;</a>&nbsp;&nbsp;&nbsp;Serial_Print
<LI><a href="#[5e]">&gt;&gt;</a>&nbsp;&nbsp;&nbsp;strlen
<LI><a href="#[3d]">&gt;&gt;</a>&nbsp;&nbsp;&nbsp;__aeabi_memclr
<LI><a href="#[60]">&gt;&gt;</a>&nbsp;&nbsp;&nbsp;__aeabi_memcpy
<LI><a href="#[61]">&gt;&gt;</a>&nbsp;&nbsp;&nbsp;tcpclient_sendbytes
<LI><a href="#[62]">&gt;&gt;</a>&nbsp;&nbsp;&nbsp;tcpclient_recivedata
<LI><a href="#[5f]">&gt;&gt;</a>&nbsp;&nbsp;&nbsp;malloc
<LI><a href="#[63]">&gt;&gt;</a>&nbsp;&nbsp;&nbsp;free
</UL>
<BR>[Called By]<UL><LI><a href="#[2f]">&gt;&gt;</a>&nbsp;&nbsp;&nbsp;main
</UL>

<P><STRONG><a name="[64]"></a>MQTTClient_Publish</STRONG> (Thumb, 248 bytes, Stack size 48 bytes, mqttclient.o(i.MQTTClient_Publish))
<BR><BR>[Stack]<UL><LI>Max Depth = 176<LI>Call Chain = MQTTClient_Publish &rArr; tcpclient_sendbytes &rArr; send &rArr; send_data_processing &rArr; write_data &rArr; wiz_write_buf
</UL>
<BR>[Calls]<UL><LI><a href="#[4f]">&gt;&gt;</a>&nbsp;&nbsp;&nbsp;Serial_Print
<LI><a href="#[5e]">&gt;&gt;</a>&nbsp;&nbsp;&nbsp;strlen
<LI><a href="#[3d]">&gt;&gt;</a>&nbsp;&nbsp;&nbsp;__aeabi_memclr
<LI><a href="#[60]">&gt;&gt;</a>&nbsp;&nbsp;&nbsp;__aeabi_memcpy
<LI><a href="#[61]">&gt;&gt;</a>&nbsp;&nbsp;&nbsp;tcpclient_sendbytes
<LI><a href="#[5f]">&gt;&gt;</a>&nbsp;&nbsp;&nbsp;malloc
<LI><a href="#[63]">&gt;&gt;</a>&nbsp;&nbsp;&nbsp;free
</UL>
<BR>[Called By]<UL><LI><a href="#[39]">&gt;&gt;</a>&nbsp;&nbsp;&nbsp;timerhandler
</UL>

<P><STRONG><a name="[a]"></a>POWER_CLOCK_IRQHandler</STRONG> (Thumb, 74 bytes, Stack size 8 bytes, nrf_drv_clock.o(i.POWER_CLOCK_IRQHandler))
<BR><BR>[Stack]<UL><LI>Max Depth = 24<LI>Call Chain = POWER_CLOCK_IRQHandler &rArr; clock_clk_started_notify
</UL>
<BR>[Calls]<UL><LI><a href="#[67]">&gt;&gt;</a>&nbsp;&nbsp;&nbsp;nrf_clock_int_disable
<LI><a href="#[66]">&gt;&gt;</a>&nbsp;&nbsp;&nbsp;nrf_clock_event_clear
<LI><a href="#[65]">&gt;&gt;</a>&nbsp;&nbsp;&nbsp;nrf_clock_event_check
<LI><a href="#[68]">&gt;&gt;</a>&nbsp;&nbsp;&nbsp;clock_clk_started_notify
</UL>
<BR>[Address Reference Count : 1]<UL><LI> arm_startup_nrf52.o(RESET)
</UL>
<P><STRONG><a name="[1b]"></a>RTC1_IRQHandler</STRONG> (Thumb, 44 bytes, Stack size 8 bytes, app_timer.o(i.RTC1_IRQHandler))
<BR><BR>[Stack]<UL><LI>Max Depth = 72<LI>Call Chain = RTC1_IRQHandler &rArr; timer_timeouts_check &rArr; timeout_handler_exec &rArr; app_error_handler_bare
</UL>
<BR>[Calls]<UL><LI><a href="#[69]">&gt;&gt;</a>&nbsp;&nbsp;&nbsp;timer_timeouts_check
</UL>
<BR>[Address Reference Count : 1]<UL><LI> arm_startup_nrf52.o(RESET)
</UL>
<P><STRONG><a name="[6a]"></a>SPI_Init</STRONG> (Thumb, 174 bytes, Stack size 16 bytes, nrf5x_spi.o(i.SPI_Init))
<BR><BR>[Stack]<UL><LI>Max Depth = 52<LI>Call Chain = SPI_Init &rArr; nrf_gpio_cfg_output &rArr; nrf_gpio_cfg
</UL>
<BR>[Calls]<UL><LI><a href="#[6d]">&gt;&gt;</a>&nbsp;&nbsp;&nbsp;nrf_gpio_pin_set
<LI><a href="#[6c]">&gt;&gt;</a>&nbsp;&nbsp;&nbsp;nrf_gpio_cfg_output
<LI><a href="#[6b]">&gt;&gt;</a>&nbsp;&nbsp;&nbsp;nrf_gpio_cfg
<LI><a href="#[6e]">&gt;&gt;</a>&nbsp;&nbsp;&nbsp;nrf_delay_ms
</UL>
<BR>[Called By]<UL><LI><a href="#[2f]">&gt;&gt;</a>&nbsp;&nbsp;&nbsp;main
</UL>

<P><STRONG><a name="[58]"></a>SPI_RW</STRONG> (Thumb, 38 bytes, Stack size 0 bytes, nrf5x_spi.o(i.SPI_RW))
<BR><BR>[Called By]<UL><LI><a href="#[10f]">&gt;&gt;</a>&nbsp;&nbsp;&nbsp;wiz_write_buf
<LI><a href="#[fb]">&gt;&gt;</a>&nbsp;&nbsp;&nbsp;wiz_read_buf
<LI><a href="#[5a]">&gt;&gt;</a>&nbsp;&nbsp;&nbsp;IINCHIP_WRITE
<LI><a href="#[56]">&gt;&gt;</a>&nbsp;&nbsp;&nbsp;IINCHIP_READ
</UL>

<P><STRONG><a name="[1e]"></a>SWI0_EGU0_IRQHandler</STRONG> (Thumb, 8 bytes, Stack size 8 bytes, app_timer.o(i.SWI0_EGU0_IRQHandler))
<BR><BR>[Stack]<UL><LI>Max Depth = 80<LI>Call Chain = SWI0_EGU0_IRQHandler &rArr; timer_list_handler &rArr; compare_reg_update &rArr; timer_timeouts_check_sched
</UL>
<BR>[Calls]<UL><LI><a href="#[6f]">&gt;&gt;</a>&nbsp;&nbsp;&nbsp;timer_list_handler
</UL>
<BR>[Address Reference Count : 1]<UL><LI> arm_startup_nrf52.o(RESET)
</UL>
<P><STRONG><a name="[20]"></a>SWI2_EGU2_IRQHandler</STRONG> (Thumb, 42 bytes, Stack size 16 bytes, softdevice_handler.o(i.SWI2_EGU2_IRQHandler))
<BR><BR>[Stack]<UL><LI>Max Depth = 64<LI>Call Chain = SWI2_EGU2_IRQHandler &rArr; intern_softdevice_events_execute &rArr; app_error_handler_bare
</UL>
<BR>[Calls]<UL><LI><a href="#[70]">&gt;&gt;</a>&nbsp;&nbsp;&nbsp;app_error_handler_bare
<LI><a href="#[71]">&gt;&gt;</a>&nbsp;&nbsp;&nbsp;intern_softdevice_events_execute
</UL>
<BR>[Address Reference Count : 1]<UL><LI> arm_startup_nrf52.o(RESET)
</UL>
<P><STRONG><a name="[e0]"></a>Serial_Config</STRONG> (Thumb, 332 bytes, Stack size 12 bytes, serial.o(i.Serial_Config))
<BR><BR>[Stack]<UL><LI>Max Depth = 12<LI>Call Chain = Serial_Config
</UL>
<BR>[Called By]<UL><LI><a href="#[2f]">&gt;&gt;</a>&nbsp;&nbsp;&nbsp;main
</UL>

<P><STRONG><a name="[4f]"></a>Serial_Print</STRONG> (Thumb, 26 bytes, Stack size 8 bytes, serial.o(i.Serial_Print))
<BR><BR>[Stack]<UL><LI>Max Depth = 8<LI>Call Chain = Serial_Print
</UL>
<BR>[Calls]<UL><LI><a href="#[72]">&gt;&gt;</a>&nbsp;&nbsp;&nbsp;Serial_Send
</UL>
<BR>[Called By]<UL><LI><a href="#[64]">&gt;&gt;</a>&nbsp;&nbsp;&nbsp;MQTTClient_Publish
<LI><a href="#[5d]">&gt;&gt;</a>&nbsp;&nbsp;&nbsp;MQTTClient_Open_session
<LI><a href="#[5b]">&gt;&gt;</a>&nbsp;&nbsp;&nbsp;MQTTClient_Connect
<LI><a href="#[55]">&gt;&gt;</a>&nbsp;&nbsp;&nbsp;GetSN
<LI><a href="#[54]">&gt;&gt;</a>&nbsp;&nbsp;&nbsp;GetPORT
<LI><a href="#[53]">&gt;&gt;</a>&nbsp;&nbsp;&nbsp;GetIP
<LI><a href="#[52]">&gt;&gt;</a>&nbsp;&nbsp;&nbsp;GetHOST
<LI><a href="#[4d]">&gt;&gt;</a>&nbsp;&nbsp;&nbsp;GetGW
<LI><a href="#[2f]">&gt;&gt;</a>&nbsp;&nbsp;&nbsp;main
<LI><a href="#[c9]">&gt;&gt;</a>&nbsp;&nbsp;&nbsp;ethernet_config
<LI><a href="#[62]">&gt;&gt;</a>&nbsp;&nbsp;&nbsp;tcpclient_recivedata
<LI><a href="#[5c]">&gt;&gt;</a>&nbsp;&nbsp;&nbsp;tcpclient_open
</UL>

<P><STRONG><a name="[72]"></a>Serial_Send</STRONG> (Thumb, 34 bytes, Stack size 0 bytes, serial.o(i.Serial_Send))
<BR><BR>[Called By]<UL><LI><a href="#[4f]">&gt;&gt;</a>&nbsp;&nbsp;&nbsp;Serial_Print
</UL>

<P><STRONG><a name="[7b]"></a>SystemCoreClockUpdate</STRONG> (Thumb, 8 bytes, Stack size 0 bytes, system_nrf52.o(i.SystemCoreClockUpdate))
<BR><BR>[Called By]<UL><LI><a href="#[30]">&gt;&gt;</a>&nbsp;&nbsp;&nbsp;SystemInit
</UL>

<P><STRONG><a name="[30]"></a>SystemInit</STRONG> (Thumb, 482 bytes, Stack size 8 bytes, system_nrf52.o(i.SystemInit))
<BR><BR>[Stack]<UL><LI>Max Depth = 8<LI>Call Chain = SystemInit
</UL>
<BR>[Calls]<UL><LI><a href="#[7b]">&gt;&gt;</a>&nbsp;&nbsp;&nbsp;SystemCoreClockUpdate
<LI><a href="#[79]">&gt;&gt;</a>&nbsp;&nbsp;&nbsp;errata_66
<LI><a href="#[78]">&gt;&gt;</a>&nbsp;&nbsp;&nbsp;errata_57
<LI><a href="#[77]">&gt;&gt;</a>&nbsp;&nbsp;&nbsp;errata_37
<LI><a href="#[76]">&gt;&gt;</a>&nbsp;&nbsp;&nbsp;errata_36
<LI><a href="#[75]">&gt;&gt;</a>&nbsp;&nbsp;&nbsp;errata_32
<LI><a href="#[74]">&gt;&gt;</a>&nbsp;&nbsp;&nbsp;errata_31
<LI><a href="#[73]">&gt;&gt;</a>&nbsp;&nbsp;&nbsp;errata_16
<LI><a href="#[7a]">&gt;&gt;</a>&nbsp;&nbsp;&nbsp;errata_108
</UL>
<BR>[Address Reference Count : 1]<UL><LI> arm_startup_nrf52.o(.text)
</UL>
<P><STRONG><a name="[c]"></a>UARTE0_UART0_IRQHandler</STRONG> (Thumb, 78 bytes, Stack size 0 bytes, serial.o(i.UARTE0_UART0_IRQHandler))
<BR>[Address Reference Count : 1]<UL><LI> arm_startup_nrf52.o(RESET)
</UL>
<P><STRONG><a name="[7c]"></a>__0sprintf$8</STRONG> (Thumb, 34 bytes, Stack size 24 bytes, printf8.o(i.__0sprintf$8), UNUSED)
<BR><BR>[Calls]<UL><LI><a href="#[32]">&gt;&gt;</a>&nbsp;&nbsp;&nbsp;_sputc
<LI><a href="#[7d]">&gt;&gt;</a>&nbsp;&nbsp;&nbsp;_printf_core
</UL>

<P><STRONG><a name="[120]"></a>__1sprintf$8</STRONG> (Thumb, 0 bytes, Stack size 24 bytes, printf8.o(i.__0sprintf$8), UNUSED)

<P><STRONG><a name="[d4]"></a>__2sprintf</STRONG> (Thumb, 0 bytes, Stack size 24 bytes, printf8.o(i.__0sprintf$8))
<BR><BR>[Stack]<UL><LI>Max Depth = 24<LI>Call Chain = __2sprintf
</UL>
<BR>[Called By]<UL><LI><a href="#[c9]">&gt;&gt;</a>&nbsp;&nbsp;&nbsp;ethernet_config
<LI><a href="#[39]">&gt;&gt;</a>&nbsp;&nbsp;&nbsp;timerhandler
<LI><a href="#[5c]">&gt;&gt;</a>&nbsp;&nbsp;&nbsp;tcpclient_open
</UL>

<P><STRONG><a name="[41]"></a>__aeabi_errno_addr</STRONG> (Thumb, 4 bytes, Stack size 0 bytes, errno.o(i.__aeabi_errno_addr))
<BR><BR>[Called By]<UL><LI><a href="#[47]">&gt;&gt;</a>&nbsp;&nbsp;&nbsp;_strtoul
<LI><a href="#[42]">&gt;&gt;</a>&nbsp;&nbsp;&nbsp;strtol
<LI><a href="#[40]">&gt;&gt;</a>&nbsp;&nbsp;&nbsp;atoi
</UL>

<P><STRONG><a name="[121]"></a>__rt_errno_addr</STRONG> (Thumb, 0 bytes, Stack size 0 bytes, errno.o(i.__aeabi_errno_addr), UNUSED)

<P><STRONG><a name="[122]"></a>__scatterload_copy</STRONG> (Thumb, 14 bytes, Stack size unknown bytes, handlers.o(i.__scatterload_copy), UNUSED)

<P><STRONG><a name="[123]"></a>__scatterload_null</STRONG> (Thumb, 2 bytes, Stack size unknown bytes, handlers.o(i.__scatterload_null), UNUSED)

<P><STRONG><a name="[124]"></a>__scatterload_zeroinit</STRONG> (Thumb, 14 bytes, Stack size unknown bytes, handlers.o(i.__scatterload_zeroinit), UNUSED)

<P><STRONG><a name="[80]"></a>adv_data_encode</STRONG> (Thumb, 364 bytes, Stack size 32 bytes, ble_advdata.o(i.adv_data_encode))
<BR><BR>[Stack]<UL><LI>Max Depth = 128<LI>Call Chain = adv_data_encode &rArr; uuid_list_encode &rArr; uuid_list_sized_encode
</UL>
<BR>[Calls]<UL><LI><a href="#[85]">&gt;&gt;</a>&nbsp;&nbsp;&nbsp;uuid_list_encode
<LI><a href="#[84]">&gt;&gt;</a>&nbsp;&nbsp;&nbsp;tx_power_level_encode
<LI><a href="#[88]">&gt;&gt;</a>&nbsp;&nbsp;&nbsp;service_data_encode
<LI><a href="#[89]">&gt;&gt;</a>&nbsp;&nbsp;&nbsp;name_encode
<LI><a href="#[87]">&gt;&gt;</a>&nbsp;&nbsp;&nbsp;manuf_specific_data_encode
<LI><a href="#[83]">&gt;&gt;</a>&nbsp;&nbsp;&nbsp;flags_encode
<LI><a href="#[86]">&gt;&gt;</a>&nbsp;&nbsp;&nbsp;conn_int_encode
<LI><a href="#[81]">&gt;&gt;</a>&nbsp;&nbsp;&nbsp;ble_device_addr_encode
<LI><a href="#[82]">&gt;&gt;</a>&nbsp;&nbsp;&nbsp;appearance_encode
</UL>
<BR>[Called By]<UL><LI><a href="#[8b]">&gt;&gt;</a>&nbsp;&nbsp;&nbsp;ble_advdata_set
</UL>

<P><STRONG><a name="[8f]"></a>app_button_enable</STRONG> (Thumb, 34 bytes, Stack size 8 bytes, app_button.o(i.app_button_enable))
<BR><BR>[Stack]<UL><LI>Max Depth = 56<LI>Call Chain = app_button_enable &rArr; nrf_drv_gpiote_in_event_enable &rArr; nrf_gpiote_event_clear
</UL>
<BR>[Calls]<UL><LI><a href="#[90]">&gt;&gt;</a>&nbsp;&nbsp;&nbsp;nrf_drv_gpiote_in_event_enable
</UL>
<BR>[Called By]<UL><LI><a href="#[b8]">&gt;&gt;</a>&nbsp;&nbsp;&nbsp;bsp_init
</UL>

<P><STRONG><a name="[91]"></a>app_button_init</STRONG> (Thumb, 132 bytes, Stack size 32 bytes, app_button.o(i.app_button_init))
<BR><BR>[Stack]<UL><LI>Max Depth = 108<LI>Call Chain = app_button_init &rArr; nrf_drv_gpiote_in_init &rArr; channel_port_alloc
</UL>
<BR>[Calls]<UL><LI><a href="#[95]">&gt;&gt;</a>&nbsp;&nbsp;&nbsp;app_timer_create
<LI><a href="#[92]">&gt;&gt;</a>&nbsp;&nbsp;&nbsp;nrf_drv_gpiote_is_init
<LI><a href="#[93]">&gt;&gt;</a>&nbsp;&nbsp;&nbsp;nrf_drv_gpiote_init
<LI><a href="#[94]">&gt;&gt;</a>&nbsp;&nbsp;&nbsp;nrf_drv_gpiote_in_init
</UL>
<BR>[Called By]<UL><LI><a href="#[b8]">&gt;&gt;</a>&nbsp;&nbsp;&nbsp;bsp_init
</UL>

<P><STRONG><a name="[96]"></a>app_error_fault_handler</STRONG> (Thumb, 34 bytes, Stack size 0 bytes, app_error_weak.o(i.app_error_fault_handler))
<BR><BR>[Called By]<UL><LI><a href="#[70]">&gt;&gt;</a>&nbsp;&nbsp;&nbsp;app_error_handler_bare
<LI><a href="#[38]">&gt;&gt;</a>&nbsp;&nbsp;&nbsp;softdevice_fault_handler
</UL>

<P><STRONG><a name="[70]"></a>app_error_handler_bare</STRONG> (Thumb, 28 bytes, Stack size 24 bytes, app_error.o(i.app_error_handler_bare))
<BR><BR>[Stack]<UL><LI>Max Depth = 24<LI>Call Chain = app_error_handler_bare
</UL>
<BR>[Calls]<UL><LI><a href="#[96]">&gt;&gt;</a>&nbsp;&nbsp;&nbsp;app_error_fault_handler
</UL>
<BR>[Called By]<UL><LI><a href="#[2f]">&gt;&gt;</a>&nbsp;&nbsp;&nbsp;main
<LI><a href="#[df]">&gt;&gt;</a>&nbsp;&nbsp;&nbsp;timers_init
<LI><a href="#[e1]">&gt;&gt;</a>&nbsp;&nbsp;&nbsp;power_manage
<LI><a href="#[d5]">&gt;&gt;</a>&nbsp;&nbsp;&nbsp;gap_params_init
<LI><a href="#[ab]">&gt;&gt;</a>&nbsp;&nbsp;&nbsp;ble_stack_init
<LI><a href="#[a7]">&gt;&gt;</a>&nbsp;&nbsp;&nbsp;application_timers_start
<LI><a href="#[8c]">&gt;&gt;</a>&nbsp;&nbsp;&nbsp;advertising_start
<LI><a href="#[8a]">&gt;&gt;</a>&nbsp;&nbsp;&nbsp;advertising_init
<LI><a href="#[107]">&gt;&gt;</a>&nbsp;&nbsp;&nbsp;timeout_handler_exec
<LI><a href="#[71]">&gt;&gt;</a>&nbsp;&nbsp;&nbsp;intern_softdevice_events_execute
<LI><a href="#[20]">&gt;&gt;</a>&nbsp;&nbsp;&nbsp;SWI2_EGU2_IRQHandler
</UL>

<P><STRONG><a name="[95]"></a>app_timer_create</STRONG> (Thumb, 56 bytes, Stack size 8 bytes, app_timer.o(i.app_timer_create))
<BR><BR>[Stack]<UL><LI>Max Depth = 8<LI>Call Chain = app_timer_create
</UL>
<BR>[Called By]<UL><LI><a href="#[91]">&gt;&gt;</a>&nbsp;&nbsp;&nbsp;app_button_init
<LI><a href="#[b8]">&gt;&gt;</a>&nbsp;&nbsp;&nbsp;bsp_init
<LI><a href="#[df]">&gt;&gt;</a>&nbsp;&nbsp;&nbsp;timers_init
</UL>

<P><STRONG><a name="[97]"></a>app_timer_init</STRONG> (Thumb, 114 bytes, Stack size 24 bytes, app_timer.o(i.app_timer_init))
<BR><BR>[Stack]<UL><LI>Max Depth = 40<LI>Call Chain = app_timer_init &rArr; rtc1_init &rArr; NVIC_SetPriority
</UL>
<BR>[Calls]<UL><LI><a href="#[98]">&gt;&gt;</a>&nbsp;&nbsp;&nbsp;rtc1_stop
<LI><a href="#[9c]">&gt;&gt;</a>&nbsp;&nbsp;&nbsp;rtc1_init
<LI><a href="#[9d]">&gt;&gt;</a>&nbsp;&nbsp;&nbsp;rtc1_counter_get
<LI><a href="#[9a]">&gt;&gt;</a>&nbsp;&nbsp;&nbsp;NVIC_SetPriority
<LI><a href="#[9b]">&gt;&gt;</a>&nbsp;&nbsp;&nbsp;NVIC_EnableIRQ
<LI><a href="#[99]">&gt;&gt;</a>&nbsp;&nbsp;&nbsp;NVIC_ClearPendingIRQ
</UL>
<BR>[Called By]<UL><LI><a href="#[df]">&gt;&gt;</a>&nbsp;&nbsp;&nbsp;timers_init
</UL>

<P><STRONG><a name="[9e]"></a>app_timer_start</STRONG> (Thumb, 78 bytes, Stack size 24 bytes, app_timer.o(i.app_timer_start))
<BR><BR>[Stack]<UL><LI>Max Depth = 88<LI>Call Chain = app_timer_start &rArr; timer_start_op_schedule &rArr; app_util_critical_region_enter &rArr; sd_nvic_critical_region_enter
</UL>
<BR>[Calls]<UL><LI><a href="#[9f]">&gt;&gt;</a>&nbsp;&nbsp;&nbsp;timer_start_op_schedule
</UL>
<BR>[Called By]<UL><LI><a href="#[b7]">&gt;&gt;</a>&nbsp;&nbsp;&nbsp;bsp_led_indication
<LI><a href="#[3a]">&gt;&gt;</a>&nbsp;&nbsp;&nbsp;bsp_button_event_handler
<LI><a href="#[a7]">&gt;&gt;</a>&nbsp;&nbsp;&nbsp;application_timers_start
<LI><a href="#[33]">&gt;&gt;</a>&nbsp;&nbsp;&nbsp;gpiote_event_handler
</UL>

<P><STRONG><a name="[a0]"></a>app_timer_stop</STRONG> (Thumb, 44 bytes, Stack size 16 bytes, app_timer.o(i.app_timer_stop))
<BR><BR>[Stack]<UL><LI>Max Depth = 72<LI>Call Chain = app_timer_stop &rArr; timer_stop_op_schedule &rArr; app_util_critical_region_enter &rArr; sd_nvic_critical_region_enter
</UL>
<BR>[Calls]<UL><LI><a href="#[a1]">&gt;&gt;</a>&nbsp;&nbsp;&nbsp;timer_stop_op_schedule
</UL>
<BR>[Called By]<UL><LI><a href="#[b7]">&gt;&gt;</a>&nbsp;&nbsp;&nbsp;bsp_led_indication
<LI><a href="#[3a]">&gt;&gt;</a>&nbsp;&nbsp;&nbsp;bsp_button_event_handler
<LI><a href="#[33]">&gt;&gt;</a>&nbsp;&nbsp;&nbsp;gpiote_event_handler
</UL>

<P><STRONG><a name="[a2]"></a>app_util_critical_region_enter</STRONG> (Thumb, 12 bytes, Stack size 8 bytes, app_util_platform.o(i.app_util_critical_region_enter))
<BR><BR>[Stack]<UL><LI>Max Depth = 24<LI>Call Chain = app_util_critical_region_enter &rArr; sd_nvic_critical_region_enter
</UL>
<BR>[Calls]<UL><LI><a href="#[a3]">&gt;&gt;</a>&nbsp;&nbsp;&nbsp;sd_nvic_critical_region_enter
</UL>
<BR>[Called By]<UL><LI><a href="#[a1]">&gt;&gt;</a>&nbsp;&nbsp;&nbsp;timer_stop_op_schedule
<LI><a href="#[9f]">&gt;&gt;</a>&nbsp;&nbsp;&nbsp;timer_start_op_schedule
<LI><a href="#[e8]">&gt;&gt;</a>&nbsp;&nbsp;&nbsp;nrf_drv_clock_on_sd_enable
</UL>

<P><STRONG><a name="[a4]"></a>app_util_critical_region_exit</STRONG> (Thumb, 62 bytes, Stack size 16 bytes, app_util_platform.o(i.app_util_critical_region_exit))
<BR><BR>[Stack]<UL><LI>Max Depth = 16<LI>Call Chain = app_util_critical_region_exit
</UL>
<BR>[Calls]<UL><LI><a href="#[a5]">&gt;&gt;</a>&nbsp;&nbsp;&nbsp;__sd_nvic_irq_disable
</UL>
<BR>[Called By]<UL><LI><a href="#[a1]">&gt;&gt;</a>&nbsp;&nbsp;&nbsp;timer_stop_op_schedule
<LI><a href="#[9f]">&gt;&gt;</a>&nbsp;&nbsp;&nbsp;timer_start_op_schedule
<LI><a href="#[e8]">&gt;&gt;</a>&nbsp;&nbsp;&nbsp;nrf_drv_clock_on_sd_enable
</UL>

<P><STRONG><a name="[a8]"></a>applySUBR</STRONG> (Thumb, 44 bytes, Stack size 8 bytes, w5100.o(i.applySUBR))
<BR><BR>[Stack]<UL><LI>Max Depth = 24<LI>Call Chain = applySUBR &rArr; IINCHIP_WRITE
</UL>
<BR>[Calls]<UL><LI><a href="#[5a]">&gt;&gt;</a>&nbsp;&nbsp;&nbsp;IINCHIP_WRITE
</UL>
<BR>[Called By]<UL><LI><a href="#[cf]">&gt;&gt;</a>&nbsp;&nbsp;&nbsp;setSUBR
<LI><a href="#[c6]">&gt;&gt;</a>&nbsp;&nbsp;&nbsp;connect
</UL>

<P><STRONG><a name="[8b]"></a>ble_advdata_set</STRONG> (Thumb, 148 bytes, Stack size 96 bytes, ble_advdata.o(i.ble_advdata_set))
<BR><BR>[Stack]<UL><LI>Max Depth = 224<LI>Call Chain = ble_advdata_set &rArr; adv_data_encode &rArr; uuid_list_encode &rArr; uuid_list_sized_encode
</UL>
<BR>[Calls]<UL><LI><a href="#[aa]">&gt;&gt;</a>&nbsp;&nbsp;&nbsp;srdata_check
<LI><a href="#[a9]">&gt;&gt;</a>&nbsp;&nbsp;&nbsp;advdata_check
<LI><a href="#[80]">&gt;&gt;</a>&nbsp;&nbsp;&nbsp;adv_data_encode
</UL>
<BR>[Called By]<UL><LI><a href="#[8a]">&gt;&gt;</a>&nbsp;&nbsp;&nbsp;advertising_init
</UL>

<P><STRONG><a name="[8e]"></a>bsp_board_led_invert</STRONG> (Thumb, 44 bytes, Stack size 8 bytes, boards.o(i.bsp_board_led_invert))
<BR><BR>[Stack]<UL><LI>Max Depth = 8<LI>Call Chain = bsp_board_led_invert
</UL>
<BR>[Called By]<UL><LI><a href="#[b7]">&gt;&gt;</a>&nbsp;&nbsp;&nbsp;bsp_led_indication
<LI><a href="#[37]">&gt;&gt;</a>&nbsp;&nbsp;&nbsp;alert_timer_handler
</UL>

<P><STRONG><a name="[af]"></a>bsp_board_led_off</STRONG> (Thumb, 16 bytes, Stack size 8 bytes, boards.o(i.bsp_board_led_off))
<BR><BR>[Stack]<UL><LI>Max Depth = 16<LI>Call Chain = bsp_board_led_off &rArr; nrf_gpio_pin_write
</UL>
<BR>[Calls]<UL><LI><a href="#[b0]">&gt;&gt;</a>&nbsp;&nbsp;&nbsp;nrf_gpio_pin_write
</UL>
<BR>[Called By]<UL><LI><a href="#[b7]">&gt;&gt;</a>&nbsp;&nbsp;&nbsp;bsp_led_indication
<LI><a href="#[b4]">&gt;&gt;</a>&nbsp;&nbsp;&nbsp;bsp_board_leds_off
</UL>

<P><STRONG><a name="[b1]"></a>bsp_board_led_on</STRONG> (Thumb, 16 bytes, Stack size 8 bytes, boards.o(i.bsp_board_led_on))
<BR><BR>[Stack]<UL><LI>Max Depth = 16<LI>Call Chain = bsp_board_led_on &rArr; nrf_gpio_pin_write
</UL>
<BR>[Calls]<UL><LI><a href="#[b0]">&gt;&gt;</a>&nbsp;&nbsp;&nbsp;nrf_gpio_pin_write
</UL>
<BR>[Called By]<UL><LI><a href="#[b7]">&gt;&gt;</a>&nbsp;&nbsp;&nbsp;bsp_led_indication
<LI><a href="#[b5]">&gt;&gt;</a>&nbsp;&nbsp;&nbsp;bsp_board_leds_on
</UL>

<P><STRONG><a name="[ba]"></a>bsp_board_led_state_get</STRONG> (Thumb, 44 bytes, Stack size 8 bytes, boards.o(i.bsp_board_led_state_get))
<BR><BR>[Stack]<UL><LI>Max Depth = 8<LI>Call Chain = bsp_board_led_state_get
</UL>
<BR>[Called By]<UL><LI><a href="#[b7]">&gt;&gt;</a>&nbsp;&nbsp;&nbsp;bsp_led_indication
</UL>

<P><STRONG><a name="[b2]"></a>bsp_board_leds_init</STRONG> (Thumb, 42 bytes, Stack size 24 bytes, boards.o(i.bsp_board_leds_init))
<BR><BR>[Stack]<UL><LI>Max Depth = 48<LI>Call Chain = bsp_board_leds_init &rArr; bsp_board_leds_off &rArr; bsp_board_led_off &rArr; nrf_gpio_pin_write
</UL>
<BR>[Calls]<UL><LI><a href="#[b4]">&gt;&gt;</a>&nbsp;&nbsp;&nbsp;bsp_board_leds_off
<LI><a href="#[b3]">&gt;&gt;</a>&nbsp;&nbsp;&nbsp;nrf_gpio_cfg
</UL>
<BR>[Called By]<UL><LI><a href="#[b8]">&gt;&gt;</a>&nbsp;&nbsp;&nbsp;bsp_init
</UL>

<P><STRONG><a name="[b4]"></a>bsp_board_leds_off</STRONG> (Thumb, 20 bytes, Stack size 8 bytes, boards.o(i.bsp_board_leds_off))
<BR><BR>[Stack]<UL><LI>Max Depth = 24<LI>Call Chain = bsp_board_leds_off &rArr; bsp_board_led_off &rArr; nrf_gpio_pin_write
</UL>
<BR>[Calls]<UL><LI><a href="#[af]">&gt;&gt;</a>&nbsp;&nbsp;&nbsp;bsp_board_led_off
</UL>
<BR>[Called By]<UL><LI><a href="#[b7]">&gt;&gt;</a>&nbsp;&nbsp;&nbsp;bsp_led_indication
<LI><a href="#[b2]">&gt;&gt;</a>&nbsp;&nbsp;&nbsp;bsp_board_leds_init
</UL>

<P><STRONG><a name="[b5]"></a>bsp_board_leds_on</STRONG> (Thumb, 20 bytes, Stack size 8 bytes, boards.o(i.bsp_board_leds_on))
<BR><BR>[Stack]<UL><LI>Max Depth = 24<LI>Call Chain = bsp_board_leds_on &rArr; bsp_board_led_on &rArr; nrf_gpio_pin_write
</UL>
<BR>[Calls]<UL><LI><a href="#[b1]">&gt;&gt;</a>&nbsp;&nbsp;&nbsp;bsp_board_led_on
</UL>
<BR>[Called By]<UL><LI><a href="#[b7]">&gt;&gt;</a>&nbsp;&nbsp;&nbsp;bsp_led_indication
</UL>

<P><STRONG><a name="[b6]"></a>bsp_board_pin_to_button_idx</STRONG> (Thumb, 32 bytes, Stack size 0 bytes, boards.o(i.bsp_board_pin_to_button_idx))
<BR><BR>[Called By]<UL><LI><a href="#[3a]">&gt;&gt;</a>&nbsp;&nbsp;&nbsp;bsp_button_event_handler
</UL>

<P><STRONG><a name="[b9]"></a>bsp_event_to_button_action_assign</STRONG> (Thumb, 86 bytes, Stack size 12 bytes, bsp.o(i.bsp_event_to_button_action_assign))
<BR><BR>[Stack]<UL><LI>Max Depth = 12<LI>Call Chain = bsp_event_to_button_action_assign
</UL>
<BR>[Called By]<UL><LI><a href="#[b8]">&gt;&gt;</a>&nbsp;&nbsp;&nbsp;bsp_init
</UL>

<P><STRONG><a name="[8d]"></a>bsp_indication_set</STRONG> (Thumb, 28 bytes, Stack size 16 bytes, bsp.o(i.bsp_indication_set))
<BR><BR>[Stack]<UL><LI>Max Depth = 128<LI>Call Chain = bsp_indication_set &rArr; bsp_led_indication &rArr; app_timer_start &rArr; timer_start_op_schedule &rArr; app_util_critical_region_enter &rArr; sd_nvic_critical_region_enter
</UL>
<BR>[Calls]<UL><LI><a href="#[b7]">&gt;&gt;</a>&nbsp;&nbsp;&nbsp;bsp_led_indication
</UL>
<BR>[Called By]<UL><LI><a href="#[8c]">&gt;&gt;</a>&nbsp;&nbsp;&nbsp;advertising_start
</UL>

<P><STRONG><a name="[b8]"></a>bsp_init</STRONG> (Thumb, 140 bytes, Stack size 24 bytes, bsp.o(i.bsp_init))
<BR><BR>[Stack]<UL><LI>Max Depth = 132<LI>Call Chain = bsp_init &rArr; app_button_init &rArr; nrf_drv_gpiote_in_init &rArr; channel_port_alloc
</UL>
<BR>[Calls]<UL><LI><a href="#[91]">&gt;&gt;</a>&nbsp;&nbsp;&nbsp;app_button_init
<LI><a href="#[8f]">&gt;&gt;</a>&nbsp;&nbsp;&nbsp;app_button_enable
<LI><a href="#[b9]">&gt;&gt;</a>&nbsp;&nbsp;&nbsp;bsp_event_to_button_action_assign
<LI><a href="#[b2]">&gt;&gt;</a>&nbsp;&nbsp;&nbsp;bsp_board_leds_init
<LI><a href="#[95]">&gt;&gt;</a>&nbsp;&nbsp;&nbsp;app_timer_create
</UL>
<BR>[Called By]<UL><LI><a href="#[2f]">&gt;&gt;</a>&nbsp;&nbsp;&nbsp;main
</UL>

<P><STRONG><a name="[bb]"></a>clearSUBR</STRONG> (Thumb, 70 bytes, Stack size 8 bytes, w5100.o(i.clearSUBR))
<BR><BR>[Stack]<UL><LI>Max Depth = 32<LI>Call Chain = clearSUBR &rArr; getSIPR &rArr; IINCHIP_READ
</UL>
<BR>[Calls]<UL><LI><a href="#[bc]">&gt;&gt;</a>&nbsp;&nbsp;&nbsp;getSIPR
<LI><a href="#[5a]">&gt;&gt;</a>&nbsp;&nbsp;&nbsp;IINCHIP_WRITE
</UL>
<BR>[Called By]<UL><LI><a href="#[c6]">&gt;&gt;</a>&nbsp;&nbsp;&nbsp;connect
</UL>

<P><STRONG><a name="[be]"></a>close</STRONG> (Thumb, 64 bytes, Stack size 8 bytes, socket.o(i.close))
<BR><BR>[Stack]<UL><LI>Max Depth = 24<LI>Call Chain = close &rArr; IINCHIP_WRITE
</UL>
<BR>[Calls]<UL><LI><a href="#[5a]">&gt;&gt;</a>&nbsp;&nbsp;&nbsp;IINCHIP_WRITE
<LI><a href="#[56]">&gt;&gt;</a>&nbsp;&nbsp;&nbsp;IINCHIP_READ
</UL>
<BR>[Called By]<UL><LI><a href="#[101]">&gt;&gt;</a>&nbsp;&nbsp;&nbsp;send
<LI><a href="#[105]">&gt;&gt;</a>&nbsp;&nbsp;&nbsp;socket
</UL>

<P><STRONG><a name="[c6]"></a>connect</STRONG> (Thumb, 206 bytes, Stack size 24 bytes, socket.o(i.connect))
<BR><BR>[Stack]<UL><LI>Max Depth = 56<LI>Call Chain = connect &rArr; clearSUBR &rArr; getSIPR &rArr; IINCHIP_READ
</UL>
<BR>[Calls]<UL><LI><a href="#[bb]">&gt;&gt;</a>&nbsp;&nbsp;&nbsp;clearSUBR
<LI><a href="#[a8]">&gt;&gt;</a>&nbsp;&nbsp;&nbsp;applySUBR
<LI><a href="#[5a]">&gt;&gt;</a>&nbsp;&nbsp;&nbsp;IINCHIP_WRITE
<LI><a href="#[56]">&gt;&gt;</a>&nbsp;&nbsp;&nbsp;IINCHIP_READ
</UL>
<BR>[Called By]<UL><LI><a href="#[5c]">&gt;&gt;</a>&nbsp;&nbsp;&nbsp;tcpclient_open
</UL>

<P><STRONG><a name="[c8]"></a>disconnect</STRONG> (Thumb, 46 bytes, Stack size 8 bytes, socket.o(i.disconnect))
<BR><BR>[Stack]<UL><LI>Max Depth = 24<LI>Call Chain = disconnect &rArr; IINCHIP_WRITE
</UL>
<BR>[Calls]<UL><LI><a href="#[5a]">&gt;&gt;</a>&nbsp;&nbsp;&nbsp;IINCHIP_WRITE
<LI><a href="#[56]">&gt;&gt;</a>&nbsp;&nbsp;&nbsp;IINCHIP_READ
</UL>
<BR>[Called By]<UL><LI><a href="#[e2]">&gt;&gt;</a>&nbsp;&nbsp;&nbsp;tcpclient_close
<LI><a href="#[f6]">&gt;&gt;</a>&nbsp;&nbsp;&nbsp;process_tcpclient
</UL>

<P><STRONG><a name="[c9]"></a>ethernet_config</STRONG> (Thumb, 266 bytes, Stack size 24 bytes, main.o(i.ethernet_config))
<BR><BR>[Stack]<UL><LI>Max Depth = 64<LI>Call Chain = ethernet_config &rArr; sysinit &rArr; IINCHIP_WRITE
</UL>
<BR>[Calls]<UL><LI><a href="#[cc]">&gt;&gt;</a>&nbsp;&nbsp;&nbsp;sysinit
<LI><a href="#[cf]">&gt;&gt;</a>&nbsp;&nbsp;&nbsp;setSUBR
<LI><a href="#[cd]">&gt;&gt;</a>&nbsp;&nbsp;&nbsp;setSIPR
<LI><a href="#[d0]">&gt;&gt;</a>&nbsp;&nbsp;&nbsp;setSHAR
<LI><a href="#[ce]">&gt;&gt;</a>&nbsp;&nbsp;&nbsp;setGAR
<LI><a href="#[ca]">&gt;&gt;</a>&nbsp;&nbsp;&nbsp;iinchip_init
<LI><a href="#[d1]">&gt;&gt;</a>&nbsp;&nbsp;&nbsp;getSUBR
<LI><a href="#[bc]">&gt;&gt;</a>&nbsp;&nbsp;&nbsp;getSIPR
<LI><a href="#[d3]">&gt;&gt;</a>&nbsp;&nbsp;&nbsp;getSHAR
<LI><a href="#[d2]">&gt;&gt;</a>&nbsp;&nbsp;&nbsp;getGAR
<LI><a href="#[4f]">&gt;&gt;</a>&nbsp;&nbsp;&nbsp;Serial_Print
<LI><a href="#[cb]">&gt;&gt;</a>&nbsp;&nbsp;&nbsp;nrf_delay_ms
<LI><a href="#[d4]">&gt;&gt;</a>&nbsp;&nbsp;&nbsp;__2sprintf
</UL>
<BR>[Called By]<UL><LI><a href="#[2f]">&gt;&gt;</a>&nbsp;&nbsp;&nbsp;main
</UL>

<P><STRONG><a name="[63]"></a>free</STRONG> (Thumb, 76 bytes, Stack size 8 bytes, malloc.o(i.free))
<BR><BR>[Stack]<UL><LI>Max Depth = 8<LI>Call Chain = free
</UL>
<BR>[Called By]<UL><LI><a href="#[64]">&gt;&gt;</a>&nbsp;&nbsp;&nbsp;MQTTClient_Publish
<LI><a href="#[5d]">&gt;&gt;</a>&nbsp;&nbsp;&nbsp;MQTTClient_Open_session
</UL>

<P><STRONG><a name="[d2]"></a>getGAR</STRONG> (Thumb, 38 bytes, Stack size 8 bytes, w5100.o(i.getGAR))
<BR><BR>[Stack]<UL><LI>Max Depth = 24<LI>Call Chain = getGAR &rArr; IINCHIP_READ
</UL>
<BR>[Calls]<UL><LI><a href="#[56]">&gt;&gt;</a>&nbsp;&nbsp;&nbsp;IINCHIP_READ
</UL>
<BR>[Called By]<UL><LI><a href="#[c9]">&gt;&gt;</a>&nbsp;&nbsp;&nbsp;ethernet_config
</UL>

<P><STRONG><a name="[f9]"></a>getIINCHIP_RxBASE</STRONG> (Thumb, 10 bytes, Stack size 0 bytes, w5100.o(i.getIINCHIP_RxBASE))
<BR><BR>[Called By]<UL><LI><a href="#[f7]">&gt;&gt;</a>&nbsp;&nbsp;&nbsp;read_data
</UL>

<P><STRONG><a name="[f8]"></a>getIINCHIP_RxMASK</STRONG> (Thumb, 10 bytes, Stack size 0 bytes, w5100.o(i.getIINCHIP_RxMASK))
<BR><BR>[Called By]<UL><LI><a href="#[f7]">&gt;&gt;</a>&nbsp;&nbsp;&nbsp;read_data
</UL>

<P><STRONG><a name="[fa]"></a>getIINCHIP_RxMAX</STRONG> (Thumb, 10 bytes, Stack size 0 bytes, w5100.o(i.getIINCHIP_RxMAX))
<BR><BR>[Called By]<UL><LI><a href="#[f7]">&gt;&gt;</a>&nbsp;&nbsp;&nbsp;read_data
</UL>

<P><STRONG><a name="[111]"></a>getIINCHIP_TxBASE</STRONG> (Thumb, 10 bytes, Stack size 0 bytes, w5100.o(i.getIINCHIP_TxBASE))
<BR><BR>[Called By]<UL><LI><a href="#[104]">&gt;&gt;</a>&nbsp;&nbsp;&nbsp;write_data
</UL>

<P><STRONG><a name="[110]"></a>getIINCHIP_TxMASK</STRONG> (Thumb, 10 bytes, Stack size 0 bytes, w5100.o(i.getIINCHIP_TxMASK))
<BR><BR>[Called By]<UL><LI><a href="#[104]">&gt;&gt;</a>&nbsp;&nbsp;&nbsp;write_data
</UL>

<P><STRONG><a name="[102]"></a>getIINCHIP_TxMAX</STRONG> (Thumb, 10 bytes, Stack size 0 bytes, w5100.o(i.getIINCHIP_TxMAX))
<BR><BR>[Called By]<UL><LI><a href="#[101]">&gt;&gt;</a>&nbsp;&nbsp;&nbsp;send
<LI><a href="#[104]">&gt;&gt;</a>&nbsp;&nbsp;&nbsp;write_data
</UL>

<P><STRONG><a name="[d3]"></a>getSHAR</STRONG> (Thumb, 54 bytes, Stack size 8 bytes, w5100.o(i.getSHAR))
<BR><BR>[Stack]<UL><LI>Max Depth = 24<LI>Call Chain = getSHAR &rArr; IINCHIP_READ
</UL>
<BR>[Calls]<UL><LI><a href="#[56]">&gt;&gt;</a>&nbsp;&nbsp;&nbsp;IINCHIP_READ
</UL>
<BR>[Called By]<UL><LI><a href="#[c9]">&gt;&gt;</a>&nbsp;&nbsp;&nbsp;ethernet_config
</UL>

<P><STRONG><a name="[bc]"></a>getSIPR</STRONG> (Thumb, 38 bytes, Stack size 8 bytes, w5100.o(i.getSIPR))
<BR><BR>[Stack]<UL><LI>Max Depth = 24<LI>Call Chain = getSIPR &rArr; IINCHIP_READ
</UL>
<BR>[Calls]<UL><LI><a href="#[56]">&gt;&gt;</a>&nbsp;&nbsp;&nbsp;IINCHIP_READ
</UL>
<BR>[Called By]<UL><LI><a href="#[c9]">&gt;&gt;</a>&nbsp;&nbsp;&nbsp;ethernet_config
<LI><a href="#[bb]">&gt;&gt;</a>&nbsp;&nbsp;&nbsp;clearSUBR
</UL>

<P><STRONG><a name="[d1]"></a>getSUBR</STRONG> (Thumb, 38 bytes, Stack size 8 bytes, w5100.o(i.getSUBR))
<BR><BR>[Stack]<UL><LI>Max Depth = 24<LI>Call Chain = getSUBR &rArr; IINCHIP_READ
</UL>
<BR>[Calls]<UL><LI><a href="#[56]">&gt;&gt;</a>&nbsp;&nbsp;&nbsp;IINCHIP_READ
</UL>
<BR>[Called By]<UL><LI><a href="#[c9]">&gt;&gt;</a>&nbsp;&nbsp;&nbsp;ethernet_config
</UL>

<P><STRONG><a name="[d6]"></a>getSn_RX_RSR</STRONG> (Thumb, 100 bytes, Stack size 16 bytes, w5100.o(i.getSn_RX_RSR))
<BR><BR>[Stack]<UL><LI>Max Depth = 32<LI>Call Chain = getSn_RX_RSR &rArr; IINCHIP_READ
</UL>
<BR>[Calls]<UL><LI><a href="#[56]">&gt;&gt;</a>&nbsp;&nbsp;&nbsp;IINCHIP_READ
</UL>
<BR>[Called By]<UL><LI><a href="#[62]">&gt;&gt;</a>&nbsp;&nbsp;&nbsp;tcpclient_recivedata
</UL>

<P><STRONG><a name="[d7]"></a>getSn_SR</STRONG> (Thumb, 22 bytes, Stack size 8 bytes, w5100.o(i.getSn_SR))
<BR><BR>[Stack]<UL><LI>Max Depth = 24<LI>Call Chain = getSn_SR &rArr; IINCHIP_READ
</UL>
<BR>[Calls]<UL><LI><a href="#[56]">&gt;&gt;</a>&nbsp;&nbsp;&nbsp;IINCHIP_READ
</UL>
<BR>[Called By]<UL><LI><a href="#[f6]">&gt;&gt;</a>&nbsp;&nbsp;&nbsp;process_tcpclient
</UL>

<P><STRONG><a name="[d8]"></a>getSn_TX_FSR</STRONG> (Thumb, 100 bytes, Stack size 16 bytes, w5100.o(i.getSn_TX_FSR))
<BR><BR>[Stack]<UL><LI>Max Depth = 32<LI>Call Chain = getSn_TX_FSR &rArr; IINCHIP_READ
</UL>
<BR>[Calls]<UL><LI><a href="#[56]">&gt;&gt;</a>&nbsp;&nbsp;&nbsp;IINCHIP_READ
</UL>
<BR>[Called By]<UL><LI><a href="#[101]">&gt;&gt;</a>&nbsp;&nbsp;&nbsp;send
</UL>

<P><STRONG><a name="[50]"></a>getstring</STRONG> (Thumb, 58 bytes, Stack size 8 bytes, serial.o(i.getstring))
<BR><BR>[Stack]<UL><LI>Max Depth = 8<LI>Call Chain = getstring
</UL>
<BR>[Calls]<UL><LI><a href="#[3d]">&gt;&gt;</a>&nbsp;&nbsp;&nbsp;__aeabi_memclr
<LI><a href="#[60]">&gt;&gt;</a>&nbsp;&nbsp;&nbsp;__aeabi_memcpy
</UL>
<BR>[Called By]<UL><LI><a href="#[55]">&gt;&gt;</a>&nbsp;&nbsp;&nbsp;GetSN
<LI><a href="#[54]">&gt;&gt;</a>&nbsp;&nbsp;&nbsp;GetPORT
<LI><a href="#[53]">&gt;&gt;</a>&nbsp;&nbsp;&nbsp;GetIP
<LI><a href="#[52]">&gt;&gt;</a>&nbsp;&nbsp;&nbsp;GetHOST
<LI><a href="#[4d]">&gt;&gt;</a>&nbsp;&nbsp;&nbsp;GetGW
</UL>

<P><STRONG><a name="[ca]"></a>iinchip_init</STRONG> (Thumb, 48 bytes, Stack size 8 bytes, w5100.o(i.iinchip_init))
<BR><BR>[Stack]<UL><LI>Max Depth = 32<LI>Call Chain = iinchip_init &rArr; setMR &rArr; IINCHIP_WRITE
</UL>
<BR>[Calls]<UL><LI><a href="#[d9]">&gt;&gt;</a>&nbsp;&nbsp;&nbsp;setMR
<LI><a href="#[5a]">&gt;&gt;</a>&nbsp;&nbsp;&nbsp;IINCHIP_WRITE
</UL>
<BR>[Called By]<UL><LI><a href="#[c9]">&gt;&gt;</a>&nbsp;&nbsp;&nbsp;ethernet_config
</UL>

<P><STRONG><a name="[71]"></a>intern_softdevice_events_execute</STRONG> (Thumb, 158 bytes, Stack size 24 bytes, softdevice_handler.o(i.intern_softdevice_events_execute))
<BR><BR>[Stack]<UL><LI>Max Depth = 48<LI>Call Chain = intern_softdevice_events_execute &rArr; app_error_handler_bare
</UL>
<BR>[Calls]<UL><LI><a href="#[70]">&gt;&gt;</a>&nbsp;&nbsp;&nbsp;app_error_handler_bare
<LI><a href="#[da]">&gt;&gt;</a>&nbsp;&nbsp;&nbsp;nrf_drv_clock_on_soc_event
</UL>
<BR>[Called By]<UL><LI><a href="#[20]">&gt;&gt;</a>&nbsp;&nbsp;&nbsp;SWI2_EGU2_IRQHandler
</UL>

<P><STRONG><a name="[2f]"></a>main</STRONG> (Thumb, 368 bytes, Stack size 0 bytes, main.o(i.main))
<BR><BR>[Stack]<UL><LI>Max Depth = 312<LI>Call Chain = main &rArr; advertising_init &rArr; ble_advdata_set &rArr; adv_data_encode &rArr; uuid_list_encode &rArr; uuid_list_sized_encode
</UL>
<BR>[Calls]<UL><LI><a href="#[e2]">&gt;&gt;</a>&nbsp;&nbsp;&nbsp;tcpclient_close
<LI><a href="#[b8]">&gt;&gt;</a>&nbsp;&nbsp;&nbsp;bsp_init
<LI><a href="#[70]">&gt;&gt;</a>&nbsp;&nbsp;&nbsp;app_error_handler_bare
<LI><a href="#[4f]">&gt;&gt;</a>&nbsp;&nbsp;&nbsp;Serial_Print
<LI><a href="#[e0]">&gt;&gt;</a>&nbsp;&nbsp;&nbsp;Serial_Config
<LI><a href="#[6a]">&gt;&gt;</a>&nbsp;&nbsp;&nbsp;SPI_Init
<LI><a href="#[5d]">&gt;&gt;</a>&nbsp;&nbsp;&nbsp;MQTTClient_Open_session
<LI><a href="#[5b]">&gt;&gt;</a>&nbsp;&nbsp;&nbsp;MQTTClient_Connect
<LI><a href="#[55]">&gt;&gt;</a>&nbsp;&nbsp;&nbsp;GetSN
<LI><a href="#[54]">&gt;&gt;</a>&nbsp;&nbsp;&nbsp;GetPORT
<LI><a href="#[53]">&gt;&gt;</a>&nbsp;&nbsp;&nbsp;GetIP
<LI><a href="#[52]">&gt;&gt;</a>&nbsp;&nbsp;&nbsp;GetHOST
<LI><a href="#[4d]">&gt;&gt;</a>&nbsp;&nbsp;&nbsp;GetGW
<LI><a href="#[4c]">&gt;&gt;</a>&nbsp;&nbsp;&nbsp;FlushRx
<LI><a href="#[4a]">&gt;&gt;</a>&nbsp;&nbsp;&nbsp;CheckCmd
<LI><a href="#[c9]">&gt;&gt;</a>&nbsp;&nbsp;&nbsp;ethernet_config
<LI><a href="#[df]">&gt;&gt;</a>&nbsp;&nbsp;&nbsp;timers_init
<LI><a href="#[e1]">&gt;&gt;</a>&nbsp;&nbsp;&nbsp;power_manage
<LI><a href="#[cb]">&gt;&gt;</a>&nbsp;&nbsp;&nbsp;nrf_delay_ms
<LI><a href="#[d5]">&gt;&gt;</a>&nbsp;&nbsp;&nbsp;gap_params_init
<LI><a href="#[ab]">&gt;&gt;</a>&nbsp;&nbsp;&nbsp;ble_stack_init
<LI><a href="#[a7]">&gt;&gt;</a>&nbsp;&nbsp;&nbsp;application_timers_start
<LI><a href="#[8c]">&gt;&gt;</a>&nbsp;&nbsp;&nbsp;advertising_start
<LI><a href="#[8a]">&gt;&gt;</a>&nbsp;&nbsp;&nbsp;advertising_init
</UL>
<BR>[Address Reference Count : 1]<UL><LI> entry9a.o(.ARM.Collect$$$$0000000B)
</UL>
<P><STRONG><a name="[5f]"></a>malloc</STRONG> (Thumb, 92 bytes, Stack size 20 bytes, malloc.o(i.malloc))
<BR><BR>[Stack]<UL><LI>Max Depth = 20<LI>Call Chain = malloc
</UL>
<BR>[Called By]<UL><LI><a href="#[64]">&gt;&gt;</a>&nbsp;&nbsp;&nbsp;MQTTClient_Publish
<LI><a href="#[5d]">&gt;&gt;</a>&nbsp;&nbsp;&nbsp;MQTTClient_Open_session
</UL>

<P><STRONG><a name="[e5]"></a>nrf_drv_clock_init</STRONG> (Thumb, 94 bytes, Stack size 8 bytes, nrf_drv_clock.o(i.nrf_drv_clock_init))
<BR><BR>[Stack]<UL><LI>Max Depth = 24<LI>Call Chain = nrf_drv_clock_init &rArr; nrf_drv_common_irq_enable
</UL>
<BR>[Calls]<UL><LI><a href="#[e7]">&gt;&gt;</a>&nbsp;&nbsp;&nbsp;softdevice_handler_is_enabled
<LI><a href="#[e6]">&gt;&gt;</a>&nbsp;&nbsp;&nbsp;nrf_drv_common_irq_enable
</UL>
<BR>[Called By]<UL><LI><a href="#[e8]">&gt;&gt;</a>&nbsp;&nbsp;&nbsp;nrf_drv_clock_on_sd_enable
</UL>

<P><STRONG><a name="[e8]"></a>nrf_drv_clock_on_sd_enable</STRONG> (Thumb, 46 bytes, Stack size 8 bytes, nrf_drv_clock.o(i.nrf_drv_clock_on_sd_enable))
<BR><BR>[Stack]<UL><LI>Max Depth = 32<LI>Call Chain = nrf_drv_clock_on_sd_enable &rArr; app_util_critical_region_enter &rArr; sd_nvic_critical_region_enter
</UL>
<BR>[Calls]<UL><LI><a href="#[a4]">&gt;&gt;</a>&nbsp;&nbsp;&nbsp;app_util_critical_region_exit
<LI><a href="#[a2]">&gt;&gt;</a>&nbsp;&nbsp;&nbsp;app_util_critical_region_enter
<LI><a href="#[e5]">&gt;&gt;</a>&nbsp;&nbsp;&nbsp;nrf_drv_clock_init
</UL>
<BR>[Called By]<UL><LI><a href="#[ac]">&gt;&gt;</a>&nbsp;&nbsp;&nbsp;softdevice_handler_init
</UL>

<P><STRONG><a name="[da]"></a>nrf_drv_clock_on_soc_event</STRONG> (Thumb, 14 bytes, Stack size 8 bytes, nrf_drv_clock.o(i.nrf_drv_clock_on_soc_event))
<BR><BR>[Stack]<UL><LI>Max Depth = 24<LI>Call Chain = nrf_drv_clock_on_soc_event &rArr; clock_clk_started_notify
</UL>
<BR>[Calls]<UL><LI><a href="#[68]">&gt;&gt;</a>&nbsp;&nbsp;&nbsp;clock_clk_started_notify
</UL>
<BR>[Called By]<UL><LI><a href="#[71]">&gt;&gt;</a>&nbsp;&nbsp;&nbsp;intern_softdevice_events_execute
</UL>

<P><STRONG><a name="[e6]"></a>nrf_drv_common_irq_enable</STRONG> (Thumb, 84 bytes, Stack size 16 bytes, nrf_drv_common.o(i.nrf_drv_common_irq_enable))
<BR><BR>[Stack]<UL><LI>Max Depth = 16<LI>Call Chain = nrf_drv_common_irq_enable
</UL>
<BR>[Called By]<UL><LI><a href="#[93]">&gt;&gt;</a>&nbsp;&nbsp;&nbsp;nrf_drv_gpiote_init
<LI><a href="#[e5]">&gt;&gt;</a>&nbsp;&nbsp;&nbsp;nrf_drv_clock_init
</UL>

<P><STRONG><a name="[90]"></a>nrf_drv_gpiote_in_event_enable</STRONG> (Thumb, 170 bytes, Stack size 32 bytes, nrf_drv_gpiote.o(i.nrf_drv_gpiote_in_event_enable))
<BR><BR>[Stack]<UL><LI>Max Depth = 48<LI>Call Chain = nrf_drv_gpiote_in_event_enable &rArr; nrf_gpiote_event_clear
</UL>
<BR>[Calls]<UL><LI><a href="#[ed]">&gt;&gt;</a>&nbsp;&nbsp;&nbsp;pin_in_use_by_te
<LI><a href="#[e9]">&gt;&gt;</a>&nbsp;&nbsp;&nbsp;pin_in_use_by_port
<LI><a href="#[ef]">&gt;&gt;</a>&nbsp;&nbsp;&nbsp;nrf_gpiote_int_enable
<LI><a href="#[ee]">&gt;&gt;</a>&nbsp;&nbsp;&nbsp;nrf_gpiote_event_clear
<LI><a href="#[eb]">&gt;&gt;</a>&nbsp;&nbsp;&nbsp;nrf_gpio_pin_read
<LI><a href="#[ec]">&gt;&gt;</a>&nbsp;&nbsp;&nbsp;nrf_gpio_cfg_sense_set
<LI><a href="#[ea]">&gt;&gt;</a>&nbsp;&nbsp;&nbsp;channel_port_get
</UL>
<BR>[Called By]<UL><LI><a href="#[8f]">&gt;&gt;</a>&nbsp;&nbsp;&nbsp;app_button_enable
</UL>

<P><STRONG><a name="[94]"></a>nrf_drv_gpiote_in_init</STRONG> (Thumb, 206 bytes, Stack size 40 bytes, nrf_drv_gpiote.o(i.nrf_drv_gpiote_in_init))
<BR><BR>[Stack]<UL><LI>Max Depth = 76<LI>Call Chain = nrf_drv_gpiote_in_init &rArr; channel_port_alloc
</UL>
<BR>[Calls]<UL><LI><a href="#[f0]">&gt;&gt;</a>&nbsp;&nbsp;&nbsp;pin_in_use_by_gpiote
<LI><a href="#[f2]">&gt;&gt;</a>&nbsp;&nbsp;&nbsp;nrf_gpio_cfg
<LI><a href="#[f1]">&gt;&gt;</a>&nbsp;&nbsp;&nbsp;channel_port_alloc
</UL>
<BR>[Called By]<UL><LI><a href="#[91]">&gt;&gt;</a>&nbsp;&nbsp;&nbsp;app_button_init
</UL>

<P><STRONG><a name="[c7]"></a>nrf_drv_gpiote_in_is_set</STRONG> (Thumb, 20 bytes, Stack size 8 bytes, nrf_drv_gpiote.o(i.nrf_drv_gpiote_in_is_set))
<BR><BR>[Stack]<UL><LI>Max Depth = 8<LI>Call Chain = nrf_drv_gpiote_in_is_set
</UL>
<BR>[Calls]<UL><LI><a href="#[eb]">&gt;&gt;</a>&nbsp;&nbsp;&nbsp;nrf_gpio_pin_read
</UL>
<BR>[Called By]<UL><LI><a href="#[33]">&gt;&gt;</a>&nbsp;&nbsp;&nbsp;gpiote_event_handler
<LI><a href="#[34]">&gt;&gt;</a>&nbsp;&nbsp;&nbsp;detection_delay_timeout_handler
</UL>

<P><STRONG><a name="[93]"></a>nrf_drv_gpiote_init</STRONG> (Thumb, 90 bytes, Stack size 16 bytes, nrf_drv_gpiote.o(i.nrf_drv_gpiote_init))
<BR><BR>[Stack]<UL><LI>Max Depth = 32<LI>Call Chain = nrf_drv_gpiote_init &rArr; nrf_drv_common_irq_enable
</UL>
<BR>[Calls]<UL><LI><a href="#[e6]">&gt;&gt;</a>&nbsp;&nbsp;&nbsp;nrf_drv_common_irq_enable
<LI><a href="#[f3]">&gt;&gt;</a>&nbsp;&nbsp;&nbsp;pin_in_use_clear
<LI><a href="#[ef]">&gt;&gt;</a>&nbsp;&nbsp;&nbsp;nrf_gpiote_int_enable
<LI><a href="#[ee]">&gt;&gt;</a>&nbsp;&nbsp;&nbsp;nrf_gpiote_event_clear
<LI><a href="#[f4]">&gt;&gt;</a>&nbsp;&nbsp;&nbsp;channel_free
</UL>
<BR>[Called By]<UL><LI><a href="#[91]">&gt;&gt;</a>&nbsp;&nbsp;&nbsp;app_button_init
</UL>

<P><STRONG><a name="[92]"></a>nrf_drv_gpiote_is_init</STRONG> (Thumb, 16 bytes, Stack size 0 bytes, nrf_drv_gpiote.o(i.nrf_drv_gpiote_is_init))
<BR><BR>[Called By]<UL><LI><a href="#[91]">&gt;&gt;</a>&nbsp;&nbsp;&nbsp;app_button_init
</UL>

<P><STRONG><a name="[f6]"></a>process_tcpclient</STRONG> (Thumb, 72 bytes, Stack size 8 bytes, tcpclient.o(i.process_tcpclient))
<BR><BR>[Stack]<UL><LI>Max Depth = 32<LI>Call Chain = process_tcpclient &rArr; disconnect &rArr; IINCHIP_WRITE
</UL>
<BR>[Calls]<UL><LI><a href="#[c8]">&gt;&gt;</a>&nbsp;&nbsp;&nbsp;disconnect
<LI><a href="#[d7]">&gt;&gt;</a>&nbsp;&nbsp;&nbsp;getSn_SR
</UL>
<BR>[Called By]<UL><LI><a href="#[61]">&gt;&gt;</a>&nbsp;&nbsp;&nbsp;tcpclient_sendbytes
<LI><a href="#[62]">&gt;&gt;</a>&nbsp;&nbsp;&nbsp;tcpclient_recivedata
<LI><a href="#[5c]">&gt;&gt;</a>&nbsp;&nbsp;&nbsp;tcpclient_open
</UL>

<P><STRONG><a name="[f7]"></a>read_data</STRONG> (Thumb, 108 bytes, Stack size 32 bytes, w5100.o(i.read_data))
<BR><BR>[Stack]<UL><LI>Max Depth = 56<LI>Call Chain = read_data &rArr; wiz_read_buf
</UL>
<BR>[Calls]<UL><LI><a href="#[fb]">&gt;&gt;</a>&nbsp;&nbsp;&nbsp;wiz_read_buf
<LI><a href="#[fa]">&gt;&gt;</a>&nbsp;&nbsp;&nbsp;getIINCHIP_RxMAX
<LI><a href="#[f8]">&gt;&gt;</a>&nbsp;&nbsp;&nbsp;getIINCHIP_RxMASK
<LI><a href="#[f9]">&gt;&gt;</a>&nbsp;&nbsp;&nbsp;getIINCHIP_RxBASE
</UL>
<BR>[Called By]<UL><LI><a href="#[fd]">&gt;&gt;</a>&nbsp;&nbsp;&nbsp;recv_data_processing
</UL>

<P><STRONG><a name="[fc]"></a>recv</STRONG> (Thumb, 74 bytes, Stack size 24 bytes, socket.o(i.recv))
<BR><BR>[Stack]<UL><LI>Max Depth = 104<LI>Call Chain = recv &rArr; recv_data_processing &rArr; read_data &rArr; wiz_read_buf
</UL>
<BR>[Calls]<UL><LI><a href="#[fd]">&gt;&gt;</a>&nbsp;&nbsp;&nbsp;recv_data_processing
<LI><a href="#[5a]">&gt;&gt;</a>&nbsp;&nbsp;&nbsp;IINCHIP_WRITE
<LI><a href="#[56]">&gt;&gt;</a>&nbsp;&nbsp;&nbsp;IINCHIP_READ
</UL>
<BR>[Called By]<UL><LI><a href="#[62]">&gt;&gt;</a>&nbsp;&nbsp;&nbsp;tcpclient_recivedata
</UL>

<P><STRONG><a name="[fd]"></a>recv_data_processing</STRONG> (Thumb, 106 bytes, Stack size 24 bytes, w5100.o(i.recv_data_processing))
<BR><BR>[Stack]<UL><LI>Max Depth = 80<LI>Call Chain = recv_data_processing &rArr; read_data &rArr; wiz_read_buf
</UL>
<BR>[Calls]<UL><LI><a href="#[f7]">&gt;&gt;</a>&nbsp;&nbsp;&nbsp;read_data
<LI><a href="#[5a]">&gt;&gt;</a>&nbsp;&nbsp;&nbsp;IINCHIP_WRITE
<LI><a href="#[56]">&gt;&gt;</a>&nbsp;&nbsp;&nbsp;IINCHIP_READ
</UL>
<BR>[Called By]<UL><LI><a href="#[fc]">&gt;&gt;</a>&nbsp;&nbsp;&nbsp;recv
</UL>

<P><STRONG><a name="[101]"></a>send</STRONG> (Thumb, 210 bytes, Stack size 32 bytes, socket.o(i.send))
<BR><BR>[Stack]<UL><LI>Max Depth = 112<LI>Call Chain = send &rArr; send_data_processing &rArr; write_data &rArr; wiz_write_buf
</UL>
<BR>[Calls]<UL><LI><a href="#[be]">&gt;&gt;</a>&nbsp;&nbsp;&nbsp;close
<LI><a href="#[103]">&gt;&gt;</a>&nbsp;&nbsp;&nbsp;send_data_processing
<LI><a href="#[d8]">&gt;&gt;</a>&nbsp;&nbsp;&nbsp;getSn_TX_FSR
<LI><a href="#[102]">&gt;&gt;</a>&nbsp;&nbsp;&nbsp;getIINCHIP_TxMAX
<LI><a href="#[5a]">&gt;&gt;</a>&nbsp;&nbsp;&nbsp;IINCHIP_WRITE
<LI><a href="#[56]">&gt;&gt;</a>&nbsp;&nbsp;&nbsp;IINCHIP_READ
</UL>
<BR>[Called By]<UL><LI><a href="#[61]">&gt;&gt;</a>&nbsp;&nbsp;&nbsp;tcpclient_sendbytes
</UL>

<P><STRONG><a name="[103]"></a>send_data_processing</STRONG> (Thumb, 106 bytes, Stack size 24 bytes, w5100.o(i.send_data_processing))
<BR><BR>[Stack]<UL><LI>Max Depth = 80<LI>Call Chain = send_data_processing &rArr; write_data &rArr; wiz_write_buf
</UL>
<BR>[Calls]<UL><LI><a href="#[104]">&gt;&gt;</a>&nbsp;&nbsp;&nbsp;write_data
<LI><a href="#[5a]">&gt;&gt;</a>&nbsp;&nbsp;&nbsp;IINCHIP_WRITE
<LI><a href="#[56]">&gt;&gt;</a>&nbsp;&nbsp;&nbsp;IINCHIP_READ
</UL>
<BR>[Called By]<UL><LI><a href="#[101]">&gt;&gt;</a>&nbsp;&nbsp;&nbsp;send
</UL>

<P><STRONG><a name="[ce]"></a>setGAR</STRONG> (Thumb, 38 bytes, Stack size 8 bytes, w5100.o(i.setGAR))
<BR><BR>[Stack]<UL><LI>Max Depth = 24<LI>Call Chain = setGAR &rArr; IINCHIP_WRITE
</UL>
<BR>[Calls]<UL><LI><a href="#[5a]">&gt;&gt;</a>&nbsp;&nbsp;&nbsp;IINCHIP_WRITE
</UL>
<BR>[Called By]<UL><LI><a href="#[c9]">&gt;&gt;</a>&nbsp;&nbsp;&nbsp;ethernet_config
</UL>

<P><STRONG><a name="[d9]"></a>setMR</STRONG> (Thumb, 16 bytes, Stack size 8 bytes, w5100.o(i.setMR))
<BR><BR>[Stack]<UL><LI>Max Depth = 24<LI>Call Chain = setMR &rArr; IINCHIP_WRITE
</UL>
<BR>[Calls]<UL><LI><a href="#[5a]">&gt;&gt;</a>&nbsp;&nbsp;&nbsp;IINCHIP_WRITE
</UL>
<BR>[Called By]<UL><LI><a href="#[ca]">&gt;&gt;</a>&nbsp;&nbsp;&nbsp;iinchip_init
</UL>

<P><STRONG><a name="[d0]"></a>setSHAR</STRONG> (Thumb, 54 bytes, Stack size 8 bytes, w5100.o(i.setSHAR))
<BR><BR>[Stack]<UL><LI>Max Depth = 24<LI>Call Chain = setSHAR &rArr; IINCHIP_WRITE
</UL>
<BR>[Calls]<UL><LI><a href="#[5a]">&gt;&gt;</a>&nbsp;&nbsp;&nbsp;IINCHIP_WRITE
</UL>
<BR>[Called By]<UL><LI><a href="#[c9]">&gt;&gt;</a>&nbsp;&nbsp;&nbsp;ethernet_config
</UL>

<P><STRONG><a name="[cd]"></a>setSIPR</STRONG> (Thumb, 38 bytes, Stack size 8 bytes, w5100.o(i.setSIPR))
<BR><BR>[Stack]<UL><LI>Max Depth = 24<LI>Call Chain = setSIPR &rArr; IINCHIP_WRITE
</UL>
<BR>[Calls]<UL><LI><a href="#[5a]">&gt;&gt;</a>&nbsp;&nbsp;&nbsp;IINCHIP_WRITE
</UL>
<BR>[Called By]<UL><LI><a href="#[c9]">&gt;&gt;</a>&nbsp;&nbsp;&nbsp;ethernet_config
</UL>

<P><STRONG><a name="[cf]"></a>setSUBR</STRONG> (Thumb, 28 bytes, Stack size 8 bytes, w5100.o(i.setSUBR))
<BR><BR>[Stack]<UL><LI>Max Depth = 32<LI>Call Chain = setSUBR &rArr; applySUBR &rArr; IINCHIP_WRITE
</UL>
<BR>[Calls]<UL><LI><a href="#[a8]">&gt;&gt;</a>&nbsp;&nbsp;&nbsp;applySUBR
</UL>
<BR>[Called By]<UL><LI><a href="#[c9]">&gt;&gt;</a>&nbsp;&nbsp;&nbsp;ethernet_config
</UL>

<P><STRONG><a name="[105]"></a>socket</STRONG> (Thumb, 200 bytes, Stack size 24 bytes, socket.o(i.socket))
<BR><BR>[Stack]<UL><LI>Max Depth = 48<LI>Call Chain = socket &rArr; close &rArr; IINCHIP_WRITE
</UL>
<BR>[Calls]<UL><LI><a href="#[be]">&gt;&gt;</a>&nbsp;&nbsp;&nbsp;close
<LI><a href="#[5a]">&gt;&gt;</a>&nbsp;&nbsp;&nbsp;IINCHIP_WRITE
<LI><a href="#[56]">&gt;&gt;</a>&nbsp;&nbsp;&nbsp;IINCHIP_READ
</UL>
<BR>[Called By]<UL><LI><a href="#[5c]">&gt;&gt;</a>&nbsp;&nbsp;&nbsp;tcpclient_open
</UL>

<P><STRONG><a name="[ae]"></a>softdevice_enable</STRONG> (Thumb, 34 bytes, Stack size 24 bytes, softdevice_handler.o(i.softdevice_enable))
[...]
</UL>
<BR>[Calls]<UL><LI><a href="#[c4]">&gt;&gt;</a>&nbsp;&nbsp;&nbsp;timer_timeouts_check_sched
<LI><a href="#[c0]">&gt;&gt;</a>&nbsp;&nbsp;&nbsp;ticks_diff_get
<LI><a href="#[98]">&gt;&gt;</a>&nbsp;&nbsp;&nbsp;rtc1_stop
<LI><a href="#[c1]">&gt;&gt;</a>&nbsp;&nbsp;&nbsp;rtc1_start
<LI><a href="#[9d]">&gt;&gt;</a>&nbsp;&nbsp;&nbsp;rtc1_counter_get
<LI><a href="#[c2]">&gt;&gt;</a>&nbsp;&nbsp;&nbsp;rtc1_compare0_set
<LI><a href="#[c3]">&gt;&gt;</a>&nbsp;&nbsp;&nbsp;nrf_delay_us
</UL>
<BR>[Called By]<UL><LI><a href="#[6f]">&gt;&gt;</a>&nbsp;&nbsp;&nbsp;timer_list_handler
</UL>

<P><STRONG><a name="[108]"></a>elapsed_ticks_acquire</STRONG> (Thumb, 82 bytes, Stack size 0 bytes, app_timer.o(i.elapsed_ticks_acquire))
<BR><BR>[Called By]<UL><LI><a href="#[6f]">&gt;&gt;</a>&nbsp;&nbsp;&nbsp;timer_list_handler
</UL>

<P><STRONG><a name="[109]"></a>expired_timers_handler</STRONG> (Thumb, 84 bytes, Stack size 20 bytes, app_timer.o(i.expired_timers_handler))
<BR><BR>[Stack]<UL><LI>Max Depth = 20<LI>Call Chain = expired_timers_handler
</UL>
<BR>[Called By]<UL><LI><a href="#[6f]">&gt;&gt;</a>&nbsp;&nbsp;&nbsp;timer_list_handler
</UL>

<P><STRONG><a name="[db]"></a>list_deletions_handler</STRONG> (Thumb, 116 bytes, Stack size 16 bytes, app_timer.o(i.list_deletions_handler))
<BR><BR>[Stack]<UL><LI>Max Depth = 28<LI>Call Chain = list_deletions_handler &rArr; timer_list_remove
</UL>
<BR>[Calls]<UL><LI><a href="#[dc]">&gt;&gt;</a>&nbsp;&nbsp;&nbsp;timer_list_remove
</UL>
<BR>[Called By]<UL><LI><a href="#[6f]">&gt;&gt;</a>&nbsp;&nbsp;&nbsp;timer_list_handler
</UL>

<P><STRONG><a name="[dd]"></a>list_insertions_handler</STRONG> (Thumb, 228 bytes, Stack size 24 bytes, app_timer.o(i.list_insertions_handler))
<BR><BR>[Stack]<UL><LI>Max Depth = 32<LI>Call Chain = list_insertions_handler &rArr; timer_list_insert
</UL>
<BR>[Calls]<UL><LI><a href="#[de]">&gt;&gt;</a>&nbsp;&nbsp;&nbsp;timer_list_insert
<LI><a href="#[c0]">&gt;&gt;</a>&nbsp;&nbsp;&nbsp;ticks_diff_get
</UL>
<BR>[Called By]<UL><LI><a href="#[6f]">&gt;&gt;</a>&nbsp;&nbsp;&nbsp;timer_list_handler
</UL>

<P><STRONG><a name="[c3]"></a>nrf_delay_us</STRONG> (Thumb, 146 bytes, Stack size 0 bytes, app_timer.o(i.nrf_delay_us))
<BR><BR>[Called By]<UL><LI><a href="#[98]">&gt;&gt;</a>&nbsp;&nbsp;&nbsp;rtc1_stop
<LI><a href="#[c1]">&gt;&gt;</a>&nbsp;&nbsp;&nbsp;rtc1_start
<LI><a href="#[bf]">&gt;&gt;</a>&nbsp;&nbsp;&nbsp;compare_reg_update
</UL>

<P><STRONG><a name="[c2]"></a>rtc1_compare0_set</STRONG> (Thumb, 6 bytes, Stack size 0 bytes, app_timer.o(i.rtc1_compare0_set))
<BR><BR>[Called By]<UL><LI><a href="#[bf]">&gt;&gt;</a>&nbsp;&nbsp;&nbsp;compare_reg_update
</UL>

<P><STRONG><a name="[9d]"></a>rtc1_counter_get</STRONG> (Thumb, 6 bytes, Stack size 0 bytes, app_timer.o(i.rtc1_counter_get))
<BR><BR>[Called By]<UL><LI><a href="#[97]">&gt;&gt;</a>&nbsp;&nbsp;&nbsp;app_timer_init
<LI><a href="#[69]">&gt;&gt;</a>&nbsp;&nbsp;&nbsp;timer_timeouts_check
<LI><a href="#[9f]">&gt;&gt;</a>&nbsp;&nbsp;&nbsp;timer_start_op_schedule
<LI><a href="#[bf]">&gt;&gt;</a>&nbsp;&nbsp;&nbsp;compare_reg_update
</UL>

<P><STRONG><a name="[9c]"></a>rtc1_init</STRONG> (Thumb, 18 bytes, Stack size 8 bytes, app_timer.o(i.rtc1_init))
<BR><BR>[Stack]<UL><LI>Max Depth = 16<LI>Call Chain = rtc1_init &rArr; NVIC_SetPriority
</UL>
<BR>[Calls]<UL><LI><a href="#[9a]">&gt;&gt;</a>&nbsp;&nbsp;&nbsp;NVIC_SetPriority
</UL>
<BR>[Called By]<UL><LI><a href="#[97]">&gt;&gt;</a>&nbsp;&nbsp;&nbsp;app_timer_init
</UL>

<P><STRONG><a name="[c1]"></a>rtc1_start</STRONG> (Thumb, 48 bytes, Stack size 8 bytes, app_timer.o(i.rtc1_start))
<BR><BR>[Stack]<UL><LI>Max Depth = 8<LI>Call Chain = rtc1_start
</UL>
<BR>[Calls]<UL><LI><a href="#[c3]">&gt;&gt;</a>&nbsp;&nbsp;&nbsp;nrf_delay_us
<LI><a href="#[9b]">&gt;&gt;</a>&nbsp;&nbsp;&nbsp;NVIC_EnableIRQ
<LI><a href="#[99]">&gt;&gt;</a>&nbsp;&nbsp;&nbsp;NVIC_ClearPendingIRQ
</UL>
<BR>[Called By]<UL><LI><a href="#[bf]">&gt;&gt;</a>&nbsp;&nbsp;&nbsp;compare_reg_update
</UL>

<P><STRONG><a name="[98]"></a>rtc1_stop</STRONG> (Thumb, 68 bytes, Stack size 8 bytes, app_timer.o(i.rtc1_stop))
<BR><BR>[Stack]<UL><LI>Max Depth = 8<LI>Call Chain = rtc1_stop
</UL>
<BR>[Calls]<UL><LI><a href="#[c3]">&gt;&gt;</a>&nbsp;&nbsp;&nbsp;nrf_delay_us
</UL>
<BR>[Called By]<UL><LI><a href="#[97]">&gt;&gt;</a>&nbsp;&nbsp;&nbsp;app_timer_init
<LI><a href="#[bf]">&gt;&gt;</a>&nbsp;&nbsp;&nbsp;compare_reg_update
</UL>

<P><STRONG><a name="[c0]"></a>ticks_diff_get</STRONG> (Thumb, 10 bytes, Stack size 0 bytes, app_timer.o(i.ticks_diff_get))
<BR><BR>[Called By]<UL><LI><a href="#[69]">&gt;&gt;</a>&nbsp;&nbsp;&nbsp;timer_timeouts_check
<LI><a href="#[dd]">&gt;&gt;</a>&nbsp;&nbsp;&nbsp;list_insertions_handler
<LI><a href="#[bf]">&gt;&gt;</a>&nbsp;&nbsp;&nbsp;compare_reg_update
</UL>

<P><STRONG><a name="[107]"></a>timeout_handler_exec</STRONG> (Thumb, 50 bytes, Stack size 16 bytes, app_timer.o(i.timeout_handler_exec))
<BR><BR>[Stack]<UL><LI>Max Depth = 40<LI>Call Chain = timeout_handler_exec &rArr; app_error_handler_bare
</UL>
<BR>[Calls]<UL><LI><a href="#[70]">&gt;&gt;</a>&nbsp;&nbsp;&nbsp;app_error_handler_bare
</UL>
<BR>[Called By]<UL><LI><a href="#[69]">&gt;&gt;</a>&nbsp;&nbsp;&nbsp;timer_timeouts_check
</UL>

<P><STRONG><a name="[6f]"></a>timer_list_handler</STRONG> (Thumb, 72 bytes, Stack size 32 bytes, app_timer.o(i.timer_list_handler))
<BR><BR>[Stack]<UL><LI>Max Depth = 72<LI>Call Chain = timer_list_handler &rArr; compare_reg_update &rArr; timer_timeouts_check_sched
</UL>
<BR>[Calls]<UL><LI><a href="#[dd]">&gt;&gt;</a>&nbsp;&nbsp;&nbsp;list_insertions_handler
<LI><a href="#[db]">&gt;&gt;</a>&nbsp;&nbsp;&nbsp;list_deletions_handler
<LI><a href="#[109]">&gt;&gt;</a>&nbsp;&nbsp;&nbsp;expired_timers_handler
<LI><a href="#[108]">&gt;&gt;</a>&nbsp;&nbsp;&nbsp;elapsed_ticks_acquire
<LI><a href="#[bf]">&gt;&gt;</a>&nbsp;&nbsp;&nbsp;compare_reg_update
</UL>
<BR>[Called By]<UL><LI><a href="#[1e]">&gt;&gt;</a>&nbsp;&nbsp;&nbsp;SWI0_EGU0_IRQHandler
</UL>

<P><STRONG><a name="[10a]"></a>timer_list_handler_sched</STRONG> (Thumb, 10 bytes, Stack size 8 bytes, app_timer.o(i.timer_list_handler_sched))
<BR><BR>[Stack]<UL><LI>Max Depth = 8<LI>Call Chain = timer_list_handler_sched
</UL>
<BR>[Calls]<UL><LI><a href="#[10b]">&gt;&gt;</a>&nbsp;&nbsp;&nbsp;NVIC_SetPendingIRQ
</UL>
<BR>[Called By]<UL><LI><a href="#[69]">&gt;&gt;</a>&nbsp;&nbsp;&nbsp;timer_timeouts_check
<LI><a href="#[a1]">&gt;&gt;</a>&nbsp;&nbsp;&nbsp;timer_stop_op_schedule
<LI><a href="#[9f]">&gt;&gt;</a>&nbsp;&nbsp;&nbsp;timer_start_op_schedule
</UL>

<P><STRONG><a name="[de]"></a>timer_list_insert</STRONG> (Thumb, 98 bytes, Stack size 8 bytes, app_timer.o(i.timer_list_insert))
<BR><BR>[Stack]<UL><LI>Max Depth = 8<LI>Call Chain = timer_list_insert
</UL>
<BR>[Called By]<UL><LI><a href="#[dd]">&gt;&gt;</a>&nbsp;&nbsp;&nbsp;list_insertions_handler
</UL>

<P><STRONG><a name="[dc]"></a>timer_list_remove</STRONG> (Thumb, 90 bytes, Stack size 12 bytes, app_timer.o(i.timer_list_remove))
<BR><BR>[Stack]<UL><LI>Max Depth = 12<LI>Call Chain = timer_list_remove
</UL>
<BR>[Called By]<UL><LI><a href="#[db]">&gt;&gt;</a>&nbsp;&nbsp;&nbsp;list_deletions_handler
</UL>

<P><STRONG><a name="[9f]"></a>timer_start_op_schedule</STRONG> (Thumb, 94 bytes, Stack size 40 bytes, app_timer.o(i.timer_start_op_schedule))
<BR><BR>[Stack]<UL><LI>Max Depth = 64<LI>Call Chain = timer_start_op_schedule &rArr; app_util_critical_region_enter &rArr; sd_nvic_critical_region_enter
</UL>
<BR>[Calls]<UL><LI><a href="#[10d]">&gt;&gt;</a>&nbsp;&nbsp;&nbsp;user_op_enque
<LI><a href="#[10c]">&gt;&gt;</a>&nbsp;&nbsp;&nbsp;user_op_alloc
<LI><a href="#[10a]">&gt;&gt;</a>&nbsp;&nbsp;&nbsp;timer_list_handler_sched
<LI><a href="#[9d]">&gt;&gt;</a>&nbsp;&nbsp;&nbsp;rtc1_counter_get
<LI><a href="#[a4]">&gt;&gt;</a>&nbsp;&nbsp;&nbsp;app_util_critical_region_exit
<LI><a href="#[a2]">&gt;&gt;</a>&nbsp;&nbsp;&nbsp;app_util_critical_region_enter
</UL>
<BR>[Called By]<UL><LI><a href="#[9e]">&gt;&gt;</a>&nbsp;&nbsp;&nbsp;app_timer_start
</UL>

<P><STRONG><a name="[a1]"></a>timer_stop_op_schedule</STRONG> (Thumb, 66 bytes, Stack size 32 bytes, app_timer.o(i.timer_stop_op_schedule))
<BR><BR>[Stack]<UL><LI>Max Depth = 56<LI>Call Chain = timer_stop_op_schedule &rArr; app_util_critical_region_enter &rArr; sd_nvic_critical_region_enter
</UL>
<BR>[Calls]<UL><LI><a href="#[10d]">&gt;&gt;</a>&nbsp;&nbsp;&nbsp;user_op_enque
<LI><a href="#[10c]">&gt;&gt;</a>&nbsp;&nbsp;&nbsp;user_op_alloc
<LI><a href="#[10a]">&gt;&gt;</a>&nbsp;&nbsp;&nbsp;timer_list_handler_sched
<LI><a href="#[a4]">&gt;&gt;</a>&nbsp;&nbsp;&nbsp;app_util_critical_region_exit
<LI><a href="#[a2]">&gt;&gt;</a>&nbsp;&nbsp;&nbsp;app_util_critical_region_enter
</UL>
<BR>[Called By]<UL><LI><a href="#[a0]">&gt;&gt;</a>&nbsp;&nbsp;&nbsp;app_timer_stop
</UL>

<P><STRONG><a name="[69]"></a>timer_timeouts_check</STRONG> (Thumb, 130 bytes, Stack size 24 bytes, app_timer.o(i.timer_timeouts_check))
<BR><BR>[Stack]<UL><LI>Max Depth = 64<LI>Call Chain = timer_timeouts_check &rArr; timeout_handler_exec &rArr; app_error_handler_bare
</UL>
<BR>[Calls]<UL><LI><a href="#[10a]">&gt;&gt;</a>&nbsp;&nbsp;&nbsp;timer_list_handler_sched
<LI><a href="#[107]">&gt;&gt;</a>&nbsp;&nbsp;&nbsp;timeout_handler_exec
<LI><a href="#[c0]">&gt;&gt;</a>&nbsp;&nbsp;&nbsp;ticks_diff_get
<LI><a href="#[9d]">&gt;&gt;</a>&nbsp;&nbsp;&nbsp;rtc1_counter_get
</UL>
<BR>[Called By]<UL><LI><a href="#[1b]">&gt;&gt;</a>&nbsp;&nbsp;&nbsp;RTC1_IRQHandler
</UL>

<P><STRONG><a name="[c4]"></a>timer_timeouts_check_sched</STRONG> (Thumb, 10 bytes, Stack size 8 bytes, app_timer.o(i.timer_timeouts_check_sched))
<BR><BR>[Stack]<UL><LI>Max Depth = 8<LI>Call Chain = timer_timeouts_check_sched
</UL>
<BR>[Calls]<UL><LI><a href="#[10b]">&gt;&gt;</a>&nbsp;&nbsp;&nbsp;NVIC_SetPendingIRQ
</UL>
<BR>[Called By]<UL><LI><a href="#[bf]">&gt;&gt;</a>&nbsp;&nbsp;&nbsp;compare_reg_update
</UL>

<P><STRONG><a name="[10c]"></a>user_op_alloc</STRONG> (Thumb, 56 bytes, Stack size 8 bytes, app_timer.o(i.user_op_alloc))
<BR><BR>[Stack]<UL><LI>Max Depth = 8<LI>Call Chain = user_op_alloc
</UL>
<BR>[Called By]<UL><LI><a href="#[a1]">&gt;&gt;</a>&nbsp;&nbsp;&nbsp;timer_stop_op_schedule
<LI><a href="#[9f]">&gt;&gt;</a>&nbsp;&nbsp;&nbsp;timer_start_op_schedule
</UL>

<P><STRONG><a name="[10d]"></a>user_op_enque</STRONG> (Thumb, 6 bytes, Stack size 0 bytes, app_timer.o(i.user_op_enque))
<BR><BR>[Called By]<UL><LI><a href="#[a1]">&gt;&gt;</a>&nbsp;&nbsp;&nbsp;timer_stop_op_schedule
<LI><a href="#[9f]">&gt;&gt;</a>&nbsp;&nbsp;&nbsp;timer_start_op_schedule
</UL>

<P><STRONG><a name="[a5]"></a>__sd_nvic_irq_disable</STRONG> (Thumb, 12 bytes, Stack size 0 bytes, app_util_platform.o(i.__sd_nvic_irq_disable))
<BR><BR>[Called By]<UL><LI><a href="#[a4]">&gt;&gt;</a>&nbsp;&nbsp;&nbsp;app_util_critical_region_exit
<LI><a href="#[a3]">&gt;&gt;</a>&nbsp;&nbsp;&nbsp;sd_nvic_critical_region_enter
</UL>

<P><STRONG><a name="[a3]"></a>sd_nvic_critical_region_enter</STRONG> (Thumb, 90 bytes, Stack size 16 bytes, app_util_platform.o(i.sd_nvic_critical_region_enter))
<BR><BR>[Stack]<UL><LI>Max Depth = 16<LI>Call Chain = sd_nvic_critical_region_enter
</UL>
<BR>[Calls]<UL><LI><a href="#[a5]">&gt;&gt;</a>&nbsp;&nbsp;&nbsp;__sd_nvic_irq_disable
</UL>
<BR>[Called By]<UL><LI><a href="#[a2]">&gt;&gt;</a>&nbsp;&nbsp;&nbsp;app_util_critical_region_enter
</UL>

<P><STRONG><a name="[f4]"></a>channel_free</STRONG> (Thumb, 26 bytes, Stack size 0 bytes, nrf_drv_gpiote.o(i.channel_free))
<BR><BR>[Called By]<UL><LI><a href="#[93]">&gt;&gt;</a>&nbsp;&nbsp;&nbsp;nrf_drv_gpiote_init
</UL>

<P><STRONG><a name="[f1]"></a>channel_port_alloc</STRONG> (Thumb, 122 bytes, Stack size 36 bytes, nrf_drv_gpiote.o(i.channel_port_alloc))
<BR><BR>[Stack]<UL><LI>Max Depth = 36<LI>Call Chain = channel_port_alloc
</UL>
<BR>[Called By]<UL><LI><a href="#[94]">&gt;&gt;</a>&nbsp;&nbsp;&nbsp;nrf_drv_gpiote_in_init
</UL>

<P><STRONG><a name="[ea]"></a>channel_port_get</STRONG> (Thumb, 8 bytes, Stack size 0 bytes, nrf_drv_gpiote.o(i.channel_port_get))
<BR><BR>[Called By]<UL><LI><a href="#[90]">&gt;&gt;</a>&nbsp;&nbsp;&nbsp;nrf_drv_gpiote_in_event_enable
</UL>

<P><STRONG><a name="[f2]"></a>nrf_gpio_cfg</STRONG> (Thumb, 40 bytes, Stack size 20 bytes, nrf_drv_gpiote.o(i.nrf_gpio_cfg))
<BR><BR>[Stack]<UL><LI>Max Depth = 20<LI>Call Chain = nrf_gpio_cfg
</UL>
<BR>[Called By]<UL><LI><a href="#[94]">&gt;&gt;</a>&nbsp;&nbsp;&nbsp;nrf_drv_gpiote_in_init
</UL>

<P><STRONG><a name="[ec]"></a>nrf_gpio_cfg_sense_set</STRONG> (Thumb, 50 bytes, Stack size 8 bytes, nrf_drv_gpiote.o(i.nrf_gpio_cfg_sense_set))
<BR><BR>[Stack]<UL><LI>Max Depth = 8<LI>Call Chain = nrf_gpio_cfg_sense_set
</UL>
<BR>[Called By]<UL><LI><a href="#[90]">&gt;&gt;</a>&nbsp;&nbsp;&nbsp;nrf_drv_gpiote_in_event_enable
</UL>

<P><STRONG><a name="[eb]"></a>nrf_gpio_pin_read</STRONG> (Thumb, 24 bytes, Stack size 0 bytes, nrf_drv_gpiote.o(i.nrf_gpio_pin_read))
<BR><BR>[Called By]<UL><LI><a href="#[c7]">&gt;&gt;</a>&nbsp;&nbsp;&nbsp;nrf_drv_gpiote_in_is_set
<LI><a href="#[90]">&gt;&gt;</a>&nbsp;&nbsp;&nbsp;nrf_drv_gpiote_in_event_enable
</UL>

<P><STRONG><a name="[f5]"></a>nrf_gpiote_event_addr_get</STRONG> (Thumb, 8 bytes, Stack size 0 bytes, nrf_drv_gpiote.o(i.nrf_gpiote_event_addr_get))
<BR><BR>[Called By]<UL><LI><a href="#[ee]">&gt;&gt;</a>&nbsp;&nbsp;&nbsp;nrf_gpiote_event_clear
</UL>

<P><STRONG><a name="[ee]"></a>nrf_gpiote_event_clear</STRONG> (Thumb, 28 bytes, Stack size 16 bytes, nrf_drv_gpiote.o(i.nrf_gpiote_event_clear))
<BR><BR>[Stack]<UL><LI>Max Depth = 16<LI>Call Chain = nrf_gpiote_event_clear
</UL>
<BR>[Calls]<UL><LI><a href="#[f5]">&gt;&gt;</a>&nbsp;&nbsp;&nbsp;nrf_gpiote_event_addr_get
</UL>
<BR>[Called By]<UL><LI><a href="#[93]">&gt;&gt;</a>&nbsp;&nbsp;&nbsp;nrf_drv_gpiote_init
<LI><a href="#[90]">&gt;&gt;</a>&nbsp;&nbsp;&nbsp;nrf_drv_gpiote_in_event_enable
</UL>

<P><STRONG><a name="[ef]"></a>nrf_gpiote_int_enable</STRONG> (Thumb, 6 bytes, Stack size 0 bytes, nrf_drv_gpiote.o(i.nrf_gpiote_int_enable))
<BR><BR>[Called By]<UL><LI><a href="#[93]">&gt;&gt;</a>&nbsp;&nbsp;&nbsp;nrf_drv_gpiote_init
<LI><a href="#[90]">&gt;&gt;</a>&nbsp;&nbsp;&nbsp;nrf_drv_gpiote_in_event_enable
</UL>

<P><STRONG><a name="[f0]"></a>pin_in_use_by_gpiote</STRONG> (Thumb, 22 bytes, Stack size 0 bytes, nrf_drv_gpiote.o(i.pin_in_use_by_gpiote))
<BR><BR>[Called By]<UL><LI><a href="#[94]">&gt;&gt;</a>&nbsp;&nbsp;&nbsp;nrf_drv_gpiote_in_init
</UL>

<P><STRONG><a name="[e9]"></a>pin_in_use_by_port</STRONG> (Thumb, 18 bytes, Stack size 0 bytes, nrf_drv_gpiote.o(i.pin_in_use_by_port))
<BR><BR>[Called By]<UL><LI><a href="#[90]">&gt;&gt;</a>&nbsp;&nbsp;&nbsp;nrf_drv_gpiote_in_event_enable
</UL>

<P><STRONG><a name="[ed]"></a>pin_in_use_by_te</STRONG> (Thumb, 26 bytes, Stack size 0 bytes, nrf_drv_gpiote.o(i.pin_in_use_by_te))
<BR><BR>[Called By]<UL><LI><a href="#[90]">&gt;&gt;</a>&nbsp;&nbsp;&nbsp;nrf_drv_gpiote_in_event_enable
</UL>

<P><STRONG><a name="[f3]"></a>pin_in_use_clear</STRONG> (Thumb, 8 bytes, Stack size 0 bytes, nrf_drv_gpiote.o(i.pin_in_use_clear))
<BR><BR>[Called By]<UL><LI><a href="#[93]">&gt;&gt;</a>&nbsp;&nbsp;&nbsp;nrf_drv_gpiote_init
</UL>

<P><STRONG><a name="[106]"></a>NVIC_DisableIRQ</STRONG> (Thumb, 18 bytes, Stack size 0 bytes, softdevice_handler.o(i.NVIC_DisableIRQ))
<BR><BR>[Called By]<UL><LI><a href="#[ac]">&gt;&gt;</a>&nbsp;&nbsp;&nbsp;softdevice_handler_init
</UL>

<P><STRONG><a name="[100]"></a>NVIC_EnableIRQ</STRONG> (Thumb, 22 bytes, Stack size 0 bytes, softdevice_handler.o(i.NVIC_EnableIRQ))
<BR><BR>[Called By]<UL><LI><a href="#[ac]">&gt;&gt;</a>&nbsp;&nbsp;&nbsp;softdevice_handler_init
<LI><a href="#[fe]">&gt;&gt;</a>&nbsp;&nbsp;&nbsp;sd_nvic_EnableIRQ
</UL>

<P><STRONG><a name="[ff]"></a>__sd_nvic_app_accessible_irq</STRONG> (Thumb, 52 bytes, Stack size 0 bytes, softdevice_handler.o(i.__sd_nvic_app_accessible_irq))
<BR><BR>[Called By]<UL><LI><a href="#[fe]">&gt;&gt;</a>&nbsp;&nbsp;&nbsp;sd_nvic_EnableIRQ
</UL>

<P><STRONG><a name="[fe]"></a>sd_nvic_EnableIRQ</STRONG> (Thumb, 126 bytes, Stack size 8 bytes, softdevice_handler.o(i.sd_nvic_EnableIRQ))
<BR><BR>[Stack]<UL><LI>Max Depth = 8<LI>Call Chain = sd_nvic_EnableIRQ
</UL>
<BR>[Calls]<UL><LI><a href="#[ff]">&gt;&gt;</a>&nbsp;&nbsp;&nbsp;__sd_nvic_app_accessible_irq
<LI><a href="#[100]">&gt;&gt;</a>&nbsp;&nbsp;&nbsp;NVIC_EnableIRQ
</UL>
<BR>[Called By]<UL><LI><a href="#[ac]">&gt;&gt;</a>&nbsp;&nbsp;&nbsp;softdevice_handler_init
</UL>

<P><STRONG><a name="[57]"></a>nrf_gpio_pin_clear</STRONG> (Thumb, 22 bytes, Stack size 0 bytes, w5100.o(i.nrf_gpio_pin_clear))
<BR><BR>[Called By]<UL><LI><a href="#[10f]">&gt;&gt;</a>&nbsp;&nbsp;&nbsp;wiz_write_buf
<LI><a href="#[fb]">&gt;&gt;</a>&nbsp;&nbsp;&nbsp;wiz_read_buf
<LI><a href="#[5a]">&gt;&gt;</a>&nbsp;&nbsp;&nbsp;IINCHIP_WRITE
<LI><a href="#[56]">&gt;&gt;</a>&nbsp;&nbsp;&nbsp;IINCHIP_READ
</UL>

<P><STRONG><a name="[59]"></a>nrf_gpio_pin_set</STRONG> (Thumb, 22 bytes, Stack size 0 bytes, w5100.o(i.nrf_gpio_pin_set))
<BR><BR>[Called By]<UL><LI><a href="#[10f]">&gt;&gt;</a>&nbsp;&nbsp;&nbsp;wiz_write_buf
<LI><a href="#[fb]">&gt;&gt;</a>&nbsp;&nbsp;&nbsp;wiz_read_buf
<LI><a href="#[5a]">&gt;&gt;</a>&nbsp;&nbsp;&nbsp;IINCHIP_WRITE
<LI><a href="#[56]">&gt;&gt;</a>&nbsp;&nbsp;&nbsp;IINCHIP_READ
</UL>

<P><STRONG><a name="[6e]"></a>nrf_delay_ms</STRONG> (Thumb, 18 bytes, Stack size 8 bytes, nrf5x_spi.o(i.nrf_delay_ms))
<BR><BR>[Stack]<UL><LI>Max Depth = 8<LI>Call Chain = nrf_delay_ms
</UL>
<BR>[Calls]<UL><LI><a href="#[e4]">&gt;&gt;</a>&nbsp;&nbsp;&nbsp;nrf_delay_us
</UL>
<BR>[Called By]<UL><LI><a href="#[6a]">&gt;&gt;</a>&nbsp;&nbsp;&nbsp;SPI_Init
</UL>

<P><STRONG><a name="[e4]"></a>nrf_delay_us</STRONG> (Thumb, 146 bytes, Stack size 0 bytes, nrf5x_spi.o(i.nrf_delay_us))
<BR><BR>[Called By]<UL><LI><a href="#[6e]">&gt;&gt;</a>&nbsp;&nbsp;&nbsp;nrf_delay_ms
</UL>

<P><STRONG><a name="[6b]"></a>nrf_gpio_cfg</STRONG> (Thumb, 40 bytes, Stack size 20 bytes, nrf5x_spi.o(i.nrf_gpio_cfg))
<BR><BR>[Stack]<UL><LI>Max Depth = 20<LI>Call Chain = nrf_gpio_cfg
</UL>
<BR>[Called By]<UL><LI><a href="#[6a]">&gt;&gt;</a>&nbsp;&nbsp;&nbsp;SPI_Init
<LI><a href="#[6c]">&gt;&gt;</a>&nbsp;&nbsp;&nbsp;nrf_gpio_cfg_output
</UL>

<P><STRONG><a name="[6c]"></a>nrf_gpio_cfg_output</STRONG> (Thumb, 24 bytes, Stack size 16 bytes, nrf5x_spi.o(i.nrf_gpio_cfg_output))
<BR><BR>[Stack]<UL><LI>Max Depth = 36<LI>Call Chain = nrf_gpio_cfg_output &rArr; nrf_gpio_cfg
</UL>
<BR>[Calls]<UL><LI><a href="#[6b]">&gt;&gt;</a>&nbsp;&nbsp;&nbsp;nrf_gpio_cfg
</UL>
<BR>[Called By]<UL><LI><a href="#[6a]">&gt;&gt;</a>&nbsp;&nbsp;&nbsp;SPI_Init
</UL>

<P><STRONG><a name="[6d]"></a>nrf_gpio_pin_set</STRONG> (Thumb, 22 bytes, Stack size 0 bytes, nrf5x_spi.o(i.nrf_gpio_pin_set))
<BR><BR>[Called By]<UL><LI><a href="#[6a]">&gt;&gt;</a>&nbsp;&nbsp;&nbsp;SPI_Init
</UL>

<P><STRONG><a name="[7d]"></a>_printf_core</STRONG> (Thumb, 996 bytes, Stack size 104 bytes, printf8.o(i._printf_core), UNUSED)
<BR><BR>[Calls]<UL><LI><a href="#[43]">&gt;&gt;</a>&nbsp;&nbsp;&nbsp;__aeabi_uldivmod
<LI><a href="#[7e]">&gt;&gt;</a>&nbsp;&nbsp;&nbsp;_printf_pre_padding
<LI><a href="#[7f]">&gt;&gt;</a>&nbsp;&nbsp;&nbsp;_printf_post_padding
</UL>
<BR>[Called By]<UL><LI><a href="#[7c]">&gt;&gt;</a>&nbsp;&nbsp;&nbsp;__0sprintf$8
</UL>

<P><STRONG><a name="[7f]"></a>_printf_post_padding</STRONG> (Thumb, 36 bytes, Stack size 24 bytes, printf8.o(i._printf_post_padding), UNUSED)
<BR><BR>[Called By]<UL><LI><a href="#[7d]">&gt;&gt;</a>&nbsp;&nbsp;&nbsp;_printf_core
</UL>

<P><STRONG><a name="[7e]"></a>_printf_pre_padding</STRONG> (Thumb, 46 bytes, Stack size 24 bytes, printf8.o(i._printf_pre_padding), UNUSED)
<BR><BR>[Called By]<UL><LI><a href="#[7d]">&gt;&gt;</a>&nbsp;&nbsp;&nbsp;_printf_core
</UL>

<P><STRONG><a name="[32]"></a>_sputc</STRONG> (Thumb, 10 bytes, Stack size 0 bytes, printf8.o(i._sputc))
<BR><BR>[Called By]<UL><LI><a href="#[7c]">&gt;&gt;</a>&nbsp;&nbsp;&nbsp;__0sprintf$8
</UL>
<BR>[Address Reference Count : 1]<UL><LI> printf8.o(i.__0sprintf$8)
</UL><P>
<H3>
Undefined Global Symbols
</H3><HR></body></html>
