<html>
<body>
<pre>
<h1>µVision Build Log</h1>
<h2>Tool Versions:</h2>
IDE-Version: µVision V5.20.0.0
Copyright (C) 2016 ARM Ltd and ARM Germany GmbH. All rights reserved.
License Information: Roman Roman, oil, LIC=UB401-CF6K6-9XRUW-Q0NRX-X5RI1-JLTPF
 
Tool Versions:
Toolchain:       MDK-ARM Professional  Version: 5.20
Toolchain Path:  F:\Program Files\Keil_v5\ARM\ARMCC\Bin
C Compiler:      Armcc.exe V5.06 update 2 (build 183)
Assembler:       Armasm.exe V5.06 update 2 (build 183)
Linker/Locator:  ArmLink.exe V5.06 update 2 (build 183)
Library Manager: ArmAr.exe V5.06 update 2 (build 183)
Hex Converter:   FromElf.exe V5.06 update 2 (build 183)
CPU DLL:         
Dialog DLL:      
Target DLL:      Segger\JL2CM3.dll V2.99.20.0
Dialog DLL:      TCM.DLL V1.14.9.0
 
<h2>Project:</h2>
G:\MCU\NRF5xx\nRF5_GEN\nRF5_SDK_12.3.0_d7731ad\examples\proprietary_rf\gateway_1\pca10040\blank\arm4\esb_prx_pca10040.uvproj
Project File Date:  10/30/2017

<h2>Output:</h2>
*** Using Compiler 'V5.06 update 2 (build 183)', folder: 'F:\Program Files\Keil_v5\ARM\ARMCC\Bin'
Build target 'nrf52832_GATE'
compiling radio.c...
compiling main.c...
linking...
Program Size: Code=9844 RO-data=1080 RW-data=88 ZI-data=9280  
FromELF: creating hex file...
".\_build\nrf52832_xxaa.axf" - 0 Error(s), 0 Warning(s).
Build Time Elapsed:  00:00:03
</pre>
</body>
</html>
