<html>
<body>
<pre>
<h1>µVision Build Log</h1>
<h2>Tool Versions:</h2>
IDE-Version: µVision V5.20.0.0
Copyright (C) 2016 ARM Ltd and ARM Germany GmbH. All rights reserved.
License Information: Roman Roman, oil, LIC=UB401-CF6K6-9XRUW-Q0NRX-X5RI1-JLTPF
 
Tool Versions:
Toolchain:       MDK-ARM Professional  Version: 5.20
Toolchain Path:  F:\Program Files\Keil_v5\ARM\ARMCC\Bin
C Compiler:      Armcc.exe V5.06 update 2 (build 183)
Assembler:       Armasm.exe V5.06 update 2 (build 183)
Linker/Locator:  ArmLink.exe V5.06 update 2 (build 183)
Library Manager: ArmAr.exe V5.06 update 2 (build 183)
Hex Converter:   FromElf.exe V5.06 update 2 (build 183)
CPU DLL:         
Dialog DLL:      
Target DLL:      Segger\JL2CM3.dll V2.99.20.0
Dialog DLL:      TCM.DLL V1.14.9.0
 
<h2>Project:</h2>
I:\MCU\NRF5xx\nRF5_GEN\nRF5_SDK_12.3.0_d7731ad\examples\proprietary_rf\gerkon_1\pca10040\blank\arm4\esb_prx_pca10040.uvproj
Project File Date:  03/14/2018

<h2>Output:</h2>
*** Using Compiler 'V5.06 update 2 (build 183)', folder: 'F:\Program Files\Keil_v5\ARM\ARMCC\Bin'
Build target 'nrf52832_GERKON'
assembling arm_startup_nrf52.s...
compiling boards.c...
compiling main.c...
compiling system_nrf52.c...
compiling app_error.c...
compiling nrf_drv_common.c...
compiling nrf_assert.c...
compiling app_error_weak.c...
compiling sdk_errors.c...
compiling app_util_platform.c...
compiling nrf_log_frontend.c...
compiling nrf_log_backend_serial.c...
compiling RTT_Syscalls_KEIL.c...
compiling SEGGER_RTT_printf.c...
compiling nrf_esb.c...
compiling SEGGER_RTT.c...
compiling Serial.c...
compiling radio.c...
compiling nrf52_adc.c...
compiling FLASH.c...
linking...
Program Size: Code=9432 RO-data=1080 RW-data=104 ZI-data=9280  
FromELF: creating hex file...
".\_build\nrf52832_xxaa.axf" - 0 Error(s), 0 Warning(s).
Build Time Elapsed:  00:00:12
</pre>
</body>
</html>
