Component: ARM Compiler 5.06 update 2 (build 183) Tool: armlink [4d35b7]

==============================================================================

Section Cross References

    main.o(i.GPIOTE_IRQHandler) refers to main.o(i.clocks_set) for clocks_set
    main.o(i.GPIOTE_IRQHandler) refers to main.o(i.NVIC_DisableIRQ) for NVIC_DisableIRQ
    main.o(i.GPIOTE_IRQHandler) refers to main.o(i.nrf_gpio_cfg_sense_input) for nrf_gpio_cfg_sense_input
    main.o(i.GPIOTE_IRQHandler) refers to main.o(.data) for lpm_flag
    main.o(i.GPIOTE_IRQHandler) refers to radio.o(.data) for device_bond_enable
    main.o(i.TIMER0_IRQHandler) refers to radio.o(i.radio_listen) for radio_listen
    main.o(i.TIMER0_IRQHandler) refers to radio.o(i.radio_config) for radio_config
    main.o(i.TIMER0_IRQHandler) refers to radio.o(i.radio_set_channel) for radio_set_channel
    main.o(i.TIMER0_IRQHandler) refers to radio.o(i.radio_send_payload) for radio_send_payload
    main.o(i.TIMER0_IRQHandler) refers to main.o(.data) for device_lost_packets
    main.o(i.TIMER0_IRQHandler) refers to radio.o(.data) for radio_channel_1
    main.o(i.TIMER0_IRQHandler) refers to radio.o(.bss) for device_load
    main.o(i.Timer_Init) refers to main.o(i.NVIC_DisableIRQ) for NVIC_DisableIRQ
    main.o(i.Timer_Init) refers to main.o(i.NVIC_EnableIRQ) for NVIC_EnableIRQ
    main.o(i.gpio_init) refers to main.o(i.NVIC_DisableIRQ) for NVIC_DisableIRQ
    main.o(i.gpio_init) refers to main.o(i.nrf_gpio_cfg) for nrf_gpio_cfg
    main.o(i.gpio_init) refers to main.o(i.nrf_gpio_cfg_sense_input) for nrf_gpio_cfg_sense_input
    main.o(i.main) refers to main.o(i.clocks_set) for clocks_set
    main.o(i.main) refers to flash.o(i.flash_read) for flash_read
    main.o(i.main) refers to main.o(i.gpio_init) for gpio_init
    main.o(i.main) refers to main.o(i.nrf_gpio_pin_set) for nrf_gpio_pin_set
    main.o(i.main) refers to main.o(i.nrf_delay_ms) for nrf_delay_ms
    main.o(i.main) refers to main.o(i.nrf_gpio_pin_clear) for nrf_gpio_pin_clear
    main.o(i.main) refers to nrf52_adc.o(i.SAADC_Config) for SAADC_Config
    main.o(i.main) refers to nrf52_adc.o(i.SAADC_StartMeasure) for SAADC_StartMeasure
    main.o(i.main) refers to nrf52_adc.o(i.SAADC_Disable) for SAADC_Disable
    main.o(i.main) refers to main.o(i.Timer_Init) for Timer_Init
    main.o(i.main) refers to radio.o(i.radio_config) for radio_config
    main.o(i.main) refers to radio.o(i.radio_set_channel) for radio_set_channel
    main.o(i.main) refers to radio.o(i.radio_send_bond) for radio_send_bond
    main.o(i.main) refers to nrf_esb.o(i.nrf_esb_flush_tx) for nrf_esb_flush_tx
    main.o(i.main) refers to main.o(i.get_rng_val) for get_rng_val
    main.o(i.main) refers to radio.o(i.radio_listen) for radio_listen
    main.o(i.main) refers to flash.o(i.flash_page_erase) for flash_page_erase
    main.o(i.main) refers to flash.o(i.flash_write) for flash_write
    main.o(i.main) refers to radio.o(i.radio_send_payload) for radio_send_payload
    main.o(i.main) refers to main.o(.data) for saved_gateway_id
    main.o(i.main) refers to nrf52_adc.o(.data) for SAADC_DATAREADY_FLAG
    main.o(i.main) refers to radio.o(.data) for radio_channel_1
    main.o(i.main) refers to radio.o(.bss) for device_load
    main.o(i.main) refers to nrf_esb.o(i.nrf_esb_disable) for nrf_esb_disable
    main.o(i.main) refers to nrf_esb.o(i.nrf_esb_is_idle) for nrf_esb_is_idle
    main.o(i.main) refers to main.o(i.NVIC_EnableIRQ) for NVIC_EnableIRQ
    main.o(i.nrf_delay_ms) refers to main.o(i.nrf_delay_us) for nrf_delay_us
    main.o(i.nrf_delay_us) refers to system_nrf52.o(.data) for SystemCoreClock
    main.o(i.nrf_gpio_cfg_sense_input) refers to main.o(i.nrf_gpio_cfg) for nrf_gpio_cfg
    boards.o(i.bsp_board_button_idx_to_pin) refers to boards.o(.constdata) for m_board_btn_list
    boards.o(i.bsp_board_button_state_get) refers to boards.o(.constdata) for m_board_btn_list
    boards.o(i.bsp_board_buttons_init) refers to boards.o(i.nrf_gpio_cfg) for nrf_gpio_cfg
    boards.o(i.bsp_board_buttons_init) refers to boards.o(.constdata) for m_board_btn_list
    boards.o(i.bsp_board_led_idx_to_pin) refers to boards.o(.constdata) for m_board_led_list
    boards.o(i.bsp_board_led_invert) refers to boards.o(.constdata) for m_board_led_list
    boards.o(i.bsp_board_led_off) refers to boards.o(i.nrf_gpio_pin_write) for nrf_gpio_pin_write
    boards.o(i.bsp_board_led_off) refers to boards.o(.constdata) for m_board_led_list
    boards.o(i.bsp_board_led_on) refers to boards.o(i.nrf_gpio_pin_write) for nrf_gpio_pin_write
    boards.o(i.bsp_board_led_on) refers to boards.o(.constdata) for m_board_led_list
    boards.o(i.bsp_board_led_state_get) refers to boards.o(.constdata) for m_board_led_list
    boards.o(i.bsp_board_leds_init) refers to boards.o(i.nrf_gpio_cfg) for nrf_gpio_cfg
    boards.o(i.bsp_board_leds_init) refers to boards.o(i.bsp_board_leds_off) for bsp_board_leds_off
[...]
    segger_rtt.o(i.SEGGER_RTT_Write) refers to segger_rtt.o(.bss) for _SEGGER_RTT
    segger_rtt.o(i.SEGGER_RTT_WriteNoLock) refers to segger_rtt.o(i._GetAvailWriteSpace) for _GetAvailWriteSpace
    segger_rtt.o(i.SEGGER_RTT_WriteNoLock) refers to segger_rtt.o(i._WriteNoCheck) for _WriteNoCheck
    segger_rtt.o(i.SEGGER_RTT_WriteNoLock) refers to segger_rtt.o(i._WriteBlocking) for _WriteBlocking
    segger_rtt.o(i.SEGGER_RTT_WriteNoLock) refers to segger_rtt.o(.bss) for _SEGGER_RTT
    segger_rtt.o(i.SEGGER_RTT_WriteSkipNoLock) refers to memcpya.o(.text) for __aeabi_memcpy
    segger_rtt.o(i.SEGGER_RTT_WriteSkipNoLock) refers to segger_rtt.o(.bss) for _SEGGER_RTT
    segger_rtt.o(i.SEGGER_RTT_WriteString) refers to strlen.o(.text) for strlen
    segger_rtt.o(i.SEGGER_RTT_WriteString) refers to segger_rtt.o(i.SEGGER_RTT_Write) for SEGGER_RTT_Write
    segger_rtt.o(i._DoInit) refers to strcpy.o(.text) for strcpy
    segger_rtt.o(i._DoInit) refers to segger_rtt.o(.bss) for _SEGGER_RTT
    segger_rtt.o(i._PostTerminalSwitch) refers to segger_rtt.o(i._WriteBlocking) for _WriteBlocking
    segger_rtt.o(i._PostTerminalSwitch) refers to segger_rtt.o(.data) for _aTerminalId
    segger_rtt.o(i._WriteBlocking) refers to memcpya.o(.text) for __aeabi_memcpy
    segger_rtt.o(i._WriteNoCheck) refers to memcpya.o(.text) for __aeabi_memcpy
    serial.o(i.CheckCmd) refers to strstr.o(.text) for strstr
    serial.o(i.CheckCmd) refers to serial.o(.data) for rx_data_rdy
    serial.o(i.CheckCmd) refers to serial.o(.bss) for databuf
    serial.o(i.FlushRx) refers to memseta.o(.text) for __aeabi_memclr
    serial.o(i.FlushRx) refers to serial.o(.bss) for databuf
    serial.o(i.FlushRx) refers to serial.o(.data) for rx_data_rdy
    serial.o(i.Serial_Print) refers to serial.o(i.Serial_Send) for Serial_Send
    serial.o(i.Serial_Send_Buff) refers to serial.o(i.Serial_Send) for Serial_Send
    serial.o(i.UARTE0_UART0_IRQHandler) refers to serial.o(.data) for c
    serial.o(i.UARTE0_UART0_IRQHandler) refers to serial.o(.bss) for databuf
    serial.o(i.getstring) refers to memcpya.o(.text) for __aeabi_memcpy
    serial.o(i.getstring) refers to memseta.o(.text) for __aeabi_memclr
    serial.o(i.getstring) refers to serial.o(.data) for rx_data_rdy
    serial.o(i.getstring) refers to serial.o(.bss) for databuf
    radio.o(i.GatewayParseCmd) refers to printf8.o(i.__0sprintf$8) for __2sprintf
    radio.o(i.GatewayParseCmd) refers to serial.o(i.Serial_Print) for Serial_Print
    radio.o(i.GatewayParseCmd) refers to memseta.o(.text) for __aeabi_memclr4
    radio.o(i.GatewayParseCmd) refers to radio.o(.bss) for rx_payload
    radio.o(i.nrf_delay_us) refers to system_nrf52.o(.data) for SystemCoreClock
    radio.o(i.nrf_esb_event_handler) refers to nrf_esb.o(i.nrf_esb_read_rx_payload) for nrf_esb_read_rx_payload
    radio.o(i.nrf_esb_event_handler) refers to radio.o(.data) for tx_done_flag
    radio.o(i.nrf_esb_event_handler) refers to radio.o(.bss) for rx_payload
    radio.o(i.radio_change_rx_channel) refers to radio.o(i.radio_listen) for radio_listen
    radio.o(i.radio_change_rx_channel) refers to radio.o(i.radio_set_channel) for radio_set_channel
    radio.o(i.radio_config) refers to nrf_esb.o(i.nrf_esb_is_idle) for nrf_esb_is_idle
    radio.o(i.radio_config) refers to nrf_esb.o(i.nrf_esb_disable) for nrf_esb_disable
    radio.o(i.radio_config) refers to memcpya.o(.text) for __aeabi_memcpy4
    radio.o(i.radio_config) refers to nrf_esb.o(i.nrf_esb_init) for nrf_esb_init
    radio.o(i.radio_config) refers to nrf_esb.o(i.nrf_esb_set_base_address_0) for nrf_esb_set_base_address_0
    radio.o(i.radio_config) refers to nrf_esb.o(i.nrf_esb_set_base_address_1) for nrf_esb_set_base_address_1
    radio.o(i.radio_config) refers to nrf_esb.o(i.nrf_esb_set_prefixes) for nrf_esb_set_prefixes
    radio.o(i.radio_config) refers to radio.o(i.nrf_delay_us) for nrf_delay_us
    radio.o(i.radio_config) refers to radio.o(.constdata) for .constdata
    radio.o(i.radio_config) refers to radio.o(i.nrf_esb_event_handler) for nrf_esb_event_handler
    radio.o(i.radio_listen) refers to nrf_esb.o(i.nrf_esb_start_rx) for nrf_esb_start_rx
    radio.o(i.radio_listen) refers to nrf_esb.o(i.nrf_esb_stop_rx) for nrf_esb_stop_rx
    radio.o(i.radio_print_payload) refers to memseta.o(.text) for __aeabi_memclr4
    radio.o(i.radio_print_payload) refers to printf8.o(i.__0sprintf$8) for __2sprintf
    radio.o(i.radio_print_payload) refers to serial.o(i.Serial_Print) for Serial_Print
    radio.o(i.radio_print_payload) refers to radio.o(.bss) for rx_payload
    radio.o(i.radio_print_payload) refers to radio.o(.conststring) for .conststring
    radio.o(i.radio_reset) refers to nrf_esb.o(i.nrf_esb_disable) for nrf_esb_disable
    radio.o(i.radio_reset) refers to nrf_esb.o(i.nrf_esb_is_idle) for nrf_esb_is_idle
    radio.o(i.radio_send_bond) refers to nrf_esb.o(i.nrf_esb_write_payload) for nrf_esb_write_payload
    radio.o(i.radio_send_bond) refers to radio.o(.bss) for tx_payload
    radio.o(i.radio_send_payload) refers to memcpya.o(.text) for __aeabi_memcpy
    radio.o(i.radio_send_payload) refers to nrf_esb.o(i.nrf_esb_write_payload) for nrf_esb_write_payload
    radio.o(i.radio_send_payload) refers to radio.o(.bss) for tx_payload
    radio.o(i.radio_set_channel) refers to nrf_esb.o(i.nrf_esb_set_rf_channel) for nrf_esb_set_rf_channel
    nrf52_adc.o(i.SAADC_Config) refers to nrf52_adc.o(i.NVIC_DisableIRQ) for NVIC_DisableIRQ
    nrf52_adc.o(i.SAADC_Disable) refers to nrf52_adc.o(i.NVIC_DisableIRQ) for NVIC_DisableIRQ
    nrf52_adc.o(i.SAADC_IRQHandler) refers to nrf52_adc.o(.data) for SamplesList
    nrf52_adc.o(i.SAADC_IRQHandler) refers to main.o(.data) for VBAT
    nrf52_adc.o(i.SAADC_StartMeasure) refers to nrf52_adc.o(.data) for SAADC_FLAG
    entry.o(.ARM.Collect$$$$00000000) refers (Special) to entry10a.o(.ARM.Collect$$$$0000000D) for __rt_final_cpp
    entry.o(.ARM.Collect$$$$00000000) refers (Special) to entry11a.o(.ARM.Collect$$$$0000000F) for __rt_final_exit
    entry.o(.ARM.Collect$$$$00000000) refers (Special) to entry7b.o(.ARM.Collect$$$$00000008) for _main_clock
    entry.o(.ARM.Collect$$$$00000000) refers (Special) to entry8b.o(.ARM.Collect$$$$0000000A) for _main_cpp_init
    entry.o(.ARM.Collect$$$$00000000) refers (Special) to entry9a.o(.ARM.Collect$$$$0000000B) for _main_init
    entry.o(.ARM.Collect$$$$00000000) refers (Special) to entry5.o(.ARM.Collect$$$$00000004) for _main_scatterload
    entry.o(.ARM.Collect$$$$00000000) refers (Special) to entry2.o(.ARM.Collect$$$$00000001) for _main_stk
    printfb.o(i.__0fprintf$bare) refers to printfb.o(i._printf_core) for _printf_core
    printfb.o(i.__0fprintf$bare) refers to fputc.o(i.fputc) for fputc
    printfb.o(i.__0printf$bare) refers to printfb.o(i._printf_core) for _printf_core
    printfb.o(i.__0printf$bare) refers to fputc.o(i.fputc) for fputc
    printfb.o(i.__0printf$bare) refers to stdout.o(.data) for __stdout
    printfb.o(i.__0snprintf$bare) refers to printfb.o(i._printf_core) for _printf_core
    printfb.o(i.__0snprintf$bare) refers to printfb.o(i._snputc) for _snputc
    printfb.o(i.__0sprintf$bare) refers to printfb.o(i._printf_core) for _printf_core
    printfb.o(i.__0sprintf$bare) refers to printfb.o(i._sputc) for _sputc
    printfb.o(i.__0vfprintf$bare) refers to printfb.o(i._printf_core) for _printf_core
    printfb.o(i.__0vfprintf$bare) refers to fputc.o(i.fputc) for fputc
    printfb.o(i.__0vprintf$bare) refers to printfb.o(i._printf_core) for _printf_core
    printfb.o(i.__0vprintf$bare) refers to fputc.o(i.fputc) for fputc
    printfb.o(i.__0vprintf$bare) refers to stdout.o(.data) for __stdout
    printfb.o(i.__0vsnprintf$bare) refers to printfb.o(i._printf_core) for _printf_core
    printfb.o(i.__0vsnprintf$bare) refers to printfb.o(i._snputc) for _snputc
    printfb.o(i.__0vsprintf$bare) refers to printfb.o(i._printf_core) for _printf_core
    printfb.o(i.__0vsprintf$bare) refers to printfb.o(i._sputc) for _sputc
    printf0.o(i.__0fprintf$0) refers to printf0.o(i._printf_core) for _printf_core
    printf0.o(i.__0fprintf$0) refers to fputc.o(i.fputc) for fputc
    printf0.o(i.__0printf$0) refers to printf0.o(i._printf_core) for _printf_core
    printf0.o(i.__0printf$0) refers to fputc.o(i.fputc) for fputc
    printf0.o(i.__0printf$0) refers to stdout.o(.data) for __stdout
    printf0.o(i.__0snprintf$0) refers to printf0.o(i._printf_core) for _printf_core
    printf0.o(i.__0snprintf$0) refers to printf0.o(i._snputc) for _snputc
    printf0.o(i.__0sprintf$0) refers to printf0.o(i._printf_core) for _printf_core
    printf0.o(i.__0sprintf$0) refers to printf0.o(i._sputc) for _sputc
    printf0.o(i.__0vfprintf$0) refers to printf0.o(i._printf_core) for _printf_core
    printf0.o(i.__0vfprintf$0) refers to fputc.o(i.fputc) for fputc
    printf0.o(i.__0vprintf$0) refers to printf0.o(i._printf_core) for _printf_core
    printf0.o(i.__0vprintf$0) refers to fputc.o(i.fputc) for fputc
    printf0.o(i.__0vprintf$0) refers to stdout.o(.data) for __stdout
    printf0.o(i.__0vsnprintf$0) refers to printf0.o(i._printf_core) for _printf_core
    printf0.o(i.__0vsnprintf$0) refers to printf0.o(i._snputc) for _snputc
    printf0.o(i.__0vsprintf$0) refers to printf0.o(i._printf_core) for _printf_core
    printf0.o(i.__0vsprintf$0) refers to printf0.o(i._sputc) for _sputc
    printf1.o(i.__0fprintf$1) refers to printf1.o(i._printf_core) for _printf_core
    printf1.o(i.__0fprintf$1) refers to fputc.o(i.fputc) for fputc
    printf1.o(i.__0printf$1) refers to printf1.o(i._printf_core) for _printf_core
    printf1.o(i.__0printf$1) refers to fputc.o(i.fputc) for fputc
    printf1.o(i.__0printf$1) refers to stdout.o(.data) for __stdout
    printf1.o(i.__0snprintf$1) refers to printf1.o(i._printf_core) for _printf_core
    printf1.o(i.__0snprintf$1) refers to printf1.o(i._snputc) for _snputc
    printf1.o(i.__0sprintf$1) refers to printf1.o(i._printf_core) for _printf_core
    printf1.o(i.__0sprintf$1) refers to printf1.o(i._sputc) for _sputc
    printf1.o(i.__0vfprintf$1) refers to printf1.o(i._printf_core) for _printf_core
    printf1.o(i.__0vfprintf$1) refers to fputc.o(i.fputc) for fputc
    printf1.o(i.__0vprintf$1) refers to printf1.o(i._printf_core) for _printf_core
    printf1.o(i.__0vprintf$1) refers to fputc.o(i.fputc) for fputc
    printf1.o(i.__0vprintf$1) refers to stdout.o(.data) for __stdout
    printf1.o(i.__0vsnprintf$1) refers to printf1.o(i._printf_core) for _printf_core
    printf1.o(i.__0vsnprintf$1) refers to printf1.o(i._snputc) for _snputc
    printf1.o(i.__0vsprintf$1) refers to printf1.o(i._printf_core) for _printf_core
    printf1.o(i.__0vsprintf$1) refers to printf1.o(i._sputc) for _sputc
    printf1.o(i._printf_core) refers to uidiv.o(.text) for __aeabi_uidivmod
    printf2.o(i.__0fprintf$2) refers to printf2.o(i._printf_core) for _printf_core
    printf2.o(i.__0fprintf$2) refers to fputc.o(i.fputc) for fputc
    printf2.o(i.__0printf$2) refers to printf2.o(i._printf_core) for _printf_core
    printf2.o(i.__0printf$2) refers to fputc.o(i.fputc) for fputc
    printf2.o(i.__0printf$2) refers to stdout.o(.data) for __stdout
    printf2.o(i.__0snprintf$2) refers to printf2.o(i._printf_core) for _printf_core
    printf2.o(i.__0snprintf$2) refers to printf2.o(i._snputc) for _snputc
    printf2.o(i.__0sprintf$2) refers to printf2.o(i._printf_core) for _printf_core
    printf2.o(i.__0sprintf$2) refers to printf2.o(i._sputc) for _sputc
    printf2.o(i.__0vfprintf$2) refers to printf2.o(i._printf_core) for _printf_core
    printf2.o(i.__0vfprintf$2) refers to fputc.o(i.fputc) for fputc
    printf2.o(i.__0vprintf$2) refers to printf2.o(i._printf_core) for _printf_core
    printf2.o(i.__0vprintf$2) refers to fputc.o(i.fputc) for fputc
    printf2.o(i.__0vprintf$2) refers to stdout.o(.data) for __stdout
    printf2.o(i.__0vsnprintf$2) refers to printf2.o(i._printf_core) for _printf_core
    printf2.o(i.__0vsnprintf$2) refers to printf2.o(i._snputc) for _snputc
    printf2.o(i.__0vsprintf$2) refers to printf2.o(i._printf_core) for _printf_core
    printf2.o(i.__0vsprintf$2) refers to printf2.o(i._sputc) for _sputc
    printf3.o(i.__0fprintf$3) refers to printf3.o(i._printf_core) for _printf_core
    printf3.o(i.__0fprintf$3) refers to fputc.o(i.fputc) for fputc
    printf3.o(i.__0printf$3) refers to printf3.o(i._printf_core) for _printf_core
    printf3.o(i.__0printf$3) refers to fputc.o(i.fputc) for fputc
    printf3.o(i.__0printf$3) refers to stdout.o(.data) for __stdout
    printf3.o(i.__0snprintf$3) refers to printf3.o(i._printf_core) for _printf_core
    printf3.o(i.__0snprintf$3) refers to printf3.o(i._snputc) for _snputc
    printf3.o(i.__0sprintf$3) refers to printf3.o(i._printf_core) for _printf_core
    printf3.o(i.__0sprintf$3) refers to printf3.o(i._sputc) for _sputc
    printf3.o(i.__0vfprintf$3) refers to printf3.o(i._printf_core) for _printf_core
    printf3.o(i.__0vfprintf$3) refers to fputc.o(i.fputc) for fputc
    printf3.o(i.__0vprintf$3) refers to printf3.o(i._printf_core) for _printf_core
    printf3.o(i.__0vprintf$3) refers to fputc.o(i.fputc) for fputc
    printf3.o(i.__0vprintf$3) refers to stdout.o(.data) for __stdout
    printf3.o(i.__0vsnprintf$3) refers to printf3.o(i._printf_core) for _printf_core
    printf3.o(i.__0vsnprintf$3) refers to printf3.o(i._snputc) for _snputc
    printf3.o(i.__0vsprintf$3) refers to printf3.o(i._printf_core) for _printf_core
    printf3.o(i.__0vsprintf$3) refers to printf3.o(i._sputc) for _sputc
    printf3.o(i._printf_core) refers to uidiv.o(.text) for __aeabi_uidivmod
    printf4.o(i.__0fprintf$4) refers to printf4.o(i._printf_core) for _printf_core
    printf4.o(i.__0fprintf$4) refers to fputc.o(i.fputc) for fputc
    printf4.o(i.__0printf$4) refers to printf4.o(i._printf_core) for _printf_core
    printf4.o(i.__0printf$4) refers to fputc.o(i.fputc) for fputc
    printf4.o(i.__0printf$4) refers to stdout.o(.data) for __stdout
    printf4.o(i.__0snprintf$4) refers to printf4.o(i._printf_core) for _printf_core
    printf4.o(i.__0snprintf$4) refers to printf4.o(i._snputc) for _snputc
    printf4.o(i.__0sprintf$4) refers to printf4.o(i._printf_core) for _printf_core
    printf4.o(i.__0sprintf$4) refers to printf4.o(i._sputc) for _sputc
    printf4.o(i.__0vfprintf$4) refers to printf4.o(i._printf_core) for _printf_core
    printf4.o(i.__0vfprintf$4) refers to fputc.o(i.fputc) for fputc
    printf4.o(i.__0vprintf$4) refers to printf4.o(i._printf_core) for _printf_core
    printf4.o(i.__0vprintf$4) refers to fputc.o(i.fputc) for fputc
    printf4.o(i.__0vprintf$4) refers to stdout.o(.data) for __stdout
    printf4.o(i.__0vsnprintf$4) refers to printf4.o(i._printf_core) for _printf_core
    printf4.o(i.__0vsnprintf$4) refers to printf4.o(i._snputc) for _snputc
    printf4.o(i.__0vsprintf$4) refers to printf4.o(i._printf_core) for _printf_core
    printf4.o(i.__0vsprintf$4) refers to printf4.o(i._sputc) for _sputc
    printf4.o(i._printf_core) refers to uldiv.o(.text) for __aeabi_uldivmod
    printf5.o(i.__0fprintf$5) refers to printf5.o(i._printf_core) for _printf_core
    printf5.o(i.__0fprintf$5) refers to fputc.o(i.fputc) for fputc
    printf5.o(i.__0printf$5) refers to printf5.o(i._printf_core) for _printf_core
    printf5.o(i.__0printf$5) refers to fputc.o(i.fputc) for fputc
    printf5.o(i.__0printf$5) refers to stdout.o(.data) for __stdout
    printf5.o(i.__0snprintf$5) refers to printf5.o(i._printf_core) for _printf_core
    printf5.o(i.__0snprintf$5) refers to printf5.o(i._snputc) for _snputc
    printf5.o(i.__0sprintf$5) refers to printf5.o(i._printf_core) for _printf_core
    printf5.o(i.__0sprintf$5) refers to printf5.o(i._sputc) for _sputc
    printf5.o(i.__0vfprintf$5) refers to printf5.o(i._printf_core) for _printf_core
    printf5.o(i.__0vfprintf$5) refers to fputc.o(i.fputc) for fputc
    printf5.o(i.__0vprintf$5) refers to printf5.o(i._printf_core) for _printf_core
    printf5.o(i.__0vprintf$5) refers to fputc.o(i.fputc) for fputc
    printf5.o(i.__0vprintf$5) refers to stdout.o(.data) for __stdout
    printf5.o(i.__0vsnprintf$5) refers to printf5.o(i._printf_core) for _printf_core
    printf5.o(i.__0vsnprintf$5) refers to printf5.o(i._snputc) for _snputc
    printf5.o(i.__0vsprintf$5) refers to printf5.o(i._printf_core) for _printf_core
    printf5.o(i.__0vsprintf$5) refers to printf5.o(i._sputc) for _sputc
    printf5.o(i._printf_core) refers to uldiv.o(.text) for __aeabi_uldivmod
    printf6.o(i.__0fprintf$6) refers to printf6.o(i._printf_core) for _printf_core
    printf6.o(i.__0fprintf$6) refers to fputc.o(i.fputc) for fputc
    printf6.o(i.__0printf$6) refers to printf6.o(i._printf_core) for _printf_core
    printf6.o(i.__0printf$6) refers to fputc.o(i.fputc) for fputc
    printf6.o(i.__0printf$6) refers to stdout.o(.data) for __stdout
    printf6.o(i.__0snprintf$6) refers to printf6.o(i._printf_core) for _printf_core
    printf6.o(i.__0snprintf$6) refers to printf6.o(i._snputc) for _snputc
    printf6.o(i.__0sprintf$6) refers to printf6.o(i._printf_core) for _printf_core
    printf6.o(i.__0sprintf$6) refers to printf6.o(i._sputc) for _sputc
    printf6.o(i.__0vfprintf$6) refers to printf6.o(i._printf_core) for _printf_core
    printf6.o(i.__0vfprintf$6) refers to fputc.o(i.fputc) for fputc
    printf6.o(i.__0vprintf$6) refers to printf6.o(i._printf_core) for _printf_core
    printf6.o(i.__0vprintf$6) refers to fputc.o(i.fputc) for fputc
    printf6.o(i.__0vprintf$6) refers to stdout.o(.data) for __stdout
    printf6.o(i.__0vsnprintf$6) refers to printf6.o(i._printf_core) for _printf_core
    printf6.o(i.__0vsnprintf$6) refers to printf6.o(i._snputc) for _snputc
    printf6.o(i.__0vsprintf$6) refers to printf6.o(i._printf_core) for _printf_core
    printf6.o(i.__0vsprintf$6) refers to printf6.o(i._sputc) for _sputc
    printf6.o(i._printf_core) refers to printf6.o(i._printf_pre_padding) for _printf_pre_padding
    printf6.o(i._printf_core) refers to uidiv.o(.text) for __aeabi_uidivmod
    printf6.o(i._printf_core) refers to printf6.o(i._printf_post_padding) for _printf_post_padding
    printf7.o(i.__0fprintf$7) refers to printf7.o(i._printf_core) for _printf_core
    printf7.o(i.__0fprintf$7) refers to fputc.o(i.fputc) for fputc
    printf7.o(i.__0printf$7) refers to printf7.o(i._printf_core) for _printf_core
    printf7.o(i.__0printf$7) refers to fputc.o(i.fputc) for fputc
    printf7.o(i.__0printf$7) refers to stdout.o(.data) for __stdout
    printf7.o(i.__0snprintf$7) refers to printf7.o(i._printf_core) for _printf_core
    printf7.o(i.__0snprintf$7) refers to printf7.o(i._snputc) for _snputc
    printf7.o(i.__0sprintf$7) refers to printf7.o(i._printf_core) for _printf_core
    printf7.o(i.__0sprintf$7) refers to printf7.o(i._sputc) for _sputc
    printf7.o(i.__0vfprintf$7) refers to printf7.o(i._printf_core) for _printf_core
    printf7.o(i.__0vfprintf$7) refers to fputc.o(i.fputc) for fputc
    printf7.o(i.__0vprintf$7) refers to printf7.o(i._printf_core) for _printf_core
    printf7.o(i.__0vprintf$7) refers to fputc.o(i.fputc) for fputc
    printf7.o(i.__0vprintf$7) refers to stdout.o(.data) for __stdout
    printf7.o(i.__0vsnprintf$7) refers to printf7.o(i._printf_core) for _printf_core
    printf7.o(i.__0vsnprintf$7) refers to printf7.o(i._snputc) for _snputc
    printf7.o(i.__0vsprintf$7) refers to printf7.o(i._printf_core) for _printf_core
    printf7.o(i.__0vsprintf$7) refers to printf7.o(i._sputc) for _sputc
    printf7.o(i._printf_core) refers to printf7.o(i._printf_pre_padding) for _printf_pre_padding
    printf7.o(i._printf_core) refers to uldiv.o(.text) for __aeabi_uldivmod
    printf7.o(i._printf_core) refers to printf7.o(i._printf_post_padding) for _printf_post_padding
    printf8.o(i.__0fprintf$8) refers to printf8.o(i._printf_core) for _printf_core
    printf8.o(i.__0fprintf$8) refers to fputc.o(i.fputc) for fputc
    printf8.o(i.__0printf$8) refers to printf8.o(i._printf_core) for _printf_core
    printf8.o(i.__0printf$8) refers to fputc.o(i.fputc) for fputc
    printf8.o(i.__0printf$8) refers to stdout.o(.data) for __stdout
    printf8.o(i.__0snprintf$8) refers to printf8.o(i._printf_core) for _printf_core
    printf8.o(i.__0snprintf$8) refers to printf8.o(i._snputc) for _snputc
    printf8.o(i.__0sprintf$8) refers to printf8.o(i._printf_core) for _printf_core
    printf8.o(i.__0sprintf$8) refers to printf8.o(i._sputc) for _sputc
    printf8.o(i.__0vfprintf$8) refers to printf8.o(i._printf_core) for _printf_core
    printf8.o(i.__0vfprintf$8) refers to fputc.o(i.fputc) for fputc
    printf8.o(i.__0vprintf$8) refers to printf8.o(i._printf_core) for _printf_core
    printf8.o(i.__0vprintf$8) refers to fputc.o(i.fputc) for fputc
    printf8.o(i.__0vprintf$8) refers to stdout.o(.data) for __stdout
    printf8.o(i.__0vsnprintf$8) refers to printf8.o(i._printf_core) for _printf_core
    printf8.o(i.__0vsnprintf$8) refers to printf8.o(i._snputc) for _snputc
    printf8.o(i.__0vsprintf$8) refers to printf8.o(i._printf_core) for _printf_core
    printf8.o(i.__0vsprintf$8) refers to printf8.o(i._sputc) for _sputc
    printf8.o(i._printf_core) refers to printf8.o(i._printf_pre_padding) for _printf_pre_padding
    printf8.o(i._printf_core) refers to uldiv.o(.text) for __aeabi_uldivmod
    printf8.o(i._printf_core) refers to printf8.o(i._printf_post_padding) for _printf_post_padding
    printfa.o(i.__0fprintf) refers (Special) to iusefp.o(.text) for __I$use$fp
    printfa.o(i.__0fprintf) refers to printfa.o(i._printf_core) for _printf_core
    printfa.o(i.__0fprintf) refers to fputc.o(i.fputc) for fputc
    printfa.o(i.__0printf) refers (Special) to iusefp.o(.text) for __I$use$fp
    printfa.o(i.__0printf) refers to printfa.o(i._printf_core) for _printf_core
    printfa.o(i.__0printf) refers to fputc.o(i.fputc) for fputc
    printfa.o(i.__0printf) refers to stdout.o(.data) for __stdout
    printfa.o(i.__0snprintf) refers (Special) to iusefp.o(.text) for __I$use$fp
    printfa.o(i.__0snprintf) refers to printfa.o(i._printf_core) for _printf_core
    printfa.o(i.__0snprintf) refers to printfa.o(i._snputc) for _snputc
    printfa.o(i.__0sprintf) refers (Special) to iusefp.o(.text) for __I$use$fp
    printfa.o(i.__0sprintf) refers to printfa.o(i._printf_core) for _printf_core
    printfa.o(i.__0sprintf) refers to printfa.o(i._sputc) for _sputc
    printfa.o(i.__0vfprintf) refers (Special) to iusefp.o(.text) for __I$use$fp
    printfa.o(i.__0vfprintf) refers to printfa.o(i._printf_core) for _printf_core
    printfa.o(i.__0vfprintf) refers to fputc.o(i.fputc) for fputc
    printfa.o(i.__0vprintf) refers (Special) to iusefp.o(.text) for __I$use$fp
    printfa.o(i.__0vprintf) refers to printfa.o(i._printf_core) for _printf_core
    printfa.o(i.__0vprintf) refers to fputc.o(i.fputc) for fputc
    printfa.o(i.__0vprintf) refers to stdout.o(.data) for __stdout
    printfa.o(i.__0vsnprintf) refers (Special) to iusefp.o(.text) for __I$use$fp
    printfa.o(i.__0vsnprintf) refers to printfa.o(i._printf_core) for _printf_core
    printfa.o(i.__0vsnprintf) refers to printfa.o(i._snputc) for _snputc
    printfa.o(i.__0vsprintf) refers (Special) to iusefp.o(.text) for __I$use$fp
    printfa.o(i.__0vsprintf) refers to printfa.o(i._printf_core) for _printf_core
    printfa.o(i.__0vsprintf) refers to printfa.o(i._sputc) for _sputc
    printfa.o(i._fp_digits) refers (Special) to iusefp.o(.text) for __I$use$fp
    printfa.o(i._fp_digits) refers to dmul.o(.text) for __aeabi_dmul
    printfa.o(i._fp_digits) refers to ddiv.o(.text) for __aeabi_ddiv
    printfa.o(i._fp_digits) refers to cdrcmple.o(.text) for __aeabi_cdrcmple
    printfa.o(i._fp_digits) refers to dadd.o(.text) for __aeabi_dadd
    printfa.o(i._fp_digits) refers to dfixul.o(.text) for __aeabi_d2ulz
    printfa.o(i._fp_digits) refers to uldiv.o(.text) for __aeabi_uldivmod
    printfa.o(i._printf_core) refers (Special) to iusefp.o(.text) for __I$use$fp
    printfa.o(i._printf_core) refers to printfa.o(i._printf_pre_padding) for _printf_pre_padding
    printfa.o(i._printf_core) refers to uldiv.o(.text) for __aeabi_uldivmod
    printfa.o(i._printf_core) refers to printfa.o(i._printf_post_padding) for _printf_post_padding
    printfa.o(i._printf_core) refers to printfa.o(i._fp_digits) for _fp_digits
    printfa.o(i._printf_core) refers to uidiv.o(.text) for __aeabi_uidivmod
    printfa.o(i._printf_post_padding) refers (Special) to iusefp.o(.text) for __I$use$fp
    printfa.o(i._printf_pre_padding) refers (Special) to iusefp.o(.text) for __I$use$fp
    printfa.o(i._snputc) refers (Special) to iusefp.o(.text) for __I$use$fp
    printfa.o(i._sputc) refers (Special) to iusefp.o(.text) for __I$use$fp
    entry2.o(.ARM.Collect$$$$00000001) refers to entry2.o(.ARM.Collect$$$$00002712) for __lit__00000000
    entry2.o(.ARM.Collect$$$$00002712) refers to arm_startup_nrf52.o(STACK) for __initial_sp
    entry2.o(__vectab_stack_and_reset_area) refers to arm_startup_nrf52.o(STACK) for __initial_sp
    entry2.o(__vectab_stack_and_reset_area) refers to entry.o(.ARM.Collect$$$$00000000) for __main
    entry5.o(.ARM.Collect$$$$00000004) refers to init.o(.text) for __scatterload
    entry9a.o(.ARM.Collect$$$$0000000B) refers to main.o(i.main) for main
    entry9b.o(.ARM.Collect$$$$0000000C) refers to main.o(i.main) for main
    fputc.o(i.fputc) refers (Special) to iusesemip.o(.text) for __I$use$semihosting$fputc
    fputc.o(i.fputc) refers (Special) to semi.o(.text) for __semihosting_library_function
    uldiv.o(.text) refers to llushr.o(.text) for __aeabi_llsr
    uldiv.o(.text) refers to llshl.o(.text) for __aeabi_llsl
    dadd.o(.text) refers to llshl.o(.text) for __aeabi_llsl
    dadd.o(.text) refers to llsshr.o(.text) for __aeabi_lasr
    dadd.o(.text) refers to depilogue.o(.text) for _double_epilogue
    dmul.o(.text) refers to depilogue.o(.text) for _double_epilogue
    ddiv.o(.text) refers to depilogue.o(.text) for _double_round
    dfixul.o(.text) refers to llushr.o(.text) for __aeabi_llsr
    dfixul.o(.text) refers to llshl.o(.text) for __aeabi_llsl
    init.o(.text) refers to entry5.o(.ARM.Collect$$$$00000004) for __main_after_scatterload
    depilogue.o(.text) refers to llshl.o(.text) for __aeabi_llsl
    depilogue.o(.text) refers to llushr.o(.text) for __aeabi_llsr


==============================================================================

Removing Unused input sections from the image.

    Removing main.o(.rev16_text), (4 bytes).
    Removing main.o(.revsh_text), (4 bytes).
    Removing boards.o(.rev16_text), (4 bytes).
    Removing boards.o(.revsh_text), (4 bytes).
    Removing boards.o(i.bsp_board_button_idx_to_pin), (12 bytes).
    Removing boards.o(i.bsp_board_button_state_get), (48 bytes).
    Removing boards.o(i.bsp_board_buttons_init), (44 bytes).
    Removing boards.o(i.bsp_board_led_idx_to_pin), (12 bytes).
    Removing boards.o(i.bsp_board_led_invert), (48 bytes).
    Removing boards.o(i.bsp_board_led_off), (20 bytes).
    Removing boards.o(i.bsp_board_led_on), (20 bytes).
    Removing boards.o(i.bsp_board_led_state_get), (48 bytes).
    Removing boards.o(i.bsp_board_leds_init), (48 bytes).
    Removing boards.o(i.bsp_board_leds_off), (20 bytes).
    Removing boards.o(i.bsp_board_leds_on), (20 bytes).
    Removing boards.o(i.bsp_board_pin_to_button_idx), (36 bytes).
    Removing boards.o(i.bsp_board_pin_to_led_idx), (36 bytes).
    Removing boards.o(i.nrf_gpio_cfg), (40 bytes).
    Removing boards.o(i.nrf_gpio_pin_write), (58 bytes).
    Removing boards.o(.constdata), (8 bytes).
    Removing arm_startup_nrf52.o(HEAP), (8192 bytes).
    Removing system_nrf52.o(.rev16_text), (4 bytes).
    Removing system_nrf52.o(.revsh_text), (4 bytes).
    Removing nrf_drv_common.o(.rev16_text), (4 bytes).
    Removing nrf_drv_common.o(.revsh_text), (4 bytes).
    Removing nrf_drv_common.o(i.nrf_drv_common_irq_enable), (96 bytes).
    Removing app_error.o(.rev16_text), (4 bytes).
    Removing app_error.o(.revsh_text), (4 bytes).
    Removing app_error.o(i.app_error_handler), (32 bytes).
    Removing app_error.o(i.app_error_handler_bare), (28 bytes).
    Removing app_error.o(i.app_error_save_and_stop), (136 bytes).
    Removing app_error.o(.bss), (32 bytes).
    Removing app_error_weak.o(.rev16_text), (4 bytes).
    Removing app_error_weak.o(.revsh_text), (4 bytes).
    Removing app_error_weak.o(i.app_error_fault_handler), (44 bytes).
    Removing app_util_platform.o(.rev16_text), (4 bytes).
    Removing app_util_platform.o(.revsh_text), (4 bytes).
    Removing app_util_platform.o(i.app_util_critical_region_enter), (10 bytes).
    Removing app_util_platform.o(i.app_util_critical_region_exit), (10 bytes).
    Removing app_util_platform.o(i.app_util_disable_irq), (20 bytes).
    Removing app_util_platform.o(i.app_util_enable_irq), (24 bytes).
    Removing app_util_platform.o(.data), (4 bytes).
    Removing nrf_assert.o(.rev16_text), (4 bytes).
    Removing nrf_assert.o(.revsh_text), (4 bytes).
    Removing nrf_assert.o(i.assert_nrf_callback), (26 bytes).
    Removing nrf_log_backend_serial.o(.rev16_text), (4 bytes).
    Removing nrf_log_backend_serial.o(.revsh_text), (4 bytes).
    Removing nrf_log_frontend.o(.rev16_text), (4 bytes).
    Removing nrf_log_frontend.o(.revsh_text), (4 bytes).
    Removing nrf_esb.o(.rev16_text), (4 bytes).
    Removing nrf_esb.o(.revsh_text), (4 bytes).
    Removing nrf_esb.o(i.nrf_esb_enable_pipes), (32 bytes).
    Removing nrf_esb.o(i.nrf_esb_flush_rx), (64 bytes).
    Removing nrf_esb.o(i.nrf_esb_get_rf_channel), (28 bytes).
    Removing nrf_esb.o(i.nrf_esb_pop_tx), (84 bytes).
    Removing nrf_esb.o(i.nrf_esb_set_address_length), (68 bytes).
    Removing nrf_esb.o(i.nrf_esb_set_tx_power), (48 bytes).
    Removing nrf_esb.o(i.nrf_esb_start_tx), (44 bytes).
    Removing nrf_esb.o(i.nrf_esb_suspend), (40 bytes).
    Removing nrf_esb.o(i.nrf_esb_update_prefix), (56 bytes).
    Removing segger_rtt.o(.rev16_text), (4 bytes).
    Removing segger_rtt.o(.revsh_text), (4 bytes).
    Removing segger_rtt.o(i.SEGGER_RTT_ConfigDownBuffer), (160 bytes).
    Removing segger_rtt.o(i.SEGGER_RTT_ConfigUpBuffer), (160 bytes).
    Removing segger_rtt.o(i.SEGGER_RTT_GetKey), (32 bytes).
    Removing segger_rtt.o(i.SEGGER_RTT_HasData), (28 bytes).
    Removing segger_rtt.o(i.SEGGER_RTT_HasKey), (40 bytes).
    Removing segger_rtt.o(i.SEGGER_RTT_Init), (24 bytes).
    Removing segger_rtt.o(i.SEGGER_RTT_Read), (40 bytes).
    Removing segger_rtt.o(i.SEGGER_RTT_ReadNoLock), (152 bytes).
    Removing segger_rtt.o(i.SEGGER_RTT_SetNameDownBuffer), (72 bytes).
    Removing segger_rtt.o(i.SEGGER_RTT_SetNameUpBuffer), (72 bytes).
    Removing segger_rtt.o(i.SEGGER_RTT_SetTerminal), (144 bytes).
    Removing segger_rtt.o(i.SEGGER_RTT_TerminalOut), (244 bytes).
    Removing segger_rtt.o(i.SEGGER_RTT_WaitKey), (14 bytes).
    Removing segger_rtt.o(i.SEGGER_RTT_Write), (60 bytes).
    Removing segger_rtt.o(i.SEGGER_RTT_WriteNoLock), (132 bytes).
    Removing segger_rtt.o(i.SEGGER_RTT_WriteSkipNoLock), (176 bytes).
    Removing segger_rtt.o(i.SEGGER_RTT_WriteString), (26 bytes).
    Removing segger_rtt.o(i._DoInit), (108 bytes).
    Removing segger_rtt.o(i._GetAvailWriteSpace), (28 bytes).
    Removing segger_rtt.o(i._PostTerminalSwitch), (36 bytes).
    Removing segger_rtt.o(i._WriteBlocking), (114 bytes).
    Removing segger_rtt.o(i._WriteNoCheck), (76 bytes).
    Removing segger_rtt.o(.bss), (200 bytes).
    Removing segger_rtt.o(.data), (17 bytes).
    Removing serial.o(.rev16_text), (4 bytes).
    Removing serial.o(.revsh_text), (4 bytes).
    Removing serial.o(i.CheckCmd), (56 bytes).
    Removing serial.o(i.FlushRx), (36 bytes).
    Removing serial.o(i.Serial_Config), (396 bytes).
    Removing serial.o(i.Serial_Print), (26 bytes).
    Removing serial.o(i.Serial_PrintChar), (48 bytes).
    Removing serial.o(i.Serial_Send), (48 bytes).
    Removing serial.o(i.Serial_Send_Buff), (26 bytes).
    Removing serial.o(i.getstring), (76 bytes).
    Removing radio.o(.rev16_text), (4 bytes).
    Removing radio.o(.revsh_text), (4 bytes).
    Removing radio.o(i.GatewayParseCmd), (128 bytes).
    Removing radio.o(i.radio_change_rx_channel), (24 bytes).
    Removing radio.o(i.radio_power), (36 bytes).
    Removing radio.o(i.radio_print_payload), (348 bytes).
    Removing radio.o(i.radio_reset), (32 bytes).
    Removing radio.o(.conststring), (238 bytes).
    Removing flash.o(.rev16_text), (4 bytes).
    Removing flash.o(.revsh_text), (4 bytes).
    Removing nrf52_adc.o(.rev16_text), (4 bytes).
    Removing nrf52_adc.o(.revsh_text), (4 bytes).
    Removing nrf52_adc.o(i.SAADC_StopMeasure), (32 bytes).
    Removing dadd.o(.text), (334 bytes).
    Removing dmul.o(.text), (228 bytes).
    Removing ddiv.o(.text), (222 bytes).
    Removing dfixul.o(.text), (48 bytes).
    Removing cdrcmple.o(.text), (48 bytes).
    Removing depilogue.o(.text), (186 bytes).

115 unused section(s) (total 14535 bytes) removed from the image.

==============================================================================

Image Symbol Table

    Local Symbols

    Symbol Name                              Value     Ov Type        Size  Object(Section)

    RESET                                    0x00000000   Section     1024  arm_startup_nrf52.o(RESET)
    ../clib/microlib/division.c              0x00000000   Number         0  uldiv.o ABSOLUTE
    ../clib/microlib/division.c              0x00000000   Number         0  uidiv.o ABSOLUTE
    ../clib/microlib/init/entry.s            0x00000000   Number         0  entry8b.o ABSOLUTE
    ../clib/microlib/init/entry.s            0x00000000   Number         0  entry2.o ABSOLUTE
    ../clib/microlib/init/entry.s            0x00000000   Number         0  entry.o ABSOLUTE
    ../clib/microlib/init/entry.s            0x00000000   Number         0  entry8a.o ABSOLUTE
    ../clib/microlib/init/entry.s            0x00000000   Number         0  entry9a.o ABSOLUTE
    ../clib/microlib/init/entry.s            0x00000000   Number         0  entry9b.o ABSOLUTE
    ../clib/microlib/init/entry.s            0x00000000   Number         0  entry10a.o ABSOLUTE
    ../clib/microlib/init/entry.s            0x00000000   Number         0  entry11a.o ABSOLUTE
    ../clib/microlib/init/entry.s            0x00000000   Number         0  entry10b.o ABSOLUTE
    ../clib/microlib/init/entry.s            0x00000000   Number         0  entry11b.o ABSOLUTE
    ../clib/microlib/init/entry.s            0x00000000   Number         0  entry7a.o ABSOLUTE
    ../clib/microlib/init/entry.s            0x00000000   Number         0  entry7b.o ABSOLUTE
    ../clib/microlib/init/entry.s            0x00000000   Number         0  entry5.o ABSOLUTE
    ../clib/microlib/longlong.c              0x00000000   Number         0  llsshr.o ABSOLUTE
    ../clib/microlib/longlong.c              0x00000000   Number         0  llshl.o ABSOLUTE
    ../clib/microlib/longlong.c              0x00000000   Number         0  llushr.o ABSOLUTE
    ../clib/microlib/printf/printf.c         0x00000000   Number         0  printf2.o ABSOLUTE
    ../clib/microlib/printf/printf.c         0x00000000   Number         0  printf1.o ABSOLUTE
    ../clib/microlib/printf/printf.c         0x00000000   Number         0  printf3.o ABSOLUTE
    ../clib/microlib/printf/printf.c         0x00000000   Number         0  printf4.o ABSOLUTE
    ../clib/microlib/printf/printf.c         0x00000000   Number         0  printf5.o ABSOLUTE
    ../clib/microlib/printf/printf.c         0x00000000   Number         0  printf6.o ABSOLUTE
    ../clib/microlib/printf/printf.c         0x00000000   Number         0  printf7.o ABSOLUTE
    ../clib/microlib/printf/printf.c         0x00000000   Number         0  printf8.o ABSOLUTE
    ../clib/microlib/printf/printf.c         0x00000000   Number         0  printfa.o ABSOLUTE
    ../clib/microlib/printf/printf.c         0x00000000   Number         0  printfb.o ABSOLUTE
    ../clib/microlib/printf/printf.c         0x00000000   Number         0  printf0.o ABSOLUTE
    ../clib/microlib/printf/stubs.s          0x00000000   Number         0  stubs.o ABSOLUTE
    ../clib/microlib/stdio/fputc.c           0x00000000   Number         0  fputc.o ABSOLUTE
    ../clib/microlib/stdio/semi.s            0x00000000   Number         0  semi.o ABSOLUTE
    ../clib/microlib/stdio/streams.c         0x00000000   Number         0  stdout.o ABSOLUTE
    ../clib/microlib/string/memcpy.c         0x00000000   Number         0  memcpya.o ABSOLUTE
    ../clib/microlib/string/memcpy.c         0x00000000   Number         0  memcpyb.o ABSOLUTE
    ../clib/microlib/string/memset.c         0x00000000   Number         0  memseta.o ABSOLUTE
    ../clib/microlib/string/strcpy.c         0x00000000   Number         0  strcpy.o ABSOLUTE
    ../clib/microlib/string/strlen.c         0x00000000   Number         0  strlen.o ABSOLUTE
    ../clib/microlib/string/strstr.c         0x00000000   Number         0  strstr.o ABSOLUTE
    ../clib/microlib/stubs.s                 0x00000000   Number         0  iusesemip.o ABSOLUTE
    ../clib/microlib/stubs.s                 0x00000000   Number         0  iusefp.o ABSOLUTE
    ../fplib/microlib/fpadd.c                0x00000000   Number         0  dadd.o ABSOLUTE
    ../fplib/microlib/fpdiv.c                0x00000000   Number         0  ddiv.o ABSOLUTE
    ../fplib/microlib/fpepilogue.c           0x00000000   Number         0  depilogue.o ABSOLUTE
    ../fplib/microlib/fpfix.c                0x00000000   Number         0  dfixul.o ABSOLUTE
    ../fplib/microlib/fpmul.c                0x00000000   Number         0  dmul.o ABSOLUTE
    ..\..\..\..\..\..\..\..\My_Libs\FLASH.c  0x00000000   Number         0  flash.o ABSOLUTE
    ..\..\..\..\..\..\..\..\My_Libs\Serial.c 0x00000000   Number         0  serial.o ABSOLUTE
    ..\..\..\..\..\..\..\..\My_Libs\nrf52_adc.c 0x00000000   Number         0  nrf52_adc.o ABSOLUTE
    ..\..\..\..\..\..\..\..\My_Libs\radio\radio.c 0x00000000   Number         0  radio.o ABSOLUTE
    ..\..\..\..\..\..\components\boards\boards.c 0x00000000   Number         0  boards.o ABSOLUTE
    ..\..\..\..\..\..\components\drivers_nrf\common\nrf_drv_common.c 0x00000000   Number         0  nrf_drv_common.o ABSOLUTE
    ..\..\..\..\..\..\components\libraries\log\src\nrf_log_backend_serial.c 0x00000000   Number         0  nrf_log_backend_serial.o ABSOLUTE
    ..\..\..\..\..\..\components\libraries\log\src\nrf_log_frontend.c 0x00000000   Number         0  nrf_log_frontend.o ABSOLUTE
    ..\..\..\..\..\..\components\libraries\util\app_error.c 0x00000000   Number         0  app_error.o ABSOLUTE
    ..\..\..\..\..\..\components\libraries\util\app_error_weak.c 0x00000000   Number         0  app_error_weak.o ABSOLUTE
    ..\..\..\..\..\..\components\libraries\util\app_util_platform.c 0x00000000   Number         0  app_util_platform.o ABSOLUTE
    ..\..\..\..\..\..\components\libraries\util\nrf_assert.c 0x00000000   Number         0  nrf_assert.o ABSOLUTE
    ..\..\..\..\..\..\components\libraries\util\sdk_errors.c 0x00000000   Number         0  sdk_errors.o ABSOLUTE
    ..\..\..\..\..\..\components\proprietary_rf\esb\nrf_esb.c 0x00000000   Number         0  nrf_esb.o ABSOLUTE
    ..\..\..\..\..\..\components\toolchain\arm\arm_startup_nrf52.s 0x00000000   Number         0  arm_startup_nrf52.o ABSOLUTE
    ..\..\..\..\..\..\components\toolchain\system_nrf52.c 0x00000000   Number         0  system_nrf52.o ABSOLUTE
    ..\..\..\..\..\..\external\segger_rtt\RTT_Syscalls_KEIL.c 0x00000000   Number         0  rtt_syscalls_keil.o ABSOLUTE
    ..\..\..\..\..\..\external\segger_rtt\SEGGER_RTT.c 0x00000000   Number         0  segger_rtt.o ABSOLUTE
    ..\..\..\..\..\..\external\segger_rtt\SEGGER_RTT_printf.c 0x00000000   Number         0  segger_rtt_printf.o ABSOLUTE
    ..\..\..\main.c                          0x00000000   Number         0  main.o ABSOLUTE
    ..\\..\\..\\..\\..\\..\\..\\..\\My_Libs\\FLASH.c 0x00000000   Number         0  flash.o ABSOLUTE
    ..\\..\\..\\..\\..\\..\\..\\..\\My_Libs\\Serial.c 0x00000000   Number         0  serial.o ABSOLUTE
    ..\\..\\..\\..\\..\\..\\..\\..\\My_Libs\\nrf52_adc.c 0x00000000   Number         0  nrf52_adc.o ABSOLUTE
    ..\\..\\..\\..\\..\\..\\..\\..\\My_Libs\\radio\\radio.c 0x00000000   Number         0  radio.o ABSOLUTE
    ..\\..\\..\\..\\..\\..\\components\\boards\\boards.c 0x00000000   Number         0  boards.o ABSOLUTE
    ..\\..\\..\\..\\..\\..\\components\\drivers_nrf\\common\\nrf_drv_common.c 0x00000000   Number         0  nrf_drv_common.o ABSOLUTE
    ..\\..\\..\\..\\..\\..\\components\\libraries\\log\\src\\nrf_log_backend_serial.c 0x00000000   Number         0  nrf_log_backend_serial.o ABSOLUTE
    ..\\..\\..\\..\\..\\..\\components\\libraries\\log\\src\\nrf_log_frontend.c 0x00000000   Number         0  nrf_log_frontend.o ABSOLUTE
    ..\\..\\..\\..\\..\\..\\components\\libraries\\util\\app_error.c 0x00000000   Number         0  app_error.o ABSOLUTE
    ..\\..\\..\\..\\..\\..\\components\\libraries\\util\\app_error_weak.c 0x00000000   Number         0  app_error_weak.o ABSOLUTE
    ..\\..\\..\\..\\..\\..\\components\\libraries\\util\\app_util_platform.c 0x00000000   Number         0  app_util_platform.o ABSOLUTE
    ..\\..\\..\\..\\..\\..\\components\\libraries\\util\\nrf_assert.c 0x00000000   Number         0  nrf_assert.o ABSOLUTE
    ..\\..\\..\\..\\..\\..\\components\\proprietary_rf\\esb\\nrf_esb.c 0x00000000   Number         0  nrf_esb.o ABSOLUTE
    ..\\..\\..\\..\\..\\..\\components\\toolchain\\system_nrf52.c 0x00000000   Number         0  system_nrf52.o ABSOLUTE
    ..\\..\\..\\..\\..\\..\\external\\segger_rtt\\SEGGER_RTT.c 0x00000000   Number         0  segger_rtt.o ABSOLUTE
    ..\\..\\..\\main.c                       0x00000000   Number         0  main.o ABSOLUTE
    cdrcmple.s                               0x00000000   Number         0  cdrcmple.o ABSOLUTE
    dc.s                                     0x00000000   Number         0  dc.o ABSOLUTE
    handlers.s                               0x00000000   Number         0  handlers.o ABSOLUTE
    init.s                                   0x00000000   Number         0  init.o ABSOLUTE
    .ARM.Collect$$$$00000000                 0x00000400   Section        0  entry.o(.ARM.Collect$$$$00000000)
    .ARM.Collect$$$$00000001                 0x00000400   Section        4  entry2.o(.ARM.Collect$$$$00000001)
    .ARM.Collect$$$$00000004                 0x00000404   Section        4  entry5.o(.ARM.Collect$$$$00000004)
    .ARM.Collect$$$$00000008                 0x00000408   Section        0  entry7b.o(.ARM.Collect$$$$00000008)
    .ARM.Collect$$$$0000000A                 0x00000408   Section        0  entry8b.o(.ARM.Collect$$$$0000000A)
    .ARM.Collect$$$$0000000B                 0x00000408   Section        8  entry9a.o(.ARM.Collect$$$$0000000B)
    .ARM.Collect$$$$0000000D                 0x00000410   Section        0  entry10a.o(.ARM.Collect$$$$0000000D)
    .ARM.Collect$$$$0000000F                 0x00000410   Section        0  entry11a.o(.ARM.Collect$$$$0000000F)
    .ARM.Collect$$$$00002712                 0x00000410   Section        4  entry2.o(.ARM.Collect$$$$00002712)
    __lit__00000000                          0x00000410   Data           4  entry2.o(.ARM.Collect$$$$00002712)
    .text                                    0x00000414   Section       36  arm_startup_nrf52.o(.text)
    $v0                                      0x00000414   Number         0  arm_startup_nrf52.o(.text)
    .text                                    0x00000438   Section        0  memcpya.o(.text)
    .text                                    0x0000045c   Section        0  memseta.o(.text)
    .text                                    0x00000480   Section       36  init.o(.text)
    i.GPIOTE_IRQHandler                      0x000004a4   Section        0  main.o(i.GPIOTE_IRQHandler)
    i.NVIC_ClearPendingIRQ                   0x00000548   Section        0  nrf_esb.o(i.NVIC_ClearPendingIRQ)
    NVIC_ClearPendingIRQ                     0x00000549   Thumb Code    18  nrf_esb.o(i.NVIC_ClearPendingIRQ)
    i.NVIC_DisableIRQ                        0x00000560   Section        0  main.o(i.NVIC_DisableIRQ)
    NVIC_DisableIRQ                          0x00000561   Thumb Code    18  main.o(i.NVIC_DisableIRQ)
    i.NVIC_DisableIRQ                        0x00000578   Section        0  nrf_esb.o(i.NVIC_DisableIRQ)
    NVIC_DisableIRQ                          0x00000579   Thumb Code    18  nrf_esb.o(i.NVIC_DisableIRQ)
    i.NVIC_DisableIRQ                        0x00000590   Section        0  nrf52_adc.o(i.NVIC_DisableIRQ)
    NVIC_DisableIRQ                          0x00000591   Thumb Code    18  nrf52_adc.o(i.NVIC_DisableIRQ)
    i.NVIC_EnableIRQ                         0x000005a8   Section        0  main.o(i.NVIC_EnableIRQ)
    NVIC_EnableIRQ                           0x000005a9   Thumb Code    22  main.o(i.NVIC_EnableIRQ)
    i.NVIC_EnableIRQ                         0x000005be   Section        0  nrf_esb.o(i.NVIC_EnableIRQ)
    NVIC_EnableIRQ                           0x000005bf   Thumb Code    22  nrf_esb.o(i.NVIC_EnableIRQ)
    i.NVIC_SetPendingIRQ                     0x000005d4   Section        0  nrf_esb.o(i.NVIC_SetPendingIRQ)
    NVIC_SetPendingIRQ                       0x000005d5   Thumb Code    18  nrf_esb.o(i.NVIC_SetPendingIRQ)
    i.NVIC_SetPriority                       0x000005ec   Section        0  nrf_esb.o(i.NVIC_SetPriority)
    NVIC_SetPriority                         0x000005ed   Thumb Code    32  nrf_esb.o(i.NVIC_SetPriority)
    i.RADIO_IRQHandler                       0x00000614   Section        0  nrf_esb.o(i.RADIO_IRQHandler)
    i.SAADC_Config                           0x0000068c   Section        0  nrf52_adc.o(i.SAADC_Config)
    i.SAADC_Disable                          0x0000076c   Section        0  nrf52_adc.o(i.SAADC_Disable)
    i.SAADC_IRQHandler                       0x00000780   Section        0  nrf52_adc.o(i.SAADC_IRQHandler)
    i.SAADC_StartMeasure                     0x0000081c   Section        0  nrf52_adc.o(i.SAADC_StartMeasure)
    i.SWI0_EGU0_IRQHandler                   0x00000838   Section        0  nrf_esb.o(i.SWI0_EGU0_IRQHandler)
    i.SystemCoreClockUpdate                  0x0000089c   Section        0  system_nrf52.o(i.SystemCoreClockUpdate)
    i.SystemInit                             0x000008ac   Section        0  system_nrf52.o(i.SystemInit)
    i.TIMER0_IRQHandler                      0x00000a38   Section        0  main.o(i.TIMER0_IRQHandler)
    i.Timer_Init                             0x00000b20   Section        0  main.o(i.Timer_Init)
    i.UARTE0_UART0_IRQHandler                0x00000b98   Section        0  serial.o(i.UARTE0_UART0_IRQHandler)
    i.__scatterload_copy                     0x00000c10   Section       14  handlers.o(i.__scatterload_copy)
    i.__scatterload_null                     0x00000c1e   Section        2  handlers.o(i.__scatterload_null)
    i.__scatterload_zeroinit                 0x00000c20   Section       14  handlers.o(i.__scatterload_zeroinit)
    i.addr_conv                              0x00000c2e   Section        0  nrf_esb.o(i.addr_conv)
    addr_conv                                0x00000c2f   Thumb Code    14  nrf_esb.o(i.addr_conv)
    i.bytewise_bit_swap                      0x00000c3c   Section        0  nrf_esb.o(i.bytewise_bit_swap)
    bytewise_bit_swap                        0x00000c3d   Thumb Code    12  nrf_esb.o(i.bytewise_bit_swap)
    i.clear_events_restart_rx                0x00000c48   Section        0  nrf_esb.o(i.clear_events_restart_rx)
    clear_events_restart_rx                  0x00000c49   Thumb Code    74  nrf_esb.o(i.clear_events_restart_rx)
    i.clocks_set                             0x00000cac   Section        0  main.o(i.clocks_set)
    i.errata_108                             0x00000d44   Section        0  system_nrf52.o(i.errata_108)
    errata_108                               0x00000d45   Thumb Code    78  system_nrf52.o(i.errata_108)
    i.errata_16                              0x00000d98   Section        0  system_nrf52.o(i.errata_16)
    errata_16                                0x00000d99   Thumb Code    42  system_nrf52.o(i.errata_16)
    i.errata_31                              0x00000dc8   Section        0  system_nrf52.o(i.errata_31)
    errata_31                                0x00000dc9   Thumb Code    78  system_nrf52.o(i.errata_31)
    i.errata_32                              0x00000e1c   Section        0  system_nrf52.o(i.errata_32)
    errata_32                                0x00000e1d   Thumb Code    42  system_nrf52.o(i.errata_32)
    i.errata_36                              0x00000e4c   Section        0  system_nrf52.o(i.errata_36)
    errata_36                                0x00000e4d   Thumb Code    78  system_nrf52.o(i.errata_36)
    i.errata_37                              0x00000ea0   Section        0  system_nrf52.o(i.errata_37)
    errata_37                                0x00000ea1   Thumb Code    42  system_nrf52.o(i.errata_37)
    i.errata_57                              0x00000ed0   Section        0  system_nrf52.o(i.errata_57)
    errata_57                                0x00000ed1   Thumb Code    42  system_nrf52.o(i.errata_57)
    i.errata_66                              0x00000f00   Section        0  system_nrf52.o(i.errata_66)
    errata_66                                0x00000f01   Thumb Code    42  system_nrf52.o(i.errata_66)
    i.flash_page_erase                       0x00000f30   Section        0  flash.o(i.flash_page_erase)
    i.flash_read                             0x00000f6c   Section        0  flash.o(i.flash_read)
    i.flash_write                            0x00000f88   Section        0  flash.o(i.flash_write)
    i.get_rng_val                            0x00000fd4   Section        0  main.o(i.get_rng_val)
    i.gpio_init                              0x0000101c   Section        0  main.o(i.gpio_init)
    i.initialize_fifos                       0x0000107c   Section        0  nrf_esb.o(i.initialize_fifos)
    initialize_fifos                         0x0000107d   Thumb Code    64  nrf_esb.o(i.initialize_fifos)
    i.main                                   0x000010cc   Section        0  main.o(i.main)
    i.nrf_delay_ms                           0x00001654   Section        0  main.o(i.nrf_delay_ms)
    nrf_delay_ms                             0x00001655   Thumb Code    18  main.o(i.nrf_delay_ms)
    i.nrf_delay_us                           0x00001668   Section        0  main.o(i.nrf_delay_us)
    nrf_delay_us                             0x00001669   Thumb Code   146  main.o(i.nrf_delay_us)
    i.nrf_delay_us                           0x00001704   Section        0  radio.o(i.nrf_delay_us)
    nrf_delay_us                             0x00001705   Thumb Code   146  radio.o(i.nrf_delay_us)
    i.nrf_esb_disable                        0x000017a0   Section        0  nrf_esb.o(i.nrf_esb_disable)
    i.nrf_esb_event_handler                  0x000017e8   Section        0  radio.o(i.nrf_esb_event_handler)
    i.nrf_esb_flush_tx                       0x0000183c   Section        0  nrf_esb.o(i.nrf_esb_flush_tx)
    i.nrf_esb_get_clear_interrupts           0x00001870   Section        0  nrf_esb.o(i.nrf_esb_get_clear_interrupts)
    nrf_esb_get_clear_interrupts             0x00001871   Thumb Code    56  nrf_esb.o(i.nrf_esb_get_clear_interrupts)
    i.nrf_esb_init                           0x000018b0   Section        0  nrf_esb.o(i.nrf_esb_init)
    i.nrf_esb_is_idle                        0x00001954   Section        0  nrf_esb.o(i.nrf_esb_is_idle)
    i.nrf_esb_read_rx_payload                0x00001968   Section        0  nrf_esb.o(i.nrf_esb_read_rx_payload)
    i.nrf_esb_set_base_address_0             0x00001a08   Section        0  nrf_esb.o(i.nrf_esb_set_base_address_0)
    i.nrf_esb_set_base_address_1             0x00001a3c   Section        0  nrf_esb.o(i.nrf_esb_set_base_address_1)
    i.nrf_esb_set_prefixes                   0x00001a70   Section        0  nrf_esb.o(i.nrf_esb_set_prefixes)
    i.nrf_esb_set_rf_channel                 0x00001acc   Section        0  nrf_esb.o(i.nrf_esb_set_rf_channel)
    i.nrf_esb_start_rx                       0x00001af8   Section        0  nrf_esb.o(i.nrf_esb_start_rx)
    i.nrf_esb_stop_rx                        0x00001b98   Section        0  nrf_esb.o(i.nrf_esb_stop_rx)
    i.nrf_esb_write_payload                  0x00001bec   Section        0  nrf_esb.o(i.nrf_esb_write_payload)
    i.nrf_gpio_cfg                           0x00001ce4   Section        0  main.o(i.nrf_gpio_cfg)
    nrf_gpio_cfg                             0x00001ce5   Thumb Code    40  main.o(i.nrf_gpio_cfg)
    i.nrf_gpio_cfg_sense_input               0x00001d0c   Section        0  main.o(i.nrf_gpio_cfg_sense_input)
    nrf_gpio_cfg_sense_input                 0x00001d0d   Thumb Code    28  main.o(i.nrf_gpio_cfg_sense_input)
    i.nrf_gpio_pin_clear                     0x00001d28   Section        0  main.o(i.nrf_gpio_pin_clear)
    nrf_gpio_pin_clear                       0x00001d29   Thumb Code    22  main.o(i.nrf_gpio_pin_clear)
    i.nrf_gpio_pin_set                       0x00001d3e   Section        0  main.o(i.nrf_gpio_pin_set)
    nrf_gpio_pin_set                         0x00001d3f   Thumb Code    22  main.o(i.nrf_gpio_pin_set)
    i.on_radio_disabled_rx                   0x00001d54   Section        0  nrf_esb.o(i.on_radio_disabled_rx)
    on_radio_disabled_rx                     0x00001d55   Thumb Code   404  nrf_esb.o(i.on_radio_disabled_rx)
    i.on_radio_disabled_rx_ack               0x00001f24   Section        0  nrf_esb.o(i.on_radio_disabled_rx_ack)
    on_radio_disabled_rx_ack                 0x00001f25   Thumb Code    40  nrf_esb.o(i.on_radio_disabled_rx_ack)
    i.on_radio_disabled_tx                   0x00001f6c   Section        0  nrf_esb.o(i.on_radio_disabled_tx)
    on_radio_disabled_tx                     0x00001f6d   Thumb Code   102  nrf_esb.o(i.on_radio_disabled_tx)
    i.on_radio_disabled_tx_noack             0x0000200c   Section        0  nrf_esb.o(i.on_radio_disabled_tx_noack)
    on_radio_disabled_tx_noack               0x0000200d   Thumb Code    50  nrf_esb.o(i.on_radio_disabled_tx_noack)
    i.on_radio_disabled_tx_wait_for_ack      0x0000204c   Section        0  nrf_esb.o(i.on_radio_disabled_tx_wait_for_ack)
    on_radio_disabled_tx_wait_for_ack        0x0000204d   Thumb Code   282  nrf_esb.o(i.on_radio_disabled_tx_wait_for_ack)
    i.ppi_init                               0x000021b0   Section        0  nrf_esb.o(i.ppi_init)
    ppi_init                                 0x000021b1   Thumb Code    58  nrf_esb.o(i.ppi_init)
    i.radio_config                           0x00002200   Section        0  radio.o(i.radio_config)
    i.radio_listen                           0x000022d8   Section        0  radio.o(i.radio_listen)
    i.radio_send_bond                        0x00002300   Section        0  radio.o(i.radio_send_bond)
    i.radio_send_payload                     0x00002370   Section        0  radio.o(i.radio_send_payload)
    i.radio_set_channel                      0x00002424   Section        0  radio.o(i.radio_set_channel)
    i.reset_fifos                            0x00002440   Section        0  nrf_esb.o(i.reset_fifos)
    reset_fifos                              0x00002441   Thumb Code    20  nrf_esb.o(i.reset_fifos)
    i.rx_fifo_push_rfbuf                     0x0000245c   Section        0  nrf_esb.o(i.rx_fifo_push_rfbuf)
    rx_fifo_push_rfbuf                       0x0000245d   Thumb Code   194  nrf_esb.o(i.rx_fifo_push_rfbuf)
    i.start_tx_transaction                   0x00002530   Section        0  nrf_esb.o(i.start_tx_transaction)
    start_tx_transaction                     0x00002531   Thumb Code   354  nrf_esb.o(i.start_tx_transaction)
    i.sys_timer_init                         0x000026d0   Section        0  nrf_esb.o(i.sys_timer_init)
    sys_timer_init                           0x000026d1   Thumb Code    24  nrf_esb.o(i.sys_timer_init)
    i.tx_fifo_remove_last                    0x000026f0   Section        0  nrf_esb.o(i.tx_fifo_remove_last)
    tx_fifo_remove_last                      0x000026f1   Thumb Code    48  nrf_esb.o(i.tx_fifo_remove_last)
    i.update_radio_addresses                 0x00002724   Section        0  nrf_esb.o(i.update_radio_addresses)
    update_radio_addresses                   0x00002725   Thumb Code    76  nrf_esb.o(i.update_radio_addresses)
    i.update_radio_bitrate                   0x00002778   Section        0  nrf_esb.o(i.update_radio_bitrate)
    update_radio_bitrate                     0x00002779   Thumb Code    66  nrf_esb.o(i.update_radio_bitrate)
    i.update_radio_crc                       0x000027c8   Section        0  nrf_esb.o(i.update_radio_crc)
    update_radio_crc                         0x000027c9   Thumb Code    60  nrf_esb.o(i.update_radio_crc)
    i.update_radio_parameters                0x00002810   Section        0  nrf_esb.o(i.update_radio_parameters)
    update_radio_parameters                  0x00002811   Thumb Code    30  nrf_esb.o(i.update_radio_parameters)
    i.update_radio_protocol                  0x00002838   Section        0  nrf_esb.o(i.update_radio_protocol)
    update_radio_protocol                    0x00002839   Thumb Code    32  nrf_esb.o(i.update_radio_protocol)
    i.update_radio_tx_power                  0x00002868   Section        0  nrf_esb.o(i.update_radio_tx_power)
    update_radio_tx_power                    0x00002869   Thumb Code    10  nrf_esb.o(i.update_radio_tx_power)
    i.update_rf_payload_format_esb           0x0000287c   Section        0  nrf_esb.o(i.update_rf_payload_format_esb)
    update_rf_payload_format_esb             0x0000287d   Thumb Code    34  nrf_esb.o(i.update_rf_payload_format_esb)
    i.update_rf_payload_format_esb_dpl       0x000028ac   Section        0  nrf_esb.o(i.update_rf_payload_format_esb_dpl)
    update_rf_payload_format_esb_dpl         0x000028ad   Thumb Code    32  nrf_esb.o(i.update_rf_payload_format_esb_dpl)
    .constdata                               0x000028d8   Section       24  radio.o(.constdata)
    .data                                    0x20000000   Section       20  main.o(.data)
    .data                                    0x20000014   Section        4  system_nrf52.o(.data)
    __tagsym$$used                           0x20000014   Number         0  system_nrf52.o(.data)
    .data                                    0x20000018   Section       60  nrf_esb.o(.data)
    m_esb_initialized                        0x20000018   Data           1  nrf_esb.o(.data)
    m_nrf_esb_mainstate                      0x20000019   Data           1  nrf_esb.o(.data)
    mp_current_payload                       0x2000001c   Data           4  nrf_esb.o(.data)
    m_event_handler                          0x20000020   Data           4  nrf_esb.o(.data)
    m_esb_addr                               0x20000024   Data          20  nrf_esb.o(.data)
    m_interrupt_flags                        0x20000038   Data           4  nrf_esb.o(.data)
    m_retransmits_remaining                  0x2000003c   Data           4  nrf_esb.o(.data)
    m_last_tx_attempts                       0x20000040   Data           4  nrf_esb.o(.data)
    m_wait_for_ack_timeout_us                0x20000044   Data           4  nrf_esb.o(.data)
    on_radio_disabled                        0x20000048   Data           4  nrf_esb.o(.data)
    on_radio_end                             0x2000004c   Data           4  nrf_esb.o(.data)
    update_rf_payload_format                 0x20000050   Data           4  nrf_esb.o(.data)
    .data                                    0x20000054   Section        3  serial.o(.data)
    .data                                    0x20000057   Section       10  radio.o(.data)
    .data                                    0x20000062   Section        6  nrf52_adc.o(.data)
    .bss                                     0x20000068   Section      818  nrf_esb.o(.bss)
    m_config_local                           0x20000068   Data          24  nrf_esb.o(.bss)
    m_tx_fifo_payload                        0x20000080   Data         296  nrf_esb.o(.bss)
    m_tx_fifo                                0x200001a8   Data          44  nrf_esb.o(.bss)
    m_rx_fifo_payload                        0x200001d4   Data         296  nrf_esb.o(.bss)
    m_rx_fifo                                0x200002fc   Data          44  nrf_esb.o(.bss)
    m_tx_payload_buffer                      0x20000328   Data          34  nrf_esb.o(.bss)
    m_rx_payload_buffer                      0x2000034a   Data          34  nrf_esb.o(.bss)
    m_pids                                   0x2000036c   Data           9  nrf_esb.o(.bss)
    m_rx_pipe_info                           0x20000376   Data          36  nrf_esb.o(.bss)
    .bss                                     0x2000039a   Section      128  serial.o(.bss)
    .bss                                     0x2000041c   Section      140  radio.o(.bss)
    STACK                                    0x200004a8   Section     8192  arm_startup_nrf52.o(STACK)

    Global Symbols

    Symbol Name                              Value     Ov Type        Size  Object(Section)

    BuildAttributes$$THM_ISAv4$E$P$D$K$B$S$7EM$VFPi3$EXTD16$VFPS$VFMA$PE$A:L22UL41UL21$X:L11$S22US41US21$IEEE1$IW$USESV6$~STKCKD$USESV7$~SHL$OSPACE$ROPI$EBA8$MICROLIB$REQ8$PRES8$EABIv2 0x00000000   Number         0  anon$$obj.o ABSOLUTE
    __ARM_use_no_argv                        0x00000000   Number         0  main.o ABSOLUTE
    __Vectors                                0x00000000   Data           4  arm_startup_nrf52.o(RESET)
    _printf_a                                0x00000000   Number         0  stubs.o ABSOLUTE
    _printf_c                                0x00000000   Number         0  stubs.o ABSOLUTE
    _printf_charcount                        0x00000000   Number         0  stubs.o ABSOLUTE
    _printf_d                                0x00000000   Number         0  stubs.o ABSOLUTE
    _printf_e                                0x00000000   Number         0  stubs.o ABSOLUTE
    _printf_f                                0x00000000   Number         0  stubs.o ABSOLUTE
    _printf_flags                            0x00000000   Number         0  stubs.o ABSOLUTE
    _printf_fp_dec                           0x00000000   Number         0  stubs.o ABSOLUTE
    _printf_fp_hex                           0x00000000   Number         0  stubs.o ABSOLUTE
    _printf_g                                0x00000000   Number         0  stubs.o ABSOLUTE
    _printf_i                                0x00000000   Number         0  stubs.o ABSOLUTE
    _printf_int_dec                          0x00000000   Number         0  stubs.o ABSOLUTE
    _printf_l                                0x00000000   Number         0  stubs.o ABSOLUTE
    _printf_lc                               0x00000000   Number         0  stubs.o ABSOLUTE
    _printf_ll                               0x00000000   Number         0  stubs.o ABSOLUTE
    _printf_lld                              0x00000000   Number         0  stubs.o ABSOLUTE
    _printf_lli                              0x00000000   Number         0  stubs.o ABSOLUTE
    _printf_llo                              0x00000000   Number         0  stubs.o ABSOLUTE
    _printf_llu                              0x00000000   Number         0  stubs.o ABSOLUTE
    _printf_llx                              0x00000000   Number         0  stubs.o ABSOLUTE
    _printf_longlong_dec                     0x00000000   Number         0  stubs.o ABSOLUTE
    _printf_longlong_hex                     0x00000000   Number         0  stubs.o ABSOLUTE
    _printf_longlong_oct                     0x00000000   Number         0  stubs.o ABSOLUTE
    _printf_ls                               0x00000000   Number         0  stubs.o ABSOLUTE
    _printf_mbtowc                           0x00000000   Number         0  stubs.o ABSOLUTE
    _printf_n                                0x00000000   Number         0  stubs.o ABSOLUTE
    _printf_o                                0x00000000   Number         0  stubs.o ABSOLUTE
    _printf_p                                0x00000000   Number         0  stubs.o ABSOLUTE
    _printf_percent                          0x00000000   Number         0  stubs.o ABSOLUTE
    _printf_pre_padding                      0x00000000   Number         0  stubs.o ABSOLUTE
    _printf_return_value                     0x00000000   Number         0  stubs.o ABSOLUTE
    _printf_s                                0x00000000   Number         0  stubs.o ABSOLUTE
    _printf_sizespec                         0x00000000   Number         0  stubs.o ABSOLUTE
    _printf_str                              0x00000000   Number         0  stubs.o ABSOLUTE
    _printf_truncate_signed                  0x00000000   Number         0  stubs.o ABSOLUTE
    _printf_truncate_unsigned                0x00000000   Number         0  stubs.o ABSOLUTE
    _printf_u                                0x00000000   Number         0  stubs.o ABSOLUTE
    _printf_wc                               0x00000000   Number         0  stubs.o ABSOLUTE
    _printf_wctomb                           0x00000000   Number         0  stubs.o ABSOLUTE
    _printf_widthprec                        0x00000000   Number         0  stubs.o ABSOLUTE
    _printf_x                                0x00000000   Number         0  stubs.o ABSOLUTE
    __cpp_initialize__aeabi_                  - Undefined Weak Reference
    __cxa_finalize                            - Undefined Weak Reference
    __decompress                              - Undefined Weak Reference
    _clock_init                               - Undefined Weak Reference
    _microlib_exit                            - Undefined Weak Reference
    __Vectors_End                            0x00000400   Data           0  arm_startup_nrf52.o(RESET)
    __Vectors_Size                           0x00000400   Number         0  arm_startup_nrf52.o ABSOLUTE
    __main                                   0x00000401   Thumb Code     0  entry.o(.ARM.Collect$$$$00000000)
    _main_stk                                0x00000401   Thumb Code     0  entry2.o(.ARM.Collect$$$$00000001)
    _main_scatterload                        0x00000405   Thumb Code     0  entry5.o(.ARM.Collect$$$$00000004)
    __main_after_scatterload                 0x00000409   Thumb Code     0  entry5.o(.ARM.Collect$$$$00000004)
    _main_clock                              0x00000409   Thumb Code     0  entry7b.o(.ARM.Collect$$$$00000008)
    _main_cpp_init                           0x00000409   Thumb Code     0  entry8b.o(.ARM.Collect$$$$0000000A)
    _main_init                               0x00000409   Thumb Code     0  entry9a.o(.ARM.Collect$$$$0000000B)
    __rt_final_cpp                           0x00000411   Thumb Code     0  entry10a.o(.ARM.Collect$$$$0000000D)
    __rt_final_exit                          0x00000411   Thumb Code     0  entry11a.o(.ARM.Collect$$$$0000000F)
    Reset_Handler                            0x00000415   Thumb Code     8  arm_startup_nrf52.o(.text)
    NMI_Handler                              0x0000041d   Thumb Code     2  arm_startup_nrf52.o(.text)
    HardFault_Handler                        0x0000041f   Thumb Code     2  arm_startup_nrf52.o(.text)
    MemoryManagement_Handler                 0x00000421   Thumb Code     2  arm_startup_nrf52.o(.text)
    BusFault_Handler                         0x00000423   Thumb Code     2  arm_startup_nrf52.o(.text)
    UsageFault_Handler                       0x00000425   Thumb Code     2  arm_startup_nrf52.o(.text)
    SVC_Handler                              0x00000427   Thumb Code     2  arm_startup_nrf52.o(.text)
    DebugMon_Handler                         0x00000429   Thumb Code     2  arm_startup_nrf52.o(.text)
    PendSV_Handler                           0x0000042b   Thumb Code     2  arm_startup_nrf52.o(.text)
    SysTick_Handler                          0x0000042d   Thumb Code     2  arm_startup_nrf52.o(.text)
    CCM_AAR_IRQHandler                       0x0000042f   Thumb Code     0  arm_startup_nrf52.o(.text)
    COMP_LPCOMP_IRQHandler                   0x0000042f   Thumb Code     0  arm_startup_nrf52.o(.text)
    ECB_IRQHandler                           0x0000042f   Thumb Code     0  arm_startup_nrf52.o(.text)
    FPU_IRQHandler                           0x0000042f   Thumb Code     0  arm_startup_nrf52.o(.text)
    I2S_IRQHandler                           0x0000042f   Thumb Code     0  arm_startup_nrf52.o(.text)
    MWU_IRQHandler                           0x0000042f   Thumb Code     0  arm_startup_nrf52.o(.text)
    NFCT_IRQHandler                          0x0000042f   Thumb Code     0  arm_startup_nrf52.o(.text)
    PDM_IRQHandler                           0x0000042f   Thumb Code     0  arm_startup_nrf52.o(.text)
    POWER_CLOCK_IRQHandler                   0x0000042f   Thumb Code     0  arm_startup_nrf52.o(.text)
    PWM0_IRQHandler                          0x0000042f   Thumb Code     0  arm_startup_nrf52.o(.text)
    PWM1_IRQHandler                          0x0000042f   Thumb Code     0  arm_startup_nrf52.o(.text)
    PWM2_IRQHandler                          0x0000042f   Thumb Code     0  arm_startup_nrf52.o(.text)
    QDEC_IRQHandler                          0x0000042f   Thumb Code     0  arm_startup_nrf52.o(.text)
    RNG_IRQHandler                           0x0000042f   Thumb Code     0  arm_startup_nrf52.o(.text)
    RTC0_IRQHandler                          0x0000042f   Thumb Code     0  arm_startup_nrf52.o(.text)
    RTC1_IRQHandler                          0x0000042f   Thumb Code     0  arm_startup_nrf52.o(.text)
    RTC2_IRQHandler                          0x0000042f   Thumb Code     0  arm_startup_nrf52.o(.text)
    SPIM0_SPIS0_TWIM0_TWIS0_SPI0_TWI0_IRQHandler 0x0000042f   Thumb Code     0  arm_startup_nrf52.o(.text)
    SPIM1_SPIS1_TWIM1_TWIS1_SPI1_TWI1_IRQHandler 0x0000042f   Thumb Code     0  arm_startup_nrf52.o(.text)
    SPIM2_SPIS2_SPI2_IRQHandler              0x0000042f   Thumb Code     0  arm_startup_nrf52.o(.text)
    SWI1_EGU1_IRQHandler                     0x0000042f   Thumb Code     0  arm_startup_nrf52.o(.text)
    SWI2_EGU2_IRQHandler                     0x0000042f   Thumb Code     0  arm_startup_nrf52.o(.text)
    SWI3_EGU3_IRQHandler                     0x0000042f   Thumb Code     0  arm_startup_nrf52.o(.text)
    SWI4_EGU4_IRQHandler                     0x0000042f   Thumb Code     0  arm_startup_nrf52.o(.text)
    SWI5_EGU5_IRQHandler                     0x0000042f   Thumb Code     0  arm_startup_nrf52.o(.text)
    TEMP_IRQHandler                          0x0000042f   Thumb Code     0  arm_startup_nrf52.o(.text)
    TIMER1_IRQHandler                        0x0000042f   Thumb Code     0  arm_startup_nrf52.o(.text)
    TIMER2_IRQHandler                        0x0000042f   Thumb Code     0  arm_startup_nrf52.o(.text)
    TIMER3_IRQHandler                        0x0000042f   Thumb Code     0  arm_startup_nrf52.o(.text)
    TIMER4_IRQHandler                        0x0000042f   Thumb Code     0  arm_startup_nrf52.o(.text)
    WDT_IRQHandler                           0x0000042f   Thumb Code     0  arm_startup_nrf52.o(.text)
    __aeabi_memcpy                           0x00000439   Thumb Code    36  memcpya.o(.text)
    __aeabi_memcpy4                          0x00000439   Thumb Code     0  memcpya.o(.text)
    __aeabi_memcpy8                          0x00000439   Thumb Code     0  memcpya.o(.text)
    __aeabi_memset                           0x0000045d   Thumb Code    14  memseta.o(.text)
    __aeabi_memset4                          0x0000045d   Thumb Code     0  memseta.o(.text)
    __aeabi_memset8                          0x0000045d   Thumb Code     0  memseta.o(.text)
    __aeabi_memclr                           0x0000046b   Thumb Code     4  memseta.o(.text)
    __aeabi_memclr4                          0x0000046b   Thumb Code     0  memseta.o(.text)
    __aeabi_memclr8                          0x0000046b   Thumb Code     0  memseta.o(.text)
    _memset$wrapper                          0x0000046f   Thumb Code    18  memseta.o(.text)
    __scatterload                            0x00000481   Thumb Code    28  init.o(.text)
    __scatterload_rt2                        0x00000481   Thumb Code     0  init.o(.text)
    GPIOTE_IRQHandler                        0x000004a5   Thumb Code   138  main.o(i.GPIOTE_IRQHandler)
    RADIO_IRQHandler                         0x00000615   Thumb Code   102  nrf_esb.o(i.RADIO_IRQHandler)
    SAADC_Config                             0x0000068d   Thumb Code   186  nrf52_adc.o(i.SAADC_Config)
    SAADC_Disable                            0x0000076d   Thumb Code    16  nrf52_adc.o(i.SAADC_Disable)
    SAADC_IRQHandler                         0x00000781   Thumb Code   128  nrf52_adc.o(i.SAADC_IRQHandler)
    SAADC_StartMeasure                       0x0000081d   Thumb Code    18  nrf52_adc.o(i.SAADC_StartMeasure)
    SWI0_EGU0_IRQHandler                     0x00000839   Thumb Code    92  nrf_esb.o(i.SWI0_EGU0_IRQHandler)
    SystemCoreClockUpdate                    0x0000089d   Thumb Code     8  system_nrf52.o(i.SystemCoreClockUpdate)
    SystemInit                               0x000008ad   Thumb Code   354  system_nrf52.o(i.SystemInit)
    TIMER0_IRQHandler                        0x00000a39   Thumb Code   188  main.o(i.TIMER0_IRQHandler)
    Timer_Init                               0x00000b21   Thumb Code    94  main.o(i.Timer_Init)
    UARTE0_UART0_IRQHandler                  0x00000b99   Thumb Code    96  serial.o(i.UARTE0_UART0_IRQHandler)
    __scatterload_copy                       0x00000c11   Thumb Code    14  handlers.o(i.__scatterload_copy)
    __scatterload_null                       0x00000c1f   Thumb Code     2  handlers.o(i.__scatterload_null)
    __scatterload_zeroinit                   0x00000c21   Thumb Code    14  handlers.o(i.__scatterload_zeroinit)
    clocks_set                               0x00000cad   Thumb Code   140  main.o(i.clocks_set)
    flash_page_erase                         0x00000f31   Thumb Code    50  flash.o(i.flash_page_erase)
    flash_read                               0x00000f6d   Thumb Code    26  flash.o(i.flash_read)
    flash_write                              0x00000f89   Thumb Code    68  flash.o(i.flash_write)
    get_rng_val                              0x00000fd5   Thumb Code    58  main.o(i.get_rng_val)
    gpio_init                                0x0000101d   Thumb Code    82  main.o(i.gpio_init)
    main                                     0x000010cd   Thumb Code  1368  main.o(i.main)
    nrf_esb_disable                          0x000017a1   Thumb Code    52  nrf_esb.o(i.nrf_esb_disable)
    nrf_esb_event_handler                    0x000017e9   Thumb Code    66  radio.o(i.nrf_esb_event_handler)
    nrf_esb_flush_tx                         0x0000183d   Thumb Code    42  nrf_esb.o(i.nrf_esb_flush_tx)
    nrf_esb_init                             0x000018b1   Thumb Code   136  nrf_esb.o(i.nrf_esb_init)
    nrf_esb_is_idle                          0x00001955   Thumb Code    14  nrf_esb.o(i.nrf_esb_is_idle)
    nrf_esb_read_rx_payload                  0x00001969   Thumb Code   152  nrf_esb.o(i.nrf_esb_read_rx_payload)
    nrf_esb_set_base_address_0               0x00001a09   Thumb Code    44  nrf_esb.o(i.nrf_esb_set_base_address_0)
    nrf_esb_set_base_address_1               0x00001a3d   Thumb Code    44  nrf_esb.o(i.nrf_esb_set_base_address_1)
    nrf_esb_set_prefixes                     0x00001a71   Thumb Code    82  nrf_esb.o(i.nrf_esb_set_prefixes)
    nrf_esb_set_rf_channel                   0x00001acd   Thumb Code    36  nrf_esb.o(i.nrf_esb_set_rf_channel)
    nrf_esb_start_rx                         0x00001af9   Thumb Code   124  nrf_esb.o(i.nrf_esb_start_rx)
    nrf_esb_stop_rx                          0x00001b99   Thumb Code    66  nrf_esb.o(i.nrf_esb_stop_rx)
    nrf_esb_write_payload                    0x00001bed   Thumb Code   226  nrf_esb.o(i.nrf_esb_write_payload)
    radio_config                             0x00002201   Thumb Code   188  radio.o(i.radio_config)
    radio_listen                             0x000022d9   Thumb Code    38  radio.o(i.radio_listen)
    radio_send_bond                          0x00002301   Thumb Code   106  radio.o(i.radio_send_bond)
    radio_send_payload                       0x00002371   Thumb Code   176  radio.o(i.radio_send_payload)
    radio_set_channel                        0x00002425   Thumb Code    28  radio.o(i.radio_set_channel)
    Region$$Table$$Base                      0x000028f0   Number         0  anon$$obj.o(Region$$Table)
    Region$$Table$$Limit                     0x00002910   Number         0  anon$$obj.o(Region$$Table)
    timer_1                                  0x20000000   Data           4  main.o(.data)
    gerkon_state                             0x20000004   Data           1  main.o(.data)
    device_send_bond_flag                    0x20000005   Data           1  main.o(.data)
    retry_cnt                                0x20000006   Data           1  main.o(.data)
    retry_tim_cnt                            0x20000007   Data           1  main.o(.data)
    ok_retry_cnt                             0x20000008   Data           1  main.o(.data)
    device_lost_packets                      0x20000009   Data           1  main.o(.data)
    channel_sw_cnt                           0x2000000a   Data           1  main.o(.data)
    saved_gateway_id                         0x2000000c   Data           4  main.o(.data)
    VBAT                                     0x20000010   Data           2  main.o(.data)
    lpm_flag                                 0x20000012   Data           1  main.o(.data)
    rnd_delay                                0x20000013   Data           1  main.o(.data)
    SystemCoreClock                          0x20000014   Data           4  system_nrf52.o(.data)
    c                                        0x20000054   Data           1  serial.o(.data)
    bytes_rx                                 0x20000055   Data           1  serial.o(.data)
    rx_data_rdy                              0x20000056   Data           1  serial.o(.data)
    device_send_flag                         0x20000057   Data           1  radio.o(.data)
    device_bond_flag                         0x20000058   Data           1  radio.o(.data)
    device_bond_enable                       0x20000059   Data           1  radio.o(.data)
    rx_done_flag                             0x2000005a   Data           1  radio.o(.data)
    tx_done_flag                             0x2000005b   Data           1  radio.o(.data)
    tx_fail_flag                             0x2000005c   Data           1  radio.o(.data)
    current_channel                          0x2000005d   Data           1  radio.o(.data)
    radio_channel_1                          0x2000005e   Data           1  radio.o(.data)
    radio_channel_2                          0x2000005f   Data           1  radio.o(.data)
    radio_channel_3                          0x20000060   Data           1  radio.o(.data)
    SAADC_FLAG                               0x20000062   Data           1  nrf52_adc.o(.data)
    sample                                   0x20000063   Data           1  nrf52_adc.o(.data)
    ch                                       0x20000064   Data           1  nrf52_adc.o(.data)
    SAADC_DATAREADY_FLAG                     0x20000065   Data           1  nrf52_adc.o(.data)
    SamplesList                              0x20000066   Data           2  nrf52_adc.o(.data)
    debug_str                                0x2000039a   Data          64  serial.o(.bss)
    databuf                                  0x200003da   Data          64  serial.o(.bss)
    rx_payload                               0x2000041c   Data          37  radio.o(.bss)
    tx_payload                               0x20000441   Data          37  radio.o(.bss)
    nrf_esb_config                           0x20000468   Data          24  radio.o(.bss)
    device_load                              0x20000480   Data          40  radio.o(.bss)
    __initial_sp                             0x200024a8   Data           0  arm_startup_nrf52.o(STACK)



==============================================================================

Memory Map of the image

  Image Entry point : 0x00000401

  Load Region LR_IROM1 (Base: 0x00000000, Size: 0x00002978, Max: 0x0007fc00, ABSOLUTE)

    Execution Region ER_IROM1 (Base: 0x00000000, Size: 0x00002910, Max: 0x0007fc00, ABSOLUTE)

    Base Addr    Size         Type   Attr      Idx    E Section Name        Object

    0x00000000   0x00000400   Data   RO          349    RESET               arm_startup_nrf52.o
    0x00000400   0x00000000   Code   RO         1363  * .ARM.Collect$$$$00000000  mc_w.l(entry.o)
    0x00000400   0x00000004   Code   RO         1639    .ARM.Collect$$$$00000001  mc_w.l(entry2.o)
    0x00000404   0x00000004   Code   RO         1642    .ARM.Collect$$$$00000004  mc_w.l(entry5.o)
    0x00000408   0x00000000   Code   RO         1644    .ARM.Collect$$$$00000008  mc_w.l(entry7b.o)
    0x00000408   0x00000000   Code   RO         1646    .ARM.Collect$$$$0000000A  mc_w.l(entry8b.o)
    0x00000408   0x00000008   Code   RO         1647    .ARM.Collect$$$$0000000B  mc_w.l(entry9a.o)
    0x00000410   0x00000000   Code   RO         1649    .ARM.Collect$$$$0000000D  mc_w.l(entry10a.o)
    0x00000410   0x00000000   Code   RO         1651    .ARM.Collect$$$$0000000F  mc_w.l(entry11a.o)
    0x00000410   0x00000004   Code   RO         1640    .ARM.Collect$$$$00002712  mc_w.l(entry2.o)
    0x00000414   0x00000024   Code   RO          350    .text               arm_startup_nrf52.o
    0x00000438   0x00000024   Code   RO         1366    .text               mc_w.l(memcpya.o)
    0x0000045c   0x00000024   Code   RO         1368    .text               mc_w.l(memseta.o)
    0x00000480   0x00000024   Code   RO         1671    .text               mc_w.l(init.o)
    0x000004a4   0x000000a4   Code   RO            3    i.GPIOTE_IRQHandler  main.o
    0x00000548   0x00000018   Code   RO          646    i.NVIC_ClearPendingIRQ  nrf_esb.o
    0x00000560   0x00000018   Code   RO            4    i.NVIC_DisableIRQ   main.o
    0x00000578   0x00000018   Code   RO          647    i.NVIC_DisableIRQ   nrf_esb.o
    0x00000590   0x00000018   Code   RO         1308    i.NVIC_DisableIRQ   nrf52_adc.o
    0x000005a8   0x00000016   Code   RO            5    i.NVIC_EnableIRQ    main.o
    0x000005be   0x00000016   Code   RO          648    i.NVIC_EnableIRQ    nrf_esb.o
    0x000005d4   0x00000018   Code   RO          649    i.NVIC_SetPendingIRQ  nrf_esb.o
    0x000005ec   0x00000028   Code   RO          650    i.NVIC_SetPriority  nrf_esb.o
    0x00000614   0x00000078   Code   RO          651    i.RADIO_IRQHandler  nrf_esb.o
    0x0000068c   0x000000e0   Code   RO         1309    i.SAADC_Config      nrf52_adc.o
    0x0000076c   0x00000014   Code   RO         1310    i.SAADC_Disable     nrf52_adc.o
    0x00000780   0x0000009c   Code   RO         1311    i.SAADC_IRQHandler  nrf52_adc.o
    0x0000081c   0x0000001c   Code   RO         1312    i.SAADC_StartMeasure  nrf52_adc.o
    0x00000838   0x00000064   Code   RO          652    i.SWI0_EGU0_IRQHandler  nrf_esb.o
    0x0000089c   0x00000010   Code   RO          356    i.SystemCoreClockUpdate  system_nrf52.o
    0x000008ac   0x0000018c   Code   RO          357    i.SystemInit        system_nrf52.o
    0x00000a38   0x000000e8   Code   RO            6    i.TIMER0_IRQHandler  main.o
    0x00000b20   0x00000078   Code   RO            7    i.Timer_Init        main.o
    0x00000b98   0x00000078   Code   RO         1120    i.UARTE0_UART0_IRQHandler  serial.o
    0x00000c10   0x0000000e   Code   RO         1685    i.__scatterload_copy  mc_w.l(handlers.o)
    0x00000c1e   0x00000002   Code   RO         1686    i.__scatterload_null  mc_w.l(handlers.o)
    0x00000c20   0x0000000e   Code   RO         1687    i.__scatterload_zeroinit  mc_w.l(handlers.o)
    0x00000c2e   0x0000000e   Code   RO          653    i.addr_conv         nrf_esb.o
    0x00000c3c   0x0000000c   Code   RO          654    i.bytewise_bit_swap  nrf_esb.o
    0x00000c48   0x00000064   Code   RO          655    i.clear_events_restart_rx  nrf_esb.o
    0x00000cac   0x00000098   Code   RO            8    i.clocks_set        main.o
    0x00000d44   0x00000054   Code   RO          358    i.errata_108        system_nrf52.o
    0x00000d98   0x00000030   Code   RO          359    i.errata_16         system_nrf52.o
    0x00000dc8   0x00000054   Code   RO          360    i.errata_31         system_nrf52.o
    0x00000e1c   0x00000030   Code   RO          361    i.errata_32         system_nrf52.o
    0x00000e4c   0x00000054   Code   RO          362    i.errata_36         system_nrf52.o
    0x00000ea0   0x00000030   Code   RO          363    i.errata_37         system_nrf52.o
    0x00000ed0   0x00000030   Code   RO          364    i.errata_57         system_nrf52.o
    0x00000f00   0x00000030   Code   RO          365    i.errata_66         system_nrf52.o
    0x00000f30   0x0000003c   Code   RO         1276    i.flash_page_erase  flash.o
    0x00000f6c   0x0000001a   Code   RO         1277    i.flash_read        flash.o
    0x00000f86   0x00000002   PAD
    0x00000f88   0x0000004c   Code   RO         1278    i.flash_write       flash.o
    0x00000fd4   0x00000048   Code   RO            9    i.get_rng_val       main.o
    0x0000101c   0x00000060   Code   RO           10    i.gpio_init         main.o
    0x0000107c   0x00000050   Code   RO          656    i.initialize_fifos  nrf_esb.o
    0x000010cc   0x00000588   Code   RO           11    i.main              main.o
    0x00001654   0x00000012   Code   RO           12    i.nrf_delay_ms      main.o
    0x00001666   0x00000002   PAD
    0x00001668   0x0000009c   Code   RO           13    i.nrf_delay_us      main.o
    0x00001704   0x0000009c   Code   RO         1186    i.nrf_delay_us      radio.o
    0x000017a0   0x00000048   Code   RO          657    i.nrf_esb_disable   nrf_esb.o
    0x000017e8   0x00000054   Code   RO         1187    i.nrf_esb_event_handler  radio.o
    0x0000183c   0x00000034   Code   RO          660    i.nrf_esb_flush_tx  nrf_esb.o
    0x00001870   0x00000040   Code   RO          661    i.nrf_esb_get_clear_interrupts  nrf_esb.o
    0x000018b0   0x000000a4   Code   RO          663    i.nrf_esb_init      nrf_esb.o
    0x00001954   0x00000014   Code   RO          664    i.nrf_esb_is_idle   nrf_esb.o
    0x00001968   0x000000a0   Code   RO          666    i.nrf_esb_read_rx_payload  nrf_esb.o
    0x00001a08   0x00000034   Code   RO          668    i.nrf_esb_set_base_address_0  nrf_esb.o
    0x00001a3c   0x00000034   Code   RO          669    i.nrf_esb_set_base_address_1  nrf_esb.o
    0x00001a70   0x0000005c   Code   RO          670    i.nrf_esb_set_prefixes  nrf_esb.o
    0x00001acc   0x0000002c   Code   RO          671    i.nrf_esb_set_rf_channel  nrf_esb.o
    0x00001af8   0x000000a0   Code   RO          673    i.nrf_esb_start_rx  nrf_esb.o
    0x00001b98   0x00000054   Code   RO          675    i.nrf_esb_stop_rx   nrf_esb.o
    0x00001bec   0x000000f8   Code   RO          678    i.nrf_esb_write_payload  nrf_esb.o
    0x00001ce4   0x00000028   Code   RO           14    i.nrf_gpio_cfg      main.o
    0x00001d0c   0x0000001c   Code   RO           15    i.nrf_gpio_cfg_sense_input  main.o
    0x00001d28   0x00000016   Code   RO           16    i.nrf_gpio_pin_clear  main.o
    0x00001d3e   0x00000016   Code   RO           17    i.nrf_gpio_pin_set  main.o
    0x00001d54   0x000001d0   Code   RO          679    i.on_radio_disabled_rx  nrf_esb.o
    0x00001f24   0x00000048   Code   RO          680    i.on_radio_disabled_rx_ack  nrf_esb.o
    0x00001f6c   0x000000a0   Code   RO          681    i.on_radio_disabled_tx  nrf_esb.o
    0x0000200c   0x00000040   Code   RO          682    i.on_radio_disabled_tx_noack  nrf_esb.o
    0x0000204c   0x00000164   Code   RO          683    i.on_radio_disabled_tx_wait_for_ack  nrf_esb.o
    0x000021b0   0x00000050   Code   RO          684    i.ppi_init          nrf_esb.o
    0x00002200   0x000000d8   Code   RO         1189    i.radio_config      radio.o
    0x000022d8   0x00000026   Code   RO         1190    i.radio_listen      radio.o
    0x000022fe   0x00000002   PAD
    0x00002300   0x00000070   Code   RO         1194    i.radio_send_bond   radio.o
    0x00002370   0x000000b4   Code   RO         1195    i.radio_send_payload  radio.o
    0x00002424   0x0000001c   Code   RO         1196    i.radio_set_channel  radio.o
    0x00002440   0x0000001c   Code   RO          685    i.reset_fifos       nrf_esb.o
    0x0000245c   0x000000d4   Code   RO          686    i.rx_fifo_push_rfbuf  nrf_esb.o
    0x00002530   0x000001a0   Code   RO          687    i.start_tx_transaction  nrf_esb.o
    0x000026d0   0x00000020   Code   RO          688    i.sys_timer_init    nrf_esb.o
    0x000026f0   0x00000034   Code   RO          689    i.tx_fifo_remove_last  nrf_esb.o
    0x00002724   0x00000054   Code   RO          690    i.update_radio_addresses  nrf_esb.o
    0x00002778   0x00000050   Code   RO          691    i.update_radio_bitrate  nrf_esb.o
    0x000027c8   0x00000048   Code   RO          692    i.update_radio_crc  nrf_esb.o
    0x00002810   0x00000028   Code   RO          693    i.update_radio_parameters  nrf_esb.o
    0x00002838   0x00000030   Code   RO          694    i.update_radio_protocol  nrf_esb.o
    0x00002868   0x00000014   Code   RO          695    i.update_radio_tx_power  nrf_esb.o
    0x0000287c   0x00000030   Code   RO          696    i.update_rf_payload_format_esb  nrf_esb.o
    0x000028ac   0x0000002c   Code   RO          697    i.update_rf_payload_format_esb_dpl  nrf_esb.o
    0x000028d8   0x00000018   Data   RO         1198    .constdata          radio.o
    0x000028f0   0x00000020   Data   RO         1683    Region$$Table       anon$$obj.o


    Execution Region RW_IRAM1 (Base: 0x20000000, Size: 0x000024a8, Max: 0x00010000, ABSOLUTE)

    Base Addr    Size         Type   Attr      Idx    E Section Name        Object

    0x20000000   0x00000014   Data   RW           18    .data               main.o
    0x20000014   0x00000004   Data   RW          366    .data               system_nrf52.o
    0x20000018   0x0000003c   Data   RW          699    .data               nrf_esb.o
    0x20000054   0x00000003   Data   RW         1123    .data               serial.o
    0x20000057   0x0000000a   Data   RW         1200    .data               radio.o
    0x20000061   0x00000001   PAD
    0x20000062   0x00000006   Data   RW         1314    .data               nrf52_adc.o
    0x20000068   0x00000332   Zero   RW          698    .bss                nrf_esb.o
    0x2000039a   0x00000080   Zero   RW         1122    .bss                serial.o
    0x2000041a   0x00000002   PAD
    0x2000041c   0x0000008c   Zero   RW         1197    .bss                radio.o
    0x200004a8   0x00002000   Zero   RW          347    STACK               arm_startup_nrf52.o


==============================================================================

Image component sizes


      Code (inc. data)   RO Data    RW Data    ZI Data      Debug   Object Name

        36          8       1024          0       8192        952   arm_startup_nrf52.o
       162         18          0          0          0       2674   flash.o
      2584        296          0         20          0      83797   main.o
       452         86          0          6          0      30829   nrf52_adc.o
      4196        740          0         60        818      58780   nrf_esb.o
       814         66         24         10        140       7496   radio.o
       120         24          0          3        128       1713   serial.o
       904         98          0          4          0       6619   system_nrf52.o

    ----------------------------------------------------------------------
      9274       1336       1080        104       9280     192860   Object Totals
         0          0         32          0          0          0   (incl. Generated)
         6          0          0          1          2          0   (incl. Padding)

    ----------------------------------------------------------------------

      Code (inc. data)   RO Data    RW Data    ZI Data      Debug   Library Member Name

         0          0          0          0          0          0   entry.o
         0          0          0          0          0          0   entry10a.o
         0          0          0          0          0          0   entry11a.o
         8          4          0          0          0          0   entry2.o
         4          0          0          0          0          0   entry5.o
         0          0          0          0          0          0   entry7b.o
         0          0          0          0          0          0   entry8b.o
         8          4          0          0          0          0   entry9a.o
        30          0          0          0          0          0   handlers.o
        36          8          0          0          0         68   init.o
        36          0          0          0          0         68   memcpya.o
        36          0          0          0          0        108   memseta.o

    ----------------------------------------------------------------------
       158         16          0          0          0        244   Library Totals
         0          0          0          0          0          0   (incl. Padding)

    ----------------------------------------------------------------------

      Code (inc. data)   RO Data    RW Data    ZI Data      Debug   Library Name

       158         16          0          0          0        244   mc_w.l

    ----------------------------------------------------------------------
       158         16          0          0          0        244   Library Totals

    ----------------------------------------------------------------------

==============================================================================


      Code (inc. data)   RO Data    RW Data    ZI Data      Debug   

      9432       1352       1080        104       9280     185356   Grand Totals
      9432       1352       1080        104       9280     185356   ELF Image Totals
      9432       1352       1080        104          0          0   ROM Totals

==============================================================================

    Total RO  Size (Code + RO Data)                10512 (  10.27kB)
    Total RW  Size (RW Data + ZI Data)              9384 (   9.16kB)
    Total ROM Size (Code + RO Data + RW Data)      10616 (  10.37kB)

==============================================================================

